<html>
<body>
<pre>
<h1>µVision Build Log</h1>
<h2>Project:</h2>
C:\Users\Laborbenutzer\Desktop\Labor\Labor3\L3_Uebung3\UebungL33.uvproj
Project File Date:  06/16/2015

<h2>Output:</h2>
Rebuild target 'Target 1'
assembling LPC2300.s...
compiling can_api.c...
can_api.c(312): warning:  #550-D: variable "temp" was set but never used
     uint32_t temp;     
can_api.c: 1 warning, 0 errors
compiling can_rx_tx.c...
linking...
Program Size: Code=5368 RO-data=160 RW-data=56 ZI-data=2072  
".\Objects\UebungL33.axf" - 0 Error(s), 1 Warning(s).
</pre>
</body>
</html>
