Product: MDK-ARM Standard 5.10
Component: ARM Compiler 5.04 update 1 (build 49)
Tool: armlink [5040049]

==============================================================================

Section Cross References

    lpc2300_asm.o(RESET) refers to lpc2300_asm.o(STACK) for Stack_Top
    lpc2300_asm.o(RESET) refers to aufg2.o(aufg2) for start


==============================================================================

Image Symbol Table

    Local Symbols

    Symbol Name                              Value     Ov Type        Size  Object(Section)

    RESET                                    0x00000000   Section      364  lpc2300_asm.o(RESET)
    LPC2300_asm.s                            0x00000000   Number         0  lpc2300_asm.o ABSOLUTE
    aufg2.s                                  0x00000000   Number         0  aufg2.o ABSOLUTE
    Undef_Handler                            0x00000040   ARM Code       4  lpc2300_asm.o(RESET)
    SWI_Handler                              0x00000044   ARM Code       4  lpc2300_asm.o(RESET)
    PAbt_Handler                             0x00000048   ARM Code       4  lpc2300_asm.o(RESET)
    DAbt_Handler                             0x0000004c   ARM Code       4  lpc2300_asm.o(RESET)
    IRQ_Handler                              0x00000050   ARM Code       4  lpc2300_asm.o(RESET)
    FIQ_Handler                              0x00000054   ARM Code       4  lpc2300_asm.o(RESET)
    aufg2                                    0x0000016c   Section       76  aufg2.o(aufg2)
    HEAP                                     0x40000000   Section        0  lpc2300_asm.o(HEAP)
    STACK                                    0x40000000   Section     1288  lpc2300_asm.o(STACK)
    Stack_Top                                0x40000508   Data           0  lpc2300_asm.o(STACK)

    Global Symbols

    Symbol Name                              Value     Ov Type        Size  Object(Section)

    BuildAttributes$$THM_ISAv1$ARM_ISAv4$S$PE$A:L22$X:L11$S22$IEEE1$IW$USESV6$~STKCKD$USESV7$~SHL$OSPACE$EBA8$STANDARDLIB$EABIv2 0x00000000   Number         0  anon$$obj.o ABSOLUTE
    Reset_Handler                            0x00000058   ARM Code       0  lpc2300_asm.o(RESET)
    start                                    0x0000016c   ARM Code       4  aufg2.o(aufg2)



==============================================================================

Memory Map of the image

  Image Entry point : 0x00000000

  Load Region LR_1 (Base: 0x00000000, Size: 0x000001b8, Max: 0xffffffff, ABSOLUTE)

    Execution Region ER_RO (Base: 0x00000000, Size: 0x000001b8, Max: 0xffffffff, ABSOLUTE)

    Base Addr    Size         Type   Attr      Idx    E Section Name        Object

    0x00000000   0x0000016c   Code   RO            3  * RESET               lpc2300_asm.o
    0x0000016c   0x0000004c   Code   RO            8    aufg2               aufg2.o


    Execution Region ER_RW (Base: 0x40000000, Size: 0x00000000, Max: 0xffffffff, ABSOLUTE)

    **** No section assigned to this execution region ****


    Execution Region ER_ZI (Base: 0x40000000, Size: 0x00000508, Max: 0xffffffff, ABSOLUTE)

    Base Addr    Size         Type   Attr      Idx    E Section Name        Object

    0x40000000   0x00000000   Zero   RW            2    HEAP                lpc2300_asm.o
    0x40000000   0x00000508   Zero   RW            1    STACK               lpc2300_asm.o


==============================================================================

Image component sizes


      Code (inc. data)   RO Data    RW Data    ZI Data      Debug   Object Name

        76         12          0          0          0        216   aufg2.o
       364         48          0          0       1288        356   lpc2300_asm.o

    ----------------------------------------------------------------------
       440         60          0          0       1288        572   Object Totals
         0          0          0          0          0          0   (incl. Generated)
         0          0          0          0          0          0   (incl. Padding)

    ----------------------------------------------------------------------
         0          0          0          0          0          0   Library Totals
         0          0          0          0          0          0   (incl. Padding)

    ----------------------------------------------------------------------

==============================================================================


      Code (inc. data)   RO Data    RW Data    ZI Data      Debug   

       440         60          0          0       1288        572   Grand Totals
       440         60          0          0       1288        572   ELF Image Totals
       440         60          0          0          0          0   ROM Totals

==============================================================================

    Total RO  Size (Code + RO Data)                  440 (   0.43kB)
    Total RW  Size (RW Data + ZI Data)              1288 (   1.26kB)
    Total ROM Size (Code + RO Data + RW Data)        440 (   0.43kB)

==============================================================================

