Product: MDK-ARM Standard 5.10
Component: ARM Compiler 5.04 update 1 (build 49)
Tool: armlink [5040049]

==============================================================================

Section Cross References

    init_vic.o(.text) refers to uart_isrs.o(.text) for EXTINT0_Launch_ISR
    lcd_4bit.o(.text) refers to lcd_4bit.o(.constdata) for UserFont
    mytext.o(.data) refers to mytext.o(.conststring) for .conststring
    uart_isrs.o(.text) refers to _printf_percent.o(.ARM.Collect$$_printf_percent$$00000000) for _printf_percent
    uart_isrs.o(.text) refers to _printf_d.o(.ARM.Collect$$_printf_percent$$00000009) for _printf_d
    uart_isrs.o(.text) refers to _printf_dec.o(.text) for _printf_int_dec
    uart_isrs.o(.text) refers to uart_getchar.o(GetChar_UART) for UART_GetChar
    uart_isrs.o(.text) refers to uart_putchar.o(PutChar_UART) for UART_PutChar
    uart_isrs.o(.text) refers to lcd_4bit.o(.text) for lcd_clear
    uart_isrs.o(.text) refers to noretval__2sprintf.o(.text) for __2sprintf
    uart_isrs.o(.text) refers to uart_isrs.o(.data) for U0_rx_sw_buffer_index
    uart_isrs.o(.text) refers to uart_isrs.o(.bss) for UART0_ReceivedBytes
    uart_isrs.o(.text) refers to mytext.o(.data) for MyText
    uart_rx_tx_via_int.o(.text) refers to uart_init.o(UART_asm1) for UART_init
    uart_rx_tx_via_int.o(.text) refers to init_vic.o(.text) for init_VIC
    uart_rx_tx_via_int.o(.text) refers to lcd_4bit.o(.text) for lcd_init
    uart_rx_tx_via_int.o(.text) refers to uart_rx_tx_via_int.o(.data) for PortNum
    uart_rx_tx_via_int.o(.text) refers to uart_isrs.o(.data) for U0_rx_sw_buffer_index
    lpc2300.o(STACK) refers (Special) to heapauxi.o(.text) for __use_two_region_memory
    lpc2300.o(HEAP) refers (Special) to heapauxi.o(.text) for __use_two_region_memory
    lpc2300.o(RESET) refers (Special) to heapauxi.o(.text) for __use_two_region_memory
    lpc2300.o(RESET) refers to lpc2300.o(STACK) for Stack_Top
    lpc2300.o(RESET) refers to __main.o(!!!main) for __main
    lpc2300.o(.text) refers (Special) to heapauxi.o(.text) for __use_two_region_memory
    lpc2300.o(.text) refers to lpc2300.o(HEAP) for Heap_Mem
    lpc2300.o(.text) refers to lpc2300.o(STACK) for Stack_Mem
    __2sprintf.o(.text) refers to _printf_char_common.o(.text) for _printf_char_common
    __2sprintf.o(.text) refers to _sputc.o(.text) for _sputc
    noretval__2sprintf.o(.text) refers to _printf_char_common.o(.text) for _printf_char_common
    noretval__2sprintf.o(.text) refers to _sputc.o(.text) for _sputc
    __printf.o(.text) refers to __printf.o(i.__ARM_common_call_via_r1) for __ARM_common_call_via_r1
    __printf.o(.text) refers to _printf_percent.o(.ARM.Collect$$_printf_percent$$00000000) for _printf_percent
    __printf.o(.text) refers to __printf.o(i.__ARM_common_call_via_r2) for __ARM_common_call_via_r2
    _printf_dec.o(.text) refers to rtudiv10.o(.text) for __rt_udiv10
    _printf_dec.o(.text) refers to _printf_intcommon.o(.text) for _printf_int_common
    __printf_flags.o(.text) refers to __printf.o(i.__ARM_common_call_via_r1) for __ARM_common_call_via_r1
    __printf_flags.o(.text) refers to _printf_percent.o(.ARM.Collect$$_printf_percent$$00000000) for _printf_percent
    __printf_flags.o(.text) refers to __printf.o(i.__ARM_common_call_via_r2) for __ARM_common_call_via_r2
    __printf_flags.o(.text) refers to __printf_flags.o(.constdata) for .constdata
    __printf_ss.o(.text) refers to __printf.o(i.__ARM_common_call_via_r1) for __ARM_common_call_via_r1
    __printf_ss.o(.text) refers to _printf_percent.o(.ARM.Collect$$_printf_percent$$00000000) for _printf_percent
    __printf_ss.o(.text) refers to __printf.o(i.__ARM_common_call_via_r2) for __ARM_common_call_via_r2
    __printf_flags_ss.o(.text) refers to __printf.o(i.__ARM_common_call_via_r1) for __ARM_common_call_via_r1
    __printf_flags_ss.o(.text) refers to _printf_percent.o(.ARM.Collect$$_printf_percent$$00000000) for _printf_percent
    __printf_flags_ss.o(.text) refers to __printf.o(i.__ARM_common_call_via_r2) for __ARM_common_call_via_r2
    __printf_flags_ss.o(.text) refers to __printf_flags_ss.o(.constdata) for .constdata
    __printf_wp.o(.text) refers to __printf.o(i.__ARM_common_call_via_r1) for __ARM_common_call_via_r1
    __printf_wp.o(.text) refers to __printf_wp.o(i._is_digit) for _is_digit
    __printf_wp.o(.text) refers to _printf_percent.o(.ARM.Collect$$_printf_percent$$00000000) for _printf_percent
    __printf_wp.o(.text) refers to __printf.o(i.__ARM_common_call_via_r2) for __ARM_common_call_via_r2
    __printf_flags_wp.o(.text) refers to __printf.o(i.__ARM_common_call_via_r1) for __ARM_common_call_via_r1
    __printf_flags_wp.o(.text) refers to __printf_wp.o(i._is_digit) for _is_digit
    __printf_flags_wp.o(.text) refers to _printf_percent.o(.ARM.Collect$$_printf_percent$$00000000) for _printf_percent
    __printf_flags_wp.o(.text) refers to __printf.o(i.__ARM_common_call_via_r2) for __ARM_common_call_via_r2
    __printf_flags_wp.o(.text) refers to __printf_flags_wp.o(.constdata) for .constdata
    __printf_ss_wp.o(.text) refers to __printf.o(i.__ARM_common_call_via_r1) for __ARM_common_call_via_r1
    __printf_ss_wp.o(.text) refers to __printf_wp.o(i._is_digit) for _is_digit
    __printf_ss_wp.o(.text) refers to _printf_percent.o(.ARM.Collect$$_printf_percent$$00000000) for _printf_percent
    __printf_ss_wp.o(.text) refers to __printf.o(i.__ARM_common_call_via_r2) for __ARM_common_call_via_r2
    __printf_flags_ss_wp.o(.text) refers to __printf.o(i.__ARM_common_call_via_r1) for __ARM_common_call_via_r1
    __printf_flags_ss_wp.o(.text) refers to __printf_wp.o(i._is_digit) for _is_digit
    __printf_flags_ss_wp.o(.text) refers to _printf_percent.o(.ARM.Collect$$_printf_percent$$00000000) for _printf_percent
    __printf_flags_ss_wp.o(.text) refers to __printf.o(i.__ARM_common_call_via_r2) for __ARM_common_call_via_r2
    __printf_flags_ss_wp.o(.text) refers to __printf_flags_ss_wp.o(.constdata) for .constdata
    _printf_d.o(.ARM.Collect$$_printf_percent$$00000009) refers (Weak) to _printf_dec.o(.text) for _printf_int_dec
    _printf_percent.o(.ARM.Collect$$_printf_percent$$00000000) refers (Special) to _printf_percent_end.o(.ARM.Collect$$_printf_percent$$00000017) for _printf_percent_end
    __main.o(!!!main) refers to rtentry.o(.ARM.Collect$$rtentry$$00000000) for __rt_entry
    rtentry.o(.ARM.Collect$$rtentry$$00000000) refers (Special) to rtentry2.o(.ARM.Collect$$rtentry$$0000000A) for __rt_entry_li
    rtentry.o(.ARM.Collect$$rtentry$$00000000) refers (Special) to rtentry2.o(.ARM.Collect$$rtentry$$0000000D) for __rt_entry_main
    rtentry.o(.ARM.Collect$$rtentry$$00000000) refers (Special) to rtentry2.o(.ARM.Collect$$rtentry$$0000000C) for __rt_entry_postli_1
    rtentry.o(.ARM.Collect$$rtentry$$00000000) refers (Special) to rtentry2.o(.ARM.Collect$$rtentry$$00000009) for __rt_entry_postsh_1
    rtentry.o(.ARM.Collect$$rtentry$$00000000) refers (Special) to rtentry2.o(.ARM.Collect$$rtentry$$00000002) for __rt_entry_presh_1
    rtentry.o(.ARM.Collect$$rtentry$$00000000) refers (Special) to rtentry4.o(.ARM.Collect$$rtentry$$00000004) for __rt_entry_sh
    _printf_intcommon.o(.text) refers to __printf.o(i.__ARM_common_call_via_r2) for __ARM_common_call_via_r2
    _printf_char_common.o(.text) refers to __printf.o(.text) for __printf
    rtentry2.o(.ARM.Collect$$rtentry$$00000008) refers to boardinit2.o(.text) for _platform_post_stackheap_init
    rtentry2.o(.ARM.Collect$$rtentry$$0000000A) refers to libinit.o(.ARM.Collect$$libinit$$00000000) for __rt_lib_init
    rtentry2.o(.ARM.Collect$$rtentry$$0000000B) refers to boardinit3.o(.text) for _platform_post_lib_init
    rtentry2.o(.ARM.Collect$$rtentry$$0000000D) refers to exit.o(.text) for exit
    rtentry2.o(.ARM.Collect$$rtentry$$0000000D) refers to uart_rx_tx_via_int.o(.text) for main
    rtentry2.o(.ARM.exidx) refers to rtentry2.o(.ARM.Collect$$rtentry$$00000001) for .ARM.Collect$$rtentry$$00000001
    rtentry2.o(.ARM.exidx) refers to rtentry2.o(.ARM.Collect$$rtentry$$00000008) for .ARM.Collect$$rtentry$$00000008
    rtentry2.o(.ARM.exidx) refers to rtentry2.o(.ARM.Collect$$rtentry$$0000000A) for .ARM.Collect$$rtentry$$0000000A
    rtentry2.o(.ARM.exidx) refers to rtentry2.o(.ARM.Collect$$rtentry$$0000000B) for .ARM.Collect$$rtentry$$0000000B
    rtentry2.o(.ARM.exidx) refers to rtentry2.o(.ARM.Collect$$rtentry$$0000000D) for .ARM.Collect$$rtentry$$0000000D
    rtentry4.o(.ARM.Collect$$rtentry$$00000004) refers to sys_stackheap_outer.o(.text) for __user_setup_stackheap
    rtentry4.o(.ARM.exidx) refers to rtentry4.o(.ARM.Collect$$rtentry$$00000004) for .ARM.Collect$$rtentry$$00000004
    __printf_nopercent.o(.text) refers to __printf_nopercent.o(i.__ARM_common_call_via_r7) for __ARM_common_call_via_r7
    __printf_nopercent.o(.text) refers to __printf_nopercent.o(i.__ARM_common_call_via_r5) for __ARM_common_call_via_r5
    sys_stackheap_outer.o(.text) refers to libspace.o(.text) for __user_perproc_libspace
    sys_stackheap_outer.o(.text) refers to lpc2300.o(.text) for __user_initial_stackheap
    exit.o(.text) refers to rtexit.o(.ARM.Collect$$rtexit$$00000000) for __rt_exit
    libinit.o(.ARM.Collect$$libinit$$00000000) refers (Special) to libinit2.o(.ARM.Collect$$libinit$$0000002C) for __rt_lib_init_alloca_1
    libinit.o(.ARM.Collect$$libinit$$00000000) refers (Special) to libinit2.o(.ARM.Collect$$libinit$$0000002A) for __rt_lib_init_argv_1
    libinit.o(.ARM.Collect$$libinit$$00000000) refers (Special) to libinit2.o(.ARM.Collect$$libinit$$00000019) for __rt_lib_init_atexit_1
    libinit.o(.ARM.Collect$$libinit$$00000000) refers (Special) to libinit2.o(.ARM.Collect$$libinit$$0000001F) for __rt_lib_init_clock_1
    libinit.o(.ARM.Collect$$libinit$$00000000) refers (Special) to libinit2.o(.ARM.Collect$$libinit$$00000030) for __rt_lib_init_cpp_1
    libinit.o(.ARM.Collect$$libinit$$00000000) refers (Special) to libinit2.o(.ARM.Collect$$libinit$$0000002E) for __rt_lib_init_exceptions_1
    libinit.o(.ARM.Collect$$libinit$$00000000) refers (Special) to libinit2.o(.ARM.Collect$$libinit$$00000002) for __rt_lib_init_fp_1
    libinit.o(.ARM.Collect$$libinit$$00000000) refers (Special) to libinit2.o(.ARM.Collect$$libinit$$0000001D) for __rt_lib_init_fp_trap_1
    libinit.o(.ARM.Collect$$libinit$$00000000) refers (Special) to libinit2.o(.ARM.Collect$$libinit$$00000021) for __rt_lib_init_getenv_1
    libinit.o(.ARM.Collect$$libinit$$00000000) refers (Special) to libinit2.o(.ARM.Collect$$libinit$$00000008) for __rt_lib_init_heap_1
    libinit.o(.ARM.Collect$$libinit$$00000000) refers (Special) to libinit2.o(.ARM.Collect$$libinit$$0000000F) for __rt_lib_init_lc_collate_1
    libinit.o(.ARM.Collect$$libinit$$00000000) refers (Special) to libinit2.o(.ARM.Collect$$libinit$$00000011) for __rt_lib_init_lc_ctype_1
    libinit.o(.ARM.Collect$$libinit$$00000000) refers (Special) to libinit2.o(.ARM.Collect$$libinit$$00000013) for __rt_lib_init_lc_monetary_1
    libinit.o(.ARM.Collect$$libinit$$00000000) refers (Special) to libinit2.o(.ARM.Collect$$libinit$$00000015) for __rt_lib_init_lc_numeric_1
    libinit.o(.ARM.Collect$$libinit$$00000000) refers (Special) to libinit2.o(.ARM.Collect$$libinit$$00000017) for __rt_lib_init_lc_time_1
    libinit.o(.ARM.Collect$$libinit$$00000000) refers (Special) to libinit2.o(.ARM.Collect$$libinit$$0000000C) for __rt_lib_init_rand_1
    libinit.o(.ARM.Collect$$libinit$$00000000) refers (Special) to libinit2.o(.ARM.Collect$$libinit$$00000031) for __rt_lib_init_return
    libinit.o(.ARM.Collect$$libinit$$00000000) refers (Special) to libinit2.o(.ARM.Collect$$libinit$$0000001B) for __rt_lib_init_signal_1
    libinit.o(.ARM.Collect$$libinit$$00000000) refers (Special) to libinit2.o(.ARM.Collect$$libinit$$00000023) for __rt_lib_init_stdio_1
    libinit.o(.ARM.Collect$$libinit$$00000000) refers (Special) to libinit2.o(.ARM.Collect$$libinit$$0000000A) for __rt_lib_init_user_alloc_1
    libspace.o(.text) refers to libspace.o(.bss) for __libspace_start
    rtexit.o(.ARM.Collect$$rtexit$$00000000) refers (Special) to rtexit2.o(.ARM.Collect$$rtexit$$00000004) for __rt_exit_exit
    rtexit.o(.ARM.Collect$$rtexit$$00000000) refers (Special) to rtexit2.o(.ARM.Collect$$rtexit$$00000003) for __rt_exit_ls
    rtexit.o(.ARM.Collect$$rtexit$$00000000) refers (Special) to rtexit2.o(.ARM.Collect$$rtexit$$00000002) for __rt_exit_prels_1
    rtexit.o(.ARM.exidx) refers (Special) to rtexit2.o(.ARM.Collect$$rtexit$$00000004) for __rt_exit_exit
    rtexit.o(.ARM.exidx) refers (Special) to rtexit2.o(.ARM.Collect$$rtexit$$00000003) for __rt_exit_ls
    rtexit.o(.ARM.exidx) refers (Special) to rtexit2.o(.ARM.Collect$$rtexit$$00000002) for __rt_exit_prels_1
    rtexit.o(.ARM.exidx) refers to rtexit.o(.ARM.Collect$$rtexit$$00000000) for .ARM.Collect$$rtexit$$00000000
    libinit2.o(.ARM.Collect$$libinit$$00000001) refers to fpinit.o(x$fpl$fpinit) for _fp_init
    libinit2.o(.ARM.Collect$$libinit$$0000000E) refers to libinit2.o(.ARM.Collect$$libinit$$0000000D) for .ARM.Collect$$libinit$$0000000D
    libinit2.o(.ARM.Collect$$libinit$$00000010) refers to libinit2.o(.ARM.Collect$$libinit$$0000000D) for .ARM.Collect$$libinit$$0000000D
    libinit2.o(.ARM.Collect$$libinit$$00000012) refers to libinit2.o(.ARM.Collect$$libinit$$0000000D) for .ARM.Collect$$libinit$$0000000D
    libinit2.o(.ARM.Collect$$libinit$$00000014) refers to libinit2.o(.ARM.Collect$$libinit$$0000000D) for .ARM.Collect$$libinit$$0000000D
    libinit2.o(.ARM.Collect$$libinit$$00000016) refers to libinit2.o(.ARM.Collect$$libinit$$0000000D) for .ARM.Collect$$libinit$$0000000D
    libinit2.o(.ARM.Collect$$libinit$$00000024) refers to argv_veneer.o(.emb_text) for __ARM_argv_veneer
    libinit2.o(.ARM.Collect$$libinit$$00000025) refers to argv_veneer.o(.emb_text) for __ARM_argv_veneer
    rtexit2.o(.ARM.Collect$$rtexit$$00000003) refers to libshutdown.o(.ARM.Collect$$libshutdown$$00000000) for __rt_lib_shutdown
    rtexit2.o(.ARM.Collect$$rtexit$$00000004) refers to sys_exit.o(.text) for _sys_exit
    rtexit2.o(.ARM.exidx) refers to rtexit2.o(.ARM.Collect$$rtexit$$00000001) for .ARM.Collect$$rtexit$$00000001
    rtexit2.o(.ARM.exidx) refers to rtexit2.o(.ARM.Collect$$rtexit$$00000003) for .ARM.Collect$$rtexit$$00000003
    rtexit2.o(.ARM.exidx) refers to rtexit2.o(.ARM.Collect$$rtexit$$00000004) for .ARM.Collect$$rtexit$$00000004
    argv_veneer.o(.emb_text) refers to no_argv.o(.text) for __ARM_get_argv
    sys_exit.o(.text) refers (Special) to use_no_semi.o(.text) for __I$use$semihosting
    sys_exit.o(.text) refers (Special) to indicate_semi.o(.text) for __semihosting_library_function
    _get_argv_nomalloc.o(.text) refers (Special) to hrguard.o(.text) for __heap_region$guard
    _get_argv_nomalloc.o(.text) refers to defsig_rtmem_outer.o(.text) for __rt_SIGRTMEM
    _get_argv_nomalloc.o(.text) refers to sys_command.o(.text) for _sys_command_string
    libshutdown.o(.ARM.Collect$$libshutdown$$00000000) refers (Special) to libshutdown2.o(.ARM.Collect$$libshutdown$$00000006) for __rt_lib_shutdown_fp_trap_1
    libshutdown.o(.ARM.Collect$$libshutdown$$00000000) refers (Special) to libshutdown2.o(.ARM.Collect$$libshutdown$$0000000E) for __rt_lib_shutdown_heap_1
    libshutdown.o(.ARM.Collect$$libshutdown$$00000000) refers (Special) to libshutdown2.o(.ARM.Collect$$libshutdown$$0000000F) for __rt_lib_shutdown_return
    libshutdown.o(.ARM.Collect$$libshutdown$$00000000) refers (Special) to libshutdown2.o(.ARM.Collect$$libshutdown$$00000009) for __rt_lib_shutdown_signal_1
    libshutdown.o(.ARM.Collect$$libshutdown$$00000000) refers (Special) to libshutdown2.o(.ARM.Collect$$libshutdown$$00000003) for __rt_lib_shutdown_stdio_1
    libshutdown.o(.ARM.Collect$$libshutdown$$00000000) refers (Special) to libshutdown2.o(.ARM.Collect$$libshutdown$$0000000B) for __rt_lib_shutdown_user_alloc_1
    sys_command.o(.text) refers (Special) to use_no_semi.o(.text) for __I$use$semihosting
    sys_command.o(.text) refers (Special) to indicate_semi.o(.text) for __semihosting_library_function
    defsig_rtmem_outer.o(.text) refers to defsig_rtmem_inner.o(.text) for __rt_SIGRTMEM_inner
    defsig_rtmem_outer.o(.text) refers to defsig_exit.o(.text) for __sig_exit
    defsig_rtmem_formal.o(.text) refers to rt_raise.o(.text) for __rt_raise
    rt_raise.o(.text) refers to __raise.o(.text) for __raise
    rt_raise.o(.text) refers to sys_exit.o(.text) for _sys_exit
    defsig_exit.o(.text) refers to sys_exit.o(.text) for _sys_exit
    defsig_rtmem_inner.o(.text) refers to defsig_general.o(.text) for __default_signal_display
    __raise.o(.text) refers to __printf.o(i.__ARM_common_call_via_r2) for __ARM_common_call_via_r2
    __raise.o(.text) refers to defsig.o(CL$$defsig) for __default_signal_handler
    defsig_general.o(.text) refers to sys_wrch.o(.text) for _ttywrch
    sys_wrch.o(.text) refers (Special) to use_no_semi.o(.text) for __I$use$semihosting
    sys_wrch.o(.text) refers (Special) to indicate_semi.o(.text) for __semihosting_library_function
    defsig.o(CL$$defsig) refers to defsig_rtmem_inner.o(.text) for __rt_SIGRTMEM_inner
    defsig_abrt_inner.o(.text) refers to defsig_general.o(.text) for __default_signal_display
    defsig_fpe_inner.o(.text) refers to defsig_general.o(.text) for __default_signal_display
    defsig_rtred_inner.o(.text) refers to defsig_general.o(.text) for __default_signal_display
    defsig_stak_inner.o(.text) refers to defsig_general.o(.text) for __default_signal_display
    defsig_pvfn_inner.o(.text) refers to defsig_general.o(.text) for __default_signal_display
    defsig_cppl_inner.o(.text) refers to defsig_general.o(.text) for __default_signal_display
    defsig_segv_inner.o(.text) refers to defsig_general.o(.text) for __default_signal_display
    defsig_other.o(.text) refers to defsig_general.o(.text) for __default_signal_display


==============================================================================

Removing Unused input sections from the image.

    Removing init_vic.o(.data), (4 bytes).

1 unused section(s) (total 4 bytes) removed from the image.

==============================================================================

Adding Veneers to the image

    Adding TA veneer (4 bytes, Inline) for call to '_printf_percent' from __printf.o(.text).
    Adding AT veneer (8 bytes, Inline) for call to '__rt_lib_init' from rtentry2.o(.ARM.Collect$$rtentry$$0000000A).
    Adding AT veneer (8 bytes, Inline) for call to '__rt_lib_shutdown' from rtexit2.o(.ARM.Collect$$rtexit$$00000003).
    Adding TA veneer (4 bytes, Inline) for call to '__rt_exit' from exit.o(.text).
    Adding AT veneer (8 bytes, Inline) for call to '__2sprintf' from uart_isrs.o(.text).
    Adding AT veneer (8 bytes, Inline) for call to '_printf_int_dec' from _printf_d.o(.ARM.Collect$$_printf_percent$$00000009).
    Adding TA veneer (4 bytes, Inline) for call to '__rt_udiv10' from _printf_dec.o(.text).
    Adding AT veneer (8 bytes, Inline) for call to '_sys_exit' from rtexit2.o(.ARM.Collect$$rtexit$$00000004).

8 Veneer(s) (total 52 bytes) added to the image.

==============================================================================

Image Symbol Table

    Local Symbols

    Symbol Name                              Value     Ov Type        Size  Object(Section)

    RESET                                    0x00000000   Section      376  lpc2300.o(RESET)
    ../clib/angel/boardlib.s                 0x00000000   Number         0  boardshut.o ABSOLUTE
    ../clib/angel/boardlib.s                 0x00000000   Number         0  boardinit1.o ABSOLUTE
    ../clib/angel/boardlib.s                 0x00000000   Number         0  boardinit2.o ABSOLUTE
    ../clib/angel/boardlib.s                 0x00000000   Number         0  boardinit3.o ABSOLUTE
    ../clib/angel/handlers.s                 0x00000000   Number         0  __scatter_zi.o ABSOLUTE
    ../clib/angel/handlers.s                 0x00000000   Number         0  __scatter_copy.o ABSOLUTE
    ../clib/angel/kernel.s                   0x00000000   Number         0  rtexit.o ABSOLUTE
    ../clib/angel/kernel.s                   0x00000000   Number         0  rtexit2.o ABSOLUTE
    ../clib/angel/kernel.s                   0x00000000   Number         0  rtentry.o ABSOLUTE
    ../clib/angel/kernel.s                   0x00000000   Number         0  rtentry4.o ABSOLUTE
    ../clib/angel/kernel.s                   0x00000000   Number         0  rtentry2.o ABSOLUTE
    ../clib/angel/rt.s                       0x00000000   Number         0  rt_raise.o ABSOLUTE
    ../clib/angel/scatter.s                  0x00000000   Number         0  __scatter.o ABSOLUTE
    ../clib/angel/startup.s                  0x00000000   Number         0  __main.o ABSOLUTE
    ../clib/angel/sys.s                      0x00000000   Number         0  libspace.o ABSOLUTE
    ../clib/angel/sys.s                      0x00000000   Number         0  indicate_semi.o ABSOLUTE
    ../clib/angel/sys.s                      0x00000000   Number         0  sys_stackheap_outer.o ABSOLUTE
    ../clib/angel/sys.s                      0x00000000   Number         0  use_no_semi.o ABSOLUTE
    ../clib/angel/sysapp.c                   0x00000000   Number         0  sys_wrch.o ABSOLUTE
    ../clib/angel/sysapp.c                   0x00000000   Number         0  sys_command.o ABSOLUTE
    ../clib/angel/sysapp.c                   0x00000000   Number         0  sys_exit.o ABSOLUTE
    ../clib/armsys.c                         0x00000000   Number         0  argv_veneer.o ABSOLUTE
    ../clib/armsys.c                         0x00000000   Number         0  _get_argv_nomalloc.o ABSOLUTE
    ../clib/armsys.c                         0x00000000   Number         0  argv_veneer.o ABSOLUTE
    ../clib/armsys.c                         0x00000000   Number         0  no_argv.o ABSOLUTE
    ../clib/division.s                       0x00000000   Number         0  rtudiv10.o ABSOLUTE
    ../clib/heapalloc.c                      0x00000000   Number         0  hrguard.o ABSOLUTE
    ../clib/heapaux.c                        0x00000000   Number         0  heapauxi.o ABSOLUTE
    ../clib/libinit.s                        0x00000000   Number         0  libshutdown.o ABSOLUTE
    ../clib/libinit.s                        0x00000000   Number         0  libshutdown2.o ABSOLUTE
    ../clib/libinit.s                        0x00000000   Number         0  libinit.o ABSOLUTE
    ../clib/libinit.s                        0x00000000   Number         0  libinit2.o ABSOLUTE
    ../clib/printf.c                         0x00000000   Number         0  __printf_nopercent.o ABSOLUTE
    ../clib/printf.c                         0x00000000   Number         0  _printf_intcommon.o ABSOLUTE
    ../clib/printf.c                         0x00000000   Number         0  _printf_char_common.o ABSOLUTE
    ../clib/printf.c                         0x00000000   Number         0  __2sprintf.o ABSOLUTE
    ../clib/printf.c                         0x00000000   Number         0  noretval__2sprintf.o ABSOLUTE
    ../clib/printf.c                         0x00000000   Number         0  __printf.o ABSOLUTE
    ../clib/printf.c                         0x00000000   Number         0  _printf_dec.o ABSOLUTE
    ../clib/printf.c                         0x00000000   Number         0  _sputc.o ABSOLUTE
    ../clib/printf.c                         0x00000000   Number         0  __printf_flags.o ABSOLUTE
    ../clib/printf.c                         0x00000000   Number         0  __printf_ss.o ABSOLUTE
    ../clib/printf.c                         0x00000000   Number         0  __printf_flags_ss.o ABSOLUTE
    ../clib/printf.c                         0x00000000   Number         0  __printf_wp.o ABSOLUTE
    ../clib/printf.c                         0x00000000   Number         0  __printf_flags_wp.o ABSOLUTE
    ../clib/printf.c                         0x00000000   Number         0  __printf_ss_wp.o ABSOLUTE
    ../clib/printf.c                         0x00000000   Number         0  __printf_flags_ss_wp.o ABSOLUTE
    ../clib/printf_percent.s                 0x00000000   Number         0  _printf_percent_end.o ABSOLUTE
    ../clib/printf_percent.s                 0x00000000   Number         0  _printf_percent.o ABSOLUTE
    ../clib/printf_percent.s                 0x00000000   Number         0  _printf_d.o ABSOLUTE
    ../clib/signal.c                         0x00000000   Number         0  defsig_rtmem_formal.o ABSOLUTE
    ../clib/signal.c                         0x00000000   Number         0  __raise.o ABSOLUTE
    ../clib/signal.c                         0x00000000   Number         0  defsig_other.o ABSOLUTE
    ../clib/signal.c                         0x00000000   Number         0  defsig_pvfn_inner.o ABSOLUTE
    ../clib/signal.c                         0x00000000   Number         0  defsig_cppl_inner.o ABSOLUTE
    ../clib/signal.c                         0x00000000   Number         0  defsig_segv_inner.o ABSOLUTE
    ../clib/signal.c                         0x00000000   Number         0  defsig_rtmem_inner.o ABSOLUTE
    ../clib/signal.c                         0x00000000   Number         0  defsig_stak_inner.o ABSOLUTE
    ../clib/signal.c                         0x00000000   Number         0  defsig_rtred_inner.o ABSOLUTE
    ../clib/signal.c                         0x00000000   Number         0  defsig_fpe_inner.o ABSOLUTE
    ../clib/signal.c                         0x00000000   Number         0  defsig_abrt_inner.o ABSOLUTE
    ../clib/signal.c                         0x00000000   Number         0  defsig_general.o ABSOLUTE
    ../clib/signal.c                         0x00000000   Number         0  defsig_rtmem_outer.o ABSOLUTE
    ../clib/signal.c                         0x00000000   Number         0  defsig_exit.o ABSOLUTE
    ../clib/signal.s                         0x00000000   Number         0  defsig.o ABSOLUTE
    ../clib/stdlib.c                         0x00000000   Number         0  exit.o ABSOLUTE
    ../fplib/fpinit.s                        0x00000000   Number         0  fpinit.o ABSOLUTE
    LCD_4bit.c                               0x00000000   Number         0  lcd_4bit.o ABSOLUTE
    LPC2300.s                                0x00000000   Number         0  lpc2300.o ABSOLUTE
    MyText.c                                 0x00000000   Number         0  mytext.o ABSOLUTE
    UART_GetChar.s                           0x00000000   Number         0  uart_getchar.o ABSOLUTE
    UART_ISRs.c                              0x00000000   Number         0  uart_isrs.o ABSOLUTE
    UART_PutChar.s                           0x00000000   Number         0  uart_putchar.o ABSOLUTE
    UART_RX_TX_via_INT.c                     0x00000000   Number         0  uart_rx_tx_via_int.o ABSOLUTE
    UART_init.s                              0x00000000   Number         0  uart_init.o ABSOLUTE
    dc.s                                     0x00000000   Number         0  dc.o ABSOLUTE
    init_VIC.c                               0x00000000   Number         0  init_vic.o ABSOLUTE
    Undef_Handler                            0x00000040   ARM Code       4  lpc2300.o(RESET)
    SWI_Handler                              0x00000044   ARM Code       4  lpc2300.o(RESET)
    PAbt_Handler                             0x00000048   ARM Code       4  lpc2300.o(RESET)
    DAbt_Handler                             0x0000004c   ARM Code       4  lpc2300.o(RESET)
    IRQ_Handler                              0x00000050   ARM Code       4  lpc2300.o(RESET)
    FIQ_Handler                              0x00000054   ARM Code       4  lpc2300.o(RESET)
    !!!main                                  0x00000178   Section        8  __main.o(!!!main)
    !!!scatter                               0x00000180   Section       60  __scatter.o(!!!scatter)
    !!handler_copy                           0x000001bc   Section       40  __scatter_copy.o(!!handler_copy)
    !!handler_zi                             0x000001e4   Section       44  __scatter_zi.o(!!handler_zi)
    .ARM.Collect$$_printf_percent$$00000000  0x00000214   Section        0  _printf_percent.o(.ARM.Collect$$_printf_percent$$00000000)
    .ARM.Collect$$_printf_percent$$00000009  0x00000214   Section        8  _printf_d.o(.ARM.Collect$$_printf_percent$$00000009)
    .ARM.Collect$$_printf_percent$$00000017  0x0000021c   Section        8  _printf_percent_end.o(.ARM.Collect$$_printf_percent$$00000017)
    .ARM.Collect$$libinit$$00000000          0x0000022c   Section        2  libinit.o(.ARM.Collect$$libinit$$00000000)
    .ARM.Collect$$libinit$$00000002          0x0000022e   Section        0  libinit2.o(.ARM.Collect$$libinit$$00000002)
    .ARM.Collect$$libinit$$00000008          0x0000022e   Section        0  libinit2.o(.ARM.Collect$$libinit$$00000008)
    .ARM.Collect$$libinit$$0000000A          0x0000022e   Section        0  libinit2.o(.ARM.Collect$$libinit$$0000000A)
    .ARM.Collect$$libinit$$0000000C          0x0000022e   Section        0  libinit2.o(.ARM.Collect$$libinit$$0000000C)
    .ARM.Collect$$libinit$$0000000F          0x0000022e   Section        0  libinit2.o(.ARM.Collect$$libinit$$0000000F)
    .ARM.Collect$$libinit$$00000011          0x0000022e   Section        0  libinit2.o(.ARM.Collect$$libinit$$00000011)
    .ARM.Collect$$libinit$$00000013          0x0000022e   Section        0  libinit2.o(.ARM.Collect$$libinit$$00000013)
    .ARM.Collect$$libinit$$00000015          0x0000022e   Section        0  libinit2.o(.ARM.Collect$$libinit$$00000015)
    .ARM.Collect$$libinit$$00000017          0x0000022e   Section        0  libinit2.o(.ARM.Collect$$libinit$$00000017)
    .ARM.Collect$$libinit$$00000019          0x0000022e   Section        0  libinit2.o(.ARM.Collect$$libinit$$00000019)
    .ARM.Collect$$libinit$$0000001B          0x0000022e   Section        0  libinit2.o(.ARM.Collect$$libinit$$0000001B)
    .ARM.Collect$$libinit$$0000001D          0x0000022e   Section        0  libinit2.o(.ARM.Collect$$libinit$$0000001D)
    .ARM.Collect$$libinit$$0000001F          0x0000022e   Section        0  libinit2.o(.ARM.Collect$$libinit$$0000001F)
    .ARM.Collect$$libinit$$00000021          0x0000022e   Section        0  libinit2.o(.ARM.Collect$$libinit$$00000021)
    .ARM.Collect$$libinit$$00000023          0x0000022e   Section        0  libinit2.o(.ARM.Collect$$libinit$$00000023)
    .ARM.Collect$$libinit$$0000002A          0x0000022e   Section        0  libinit2.o(.ARM.Collect$$libinit$$0000002A)
    .ARM.Collect$$libinit$$0000002C          0x0000022e   Section        0  libinit2.o(.ARM.Collect$$libinit$$0000002C)
    .ARM.Collect$$libinit$$0000002E          0x0000022e   Section        0  libinit2.o(.ARM.Collect$$libinit$$0000002E)
    .ARM.Collect$$libinit$$00000030          0x0000022e   Section        0  libinit2.o(.ARM.Collect$$libinit$$00000030)
    .ARM.Collect$$libinit$$00000031          0x0000022e   Section       12  libinit2.o(.ARM.Collect$$libinit$$00000031)
    .ARM.Collect$$libshutdown$$00000000      0x00000244   Section        4  libshutdown.o(.ARM.Collect$$libshutdown$$00000000)
    .ARM.Collect$$libshutdown$$00000003      0x00000248   Section        0  libshutdown2.o(.ARM.Collect$$libshutdown$$00000003)
    .ARM.Collect$$libshutdown$$00000006      0x00000248   Section        0  libshutdown2.o(.ARM.Collect$$libshutdown$$00000006)
    .ARM.Collect$$libshutdown$$00000009      0x00000248   Section        0  libshutdown2.o(.ARM.Collect$$libshutdown$$00000009)
    .ARM.Collect$$libshutdown$$0000000B      0x00000248   Section        0  libshutdown2.o(.ARM.Collect$$libshutdown$$0000000B)
    .ARM.Collect$$libshutdown$$0000000E      0x00000248   Section        0  libshutdown2.o(.ARM.Collect$$libshutdown$$0000000E)
    .ARM.Collect$$libshutdown$$0000000F      0x00000248   Section        6  libshutdown2.o(.ARM.Collect$$libshutdown$$0000000F)
    .ARM.Collect$$rtentry$$00000000          0x00000250   Section        0  rtentry.o(.ARM.Collect$$rtentry$$00000000)
    .ARM.Collect$$rtentry$$00000002          0x00000250   Section        0  rtentry2.o(.ARM.Collect$$rtentry$$00000002)
    .ARM.Collect$$rtentry$$00000004          0x00000250   Section        8  rtentry4.o(.ARM.Collect$$rtentry$$00000004)
    .ARM.Collect$$rtentry$$00000009          0x00000258   Section        0  rtentry2.o(.ARM.Collect$$rtentry$$00000009)
    .ARM.Collect$$rtentry$$0000000A          0x00000258   Section        4  rtentry2.o(.ARM.Collect$$rtentry$$0000000A)
    .ARM.Collect$$rtentry$$0000000C          0x0000025c   Section        0  rtentry2.o(.ARM.Collect$$rtentry$$0000000C)
    .ARM.Collect$$rtentry$$0000000D          0x0000025c   Section       40  rtentry2.o(.ARM.Collect$$rtentry$$0000000D)
    .ARM.Collect$$rtexit$$00000000           0x00000288   Section        4  rtexit.o(.ARM.Collect$$rtexit$$00000000)
    .ARM.Collect$$rtexit$$00000002           0x0000028c   Section        0  rtexit2.o(.ARM.Collect$$rtexit$$00000002)
    .ARM.Collect$$rtexit$$00000003           0x0000028c   Section        4  rtexit2.o(.ARM.Collect$$rtexit$$00000003)
    .ARM.Collect$$rtexit$$00000004           0x00000290   Section        8  rtexit2.o(.ARM.Collect$$rtexit$$00000004)
    .text                                    0x00000298   Section        0  init_vic.o(.text)
    .text                                    0x00000380   Section        0  lcd_4bit.o(.text)
    delay                                    0x00000380   ARM Code      24  lcd_4bit.o(.text)
    lcd_read_status                          0x00000398   ARM Code     188  lcd_4bit.o(.text)
    wait_while_busy                          0x00000454   ARM Code      32  lcd_4bit.o(.text)
    lcd_write_data                           0x000004f8   ARM Code      48  lcd_4bit.o(.text)
    .text                                    0x0000067c   Section        0  uart_isrs.o(.text)
    .text                                    0x00000f58   Section        0  uart_rx_tx_via_int.o(.text)
    .text                                    0x0000106c   Section       32  lpc2300.o(.text)
    .text                                    0x00001094   Section        0  noretval__2sprintf.o(.text)
    .text                                    0x000010bc   Section        0  __printf.o(.text)
    .text                                    0x0000113c   Section        0  _printf_dec.o(.text)
    .text                                    0x000011ac   Section        0  heapauxi.o(.text)
    .text                                    0x000011b2   Section        0  _printf_intcommon.o(.text)
    .text                                    0x0000126c   Section        0  _printf_char_common.o(.text)
    _printf_input_char                       0x0000126d   Thumb Code    10  _printf_char_common.o(.text)
    .text                                    0x0000129c   Section        0  _sputc.o(.text)
    .text                                    0x000012ac   Section       44  rtudiv10.o(.text)
    .text                                    0x000012d8   Section       96  sys_stackheap_outer.o(.text)
    .text                                    0x00001338   Section        0  exit.o(.text)
    .text                                    0x00001344   Section       12  libspace.o(.text)
    .text                                    0x00001358   Section        0  sys_exit.o(.text)
    .text                                    0x00001364   Section        4  use_no_semi.o(.text)
    .text                                    0x00001368   Section        0  indicate_semi.o(.text)
    GetChar_UART                             0x00001368   Section       40  uart_getchar.o(GetChar_UART)
    PutChar_UART                             0x00001390   Section       84  uart_putchar.o(PutChar_UART)
    UART_asm1                                0x000013e4   Section      232  uart_init.o(UART_asm1)
    i.__ARM_common_call_via_r1               0x000014cc   Section        0  __printf.o(i.__ARM_common_call_via_r1)
    i.__ARM_common_call_via_r2               0x000014ce   Section        0  __printf.o(i.__ARM_common_call_via_r2)
    .constdata                               0x000014d0   Section       64  lcd_4bit.o(.constdata)
    .conststring                             0x00001510   Section       63  mytext.o(.conststring)
    .data                                    0x40000000   Section        4  mytext.o(.data)
    .data                                    0x40000004   Section      100  uart_isrs.o(.data)
    LCD_Output_String                        0x40000054   Data           4  uart_isrs.o(.data)
    MaxNumberChar                            0x40000058   Data           4  uart_isrs.o(.data)
    CharCounter                              0x4000005c   Data           4  uart_isrs.o(.data)
    LastTurnCharNumber                       0x40000060   Data           4  uart_isrs.o(.data)
    LCD_Out_MaxTurns                         0x40000064   Data           4  uart_isrs.o(.data)
    .data                                    0x40000068   Section       28  uart_rx_tx_via_int.o(.data)
    .bss                                     0x40000084   Section      256  uart_isrs.o(.bss)
    .bss                                     0x40000184   Section       96  libspace.o(.bss)
    HEAP                                     0x400001e8   Section        0  lpc2300.o(HEAP)
    STACK                                    0x400001e8   Section     1288  lpc2300.o(STACK)
    Heap_Mem                                 0x400001e8   Data           0  lpc2300.o(HEAP)
    Stack_Mem                                0x400001e8   Data        1024  lpc2300.o(STACK)
    Stack_Top                                0x400006f0   Data           0  lpc2300.o(STACK)

    Global Symbols

    Symbol Name                              Value     Ov Type        Size  Object(Section)

    BuildAttributes$$THM_ISAv1$ARM_ISAv4$S$PE$A:L22$X:L11$S22$IEEE1$IW$USESV6$~STKCKD$USESV7$~SHL$OSPACE$ROPI$EBA8$UX$STANDARDLIB$REQ8$EABIv2 0x00000000   Number         0  anon$$obj.o ABSOLUTE
    __ARM_use_no_argv                        0x00000000   Number         0  uart_rx_tx_via_int.o ABSOLUTE
    __ARM_exceptions_init                     - Undefined Weak Reference
    __alloca_initialize                       - Undefined Weak Reference
    __cpp_initialize__aeabi_                  - Undefined Weak Reference
    __cxa_finalize                            - Undefined Weak Reference
    __rt_locale                               - Undefined Weak Reference
    __sigvec_lookup                           - Undefined Weak Reference
    _atexit_init                              - Undefined Weak Reference
    _call_atexit_fns                          - Undefined Weak Reference
    _clock_init                               - Undefined Weak Reference
    _fp_trap_init                             - Undefined Weak Reference
    _fp_trap_shutdown                         - Undefined Weak Reference
    _get_lc_collate                           - Undefined Weak Reference
    _get_lc_ctype                             - Undefined Weak Reference
    _get_lc_monetary                          - Undefined Weak Reference
    _get_lc_numeric                           - Undefined Weak Reference
    _get_lc_time                              - Undefined Weak Reference
    _getenv_init                              - Undefined Weak Reference
    _handle_redirection                       - Undefined Weak Reference
    _init_alloc                               - Undefined Weak Reference
    _init_user_alloc                          - Undefined Weak Reference
    _initio                                   - Undefined Weak Reference
    _printf_post_padding                      - Undefined Weak Reference
    _printf_pre_padding                       - Undefined Weak Reference
    _printf_truncate_signed                   - Undefined Weak Reference
    _printf_truncate_unsigned                 - Undefined Weak Reference
    _rand_init                                - Undefined Weak Reference
    _signal_finish                            - Undefined Weak Reference
    _signal_init                              - Undefined Weak Reference
    _terminate_alloc                          - Undefined Weak Reference
    _terminate_user_alloc                     - Undefined Weak Reference
    _terminateio                              - Undefined Weak Reference
    Reset_Handler                            0x00000058   ARM Code       0  lpc2300.o(RESET)
    __main                                   0x00000178   ARM Code       8  __main.o(!!!main)
    __scatterload                            0x00000180   ARM Code       0  __scatter.o(!!!scatter)
    __scatterload_rt2                        0x00000180   ARM Code      52  __scatter.o(!!!scatter)
    __scatterload_null                       0x00000194   ARM Code       0  __scatter.o(!!!scatter)
    __scatterload_copy                       0x000001bc   ARM Code      40  __scatter_copy.o(!!handler_copy)
    __scatterload_zeroinit                   0x000001e4   ARM Code      44  __scatter_zi.o(!!handler_zi)
    Inline Thumb to ARM Veneer to _printf_percent 0x00000211   Thumb Code     4  _printf_percent.o(.ARM.Collect$$_printf_percent$$00000000)
    _printf_d                                0x00000214   ARM Code       0  _printf_d.o(.ARM.Collect$$_printf_percent$$00000009)
    _printf_percent                          0x00000214   ARM Code       0  _printf_percent.o(.ARM.Collect$$_printf_percent$$00000000)
    _printf_percent_end                      0x0000021c   ARM Code       0  _printf_percent_end.o(.ARM.Collect$$_printf_percent$$00000017)
    Inline ARM to Thumb Veneer to __rt_lib_init 0x00000224   ARM Code       8  libinit.o(.ARM.Collect$$libinit$$00000000)
    __rt_lib_init                            0x0000022d   Thumb Code     0  libinit.o(.ARM.Collect$$libinit$$00000000)
    __rt_lib_init_alloca_1                   0x0000022f   Thumb Code     0  libinit2.o(.ARM.Collect$$libinit$$0000002C)
    __rt_lib_init_argv_1                     0x0000022f   Thumb Code     0  libinit2.o(.ARM.Collect$$libinit$$0000002A)
    __rt_lib_init_atexit_1                   0x0000022f   Thumb Code     0  libinit2.o(.ARM.Collect$$libinit$$00000019)
    __rt_lib_init_clock_1                    0x0000022f   Thumb Code     0  libinit2.o(.ARM.Collect$$libinit$$0000001F)
    __rt_lib_init_cpp_1                      0x0000022f   Thumb Code     0  libinit2.o(.ARM.Collect$$libinit$$00000030)
    __rt_lib_init_exceptions_1               0x0000022f   Thumb Code     0  libinit2.o(.ARM.Collect$$libinit$$0000002E)
    __rt_lib_init_fp_1                       0x0000022f   Thumb Code     0  libinit2.o(.ARM.Collect$$libinit$$00000002)
    __rt_lib_init_fp_trap_1                  0x0000022f   Thumb Code     0  libinit2.o(.ARM.Collect$$libinit$$0000001D)
    __rt_lib_init_getenv_1                   0x0000022f   Thumb Code     0  libinit2.o(.ARM.Collect$$libinit$$00000021)
    __rt_lib_init_heap_1                     0x0000022f   Thumb Code     0  libinit2.o(.ARM.Collect$$libinit$$00000008)
    __rt_lib_init_lc_collate_1               0x0000022f   Thumb Code     0  libinit2.o(.ARM.Collect$$libinit$$0000000F)
    __rt_lib_init_lc_ctype_1                 0x0000022f   Thumb Code     0  libinit2.o(.ARM.Collect$$libinit$$00000011)
    __rt_lib_init_lc_monetary_1              0x0000022f   Thumb Code     0  libinit2.o(.ARM.Collect$$libinit$$00000013)
    __rt_lib_init_lc_numeric_1               0x0000022f   Thumb Code     0  libinit2.o(.ARM.Collect$$libinit$$00000015)
    __rt_lib_init_lc_time_1                  0x0000022f   Thumb Code     0  libinit2.o(.ARM.Collect$$libinit$$00000017)
    __rt_lib_init_rand_1                     0x0000022f   Thumb Code     0  libinit2.o(.ARM.Collect$$libinit$$0000000C)
    __rt_lib_init_return                     0x0000022f   Thumb Code     0  libinit2.o(.ARM.Collect$$libinit$$00000031)
    __rt_lib_init_signal_1                   0x0000022f   Thumb Code     0  libinit2.o(.ARM.Collect$$libinit$$0000001B)
    __rt_lib_init_stdio_1                    0x0000022f   Thumb Code     0  libinit2.o(.ARM.Collect$$libinit$$00000023)
    __rt_lib_init_user_alloc_1               0x0000022f   Thumb Code     0  libinit2.o(.ARM.Collect$$libinit$$0000000A)
    Inline ARM to Thumb Veneer to __rt_lib_shutdown 0x0000023c   ARM Code       8  libshutdown.o(.ARM.Collect$$libshutdown$$00000000)
    __rt_lib_shutdown                        0x00000245   Thumb Code     0  libshutdown.o(.ARM.Collect$$libshutdown$$00000000)
    __rt_lib_shutdown_fp_trap_1              0x00000249   Thumb Code     0  libshutdown2.o(.ARM.Collect$$libshutdown$$00000006)
    __rt_lib_shutdown_heap_1                 0x00000249   Thumb Code     0  libshutdown2.o(.ARM.Collect$$libshutdown$$0000000E)
    __rt_lib_shutdown_return                 0x00000249   Thumb Code     0  libshutdown2.o(.ARM.Collect$$libshutdown$$0000000F)
    __rt_lib_shutdown_signal_1               0x00000249   Thumb Code     0  libshutdown2.o(.ARM.Collect$$libshutdown$$00000009)
    __rt_lib_shutdown_stdio_1                0x00000249   Thumb Code     0  libshutdown2.o(.ARM.Collect$$libshutdown$$00000003)
    __rt_lib_shutdown_user_alloc_1           0x00000249   Thumb Code     0  libshutdown2.o(.ARM.Collect$$libshutdown$$0000000B)
    __rt_entry                               0x00000250   ARM Code       0  rtentry.o(.ARM.Collect$$rtentry$$00000000)
    __rt_entry_presh_1                       0x00000250   ARM Code       0  rtentry2.o(.ARM.Collect$$rtentry$$00000002)
    __rt_entry_sh                            0x00000250   ARM Code       0  rtentry4.o(.ARM.Collect$$rtentry$$00000004)
    __rt_entry_li                            0x00000258   ARM Code       0  rtentry2.o(.ARM.Collect$$rtentry$$0000000A)
    __rt_entry_postsh_1                      0x00000258   ARM Code       0  rtentry2.o(.ARM.Collect$$rtentry$$00000009)
    __rt_entry_main                          0x0000025c   ARM Code       0  rtentry2.o(.ARM.Collect$$rtentry$$0000000D)
    __rt_entry_postli_1                      0x0000025c   ARM Code       0  rtentry2.o(.ARM.Collect$$rtentry$$0000000C)
    Inline Thumb to ARM Veneer to __rt_exit  0x00000285   Thumb Code     4  rtexit.o(.ARM.Collect$$rtexit$$00000000)
    __rt_exit                                0x00000288   ARM Code       0  rtexit.o(.ARM.Collect$$rtexit$$00000000)
    __rt_exit_ls                             0x0000028c   ARM Code       0  rtexit2.o(.ARM.Collect$$rtexit$$00000003)
    __rt_exit_prels_1                        0x0000028c   ARM Code       0  rtexit2.o(.ARM.Collect$$rtexit$$00000002)
    __rt_exit_exit                           0x00000290   ARM Code       0  rtexit2.o(.ARM.Collect$$rtexit$$00000004)
    init_VIC                                 0x00000298   ARM Code     104  init_vic.o(.text)
    init_ext_int0                            0x00000300   ARM Code      60  init_vic.o(.text)
    init_Timer0_for_UART                     0x0000033c   ARM Code      40  init_vic.o(.text)
    lcd_write_4bit                           0x00000474   ARM Code      84  lcd_4bit.o(.text)
    lcd_write_cmd                            0x000004c8   ARM Code      48  lcd_4bit.o(.text)
    lcd_putchar                              0x00000528   ARM Code      24  lcd_4bit.o(.text)
    lcd_init                                 0x00000540   ARM Code     176  lcd_4bit.o(.text)
    set_cursor                               0x000005f0   ARM Code      52  lcd_4bit.o(.text)
    lcd_clear                                0x00000624   ARM Code      32  lcd_4bit.o(.text)
    lcd_print                                0x00000644   ARM Code      40  lcd_4bit.o(.text)
    UART0_ISR                                0x0000067c   ARM Code     572  uart_isrs.o(.text)
    UART1_ISR                                0x000008b8   ARM Code     548  uart_isrs.o(.text)
    UART_Start_SendString                    0x00000adc   ARM Code     260  uart_isrs.o(.text)
    EXTINT0_Launch_ISR                       0x00000be0   ARM Code     120  uart_isrs.o(.text)
    Timer0_for_UART_LCD_ISR                  0x00000c58   ARM Code     608  uart_isrs.o(.text)
    main                                     0x00000f58   ARM Code     204  uart_rx_tx_via_int.o(.text)
    __user_initial_stackheap                 0x0000106c   ARM Code       0  lpc2300.o(.text)
    Inline ARM to Thumb Veneer to __2sprintf 0x0000108c   ARM Code       8  noretval__2sprintf.o(.text)
    __2sprintf                               0x00001095   Thumb Code    36  noretval__2sprintf.o(.text)
    __printf                                 0x000010bd   Thumb Code   118  __printf.o(.text)
    Inline ARM to Thumb Veneer to _printf_int_dec 0x00001134   ARM Code       8  _printf_dec.o(.text)
    _printf_int_dec                          0x0000113d   Thumb Code    94  _printf_dec.o(.text)
    __use_two_region_memory                  0x000011ad   Thumb Code     2  heapauxi.o(.text)
    __rt_heap_escrow$2region                 0x000011af   Thumb Code     2  heapauxi.o(.text)
    __rt_heap_expand$2region                 0x000011b1   Thumb Code     2  heapauxi.o(.text)
    _printf_int_common                       0x000011b3   Thumb Code   186  _printf_intcommon.o(.text)
    _printf_char_common                      0x00001277   Thumb Code    34  _printf_char_common.o(.text)
    _sputc                                   0x0000129d   Thumb Code    10  _sputc.o(.text)
    Inline Thumb to ARM Veneer to __rt_udiv10 0x000012a9   Thumb Code     4  rtudiv10.o(.text)
    __rt_udiv10                              0x000012ac   ARM Code      44  rtudiv10.o(.text)
    __user_setup_stackheap                   0x000012d8   ARM Code      96  sys_stackheap_outer.o(.text)
    exit                                     0x00001339   Thumb Code    12  exit.o(.text)
    __user_libspace                          0x00001344   ARM Code      12  libspace.o(.text)
    __user_perproc_libspace                  0x00001344   ARM Code       0  libspace.o(.text)
    __user_perthread_libspace                0x00001344   ARM Code       0  libspace.o(.text)
    Inline ARM to Thumb Veneer to _sys_exit  0x00001350   ARM Code       8  sys_exit.o(.text)
    _sys_exit                                0x00001359   Thumb Code     8  sys_exit.o(.text)
    __I$use$semihosting                      0x00001364   ARM Code       0  use_no_semi.o(.text)
    __use_no_semihosting_swi                 0x00001364   ARM Code       4  use_no_semi.o(.text)
    UART_GetChar                             0x00001368   ARM Code       0  uart_getchar.o(GetChar_UART)
    __semihosting_library_function           0x00001368   ARM Code       0  indicate_semi.o(.text)
    UART_PutChar                             0x00001390   ARM Code       0  uart_putchar.o(PutChar_UART)
    UART_init                                0x000013e4   ARM Code       0  uart_init.o(UART_asm1)
    __ARM_common_call_via_r1                 0x000014cd   Thumb Code     2  __printf.o(i.__ARM_common_call_via_r1)
    __ARM_common_call_via_r2                 0x000014cf   Thumb Code     2  __printf.o(i.__ARM_common_call_via_r2)
    UserFont                                 0x000014d0   Data          64  lcd_4bit.o(.constdata)
    Region$$Table$$Base                      0x00001550   Number         0  anon$$obj.o(Region$$Table)
    Region$$Table$$Limit                     0x00001570   Number         0  anon$$obj.o(Region$$Table)
    MyText                                   0x40000000   Data           4  mytext.o(.data)
    U0_TX_Running                            0x40000004   Data           4  uart_isrs.o(.data)
    U1_TX_Running                            0x40000008   Data           4  uart_isrs.o(.data)
    U0_rx_sw_buffer_index                    0x4000000c   Data           4  uart_isrs.o(.data)
    U1_rx_sw_buffer_index                    0x40000010   Data           4  uart_isrs.o(.data)
    U0_tx_sw_buffer_index                    0x40000014   Data           4  uart_isrs.o(.data)
    U1_tx_sw_buffer_index                    0x40000018   Data           4  uart_isrs.o(.data)
    U0_TX_NumberOfChar                       0x4000001c   Data           4  uart_isrs.o(.data)
    U1_TX_NumberOfChar                       0x40000020   Data           4  uart_isrs.o(.data)
    U0_RX_NumberOfChar                       0x40000024   Data           4  uart_isrs.o(.data)
    U1_RX_NumberOfChar                       0x40000028   Data           4  uart_isrs.o(.data)
    LCD_UART0_ReceivedBytes                  0x4000002c   Data           4  uart_isrs.o(.data)
    LCD_UART1_ReceivedBytes                  0x40000030   Data           4  uart_isrs.o(.data)
    LCD_Out_Turn                             0x40000034   Data           4  uart_isrs.o(.data)
    AutoBaud_U0DLL                           0x40000038   Data           4  uart_isrs.o(.data)
    AutoBaud_U0DLM                           0x4000003c   Data           4  uart_isrs.o(.data)
    AutoBaud_U1DLL                           0x40000040   Data           4  uart_isrs.o(.data)
    AutoBaud_U1DLM                           0x40000044   Data           4  uart_isrs.o(.data)
    Selected_TX_UART_PORT                    0x40000048   Data           4  uart_isrs.o(.data)
    Selected_RX_UART_PORT                    0x4000004c   Data           4  uart_isrs.o(.data)
    UART_TX_String                           0x40000050   Data           4  uart_isrs.o(.data)
    MyChar                                   0x40000068   Data           1  uart_rx_tx_via_int.o(.data)
    PortNum                                  0x4000006c   Data           4  uart_rx_tx_via_int.o(.data)
    UDL                                      0x40000070   Data           4  uart_rx_tx_via_int.o(.data)
    UART_mode                                0x40000074   Data           4  uart_rx_tx_via_int.o(.data)
    FIFO_mode                                0x40000078   Data           4  uart_rx_tx_via_int.o(.data)
    IntEnableValue                           0x4000007c   Data           4  uart_rx_tx_via_int.o(.data)
    Temp                                     0x40000080   Data           4  uart_rx_tx_via_int.o(.data)
    UART0_ReceivedBytes                      0x40000084   Data         128  uart_isrs.o(.bss)
    UART1_ReceivedBytes                      0x40000104   Data         128  uart_isrs.o(.bss)
    __libspace_start                         0x40000184   Data          96  libspace.o(.bss)
    __temporary_stack_top$libspace           0x400001e4   Data           0  libspace.o(.bss)



==============================================================================

Memory Map of the image

  Image Entry point : 0x00000178

  Load Region LR_IROM1 (Base: 0x00000000, Size: 0x000015f4, Max: 0x00080000, ABSOLUTE)

    Execution Region ER_IROM1 (Base: 0x00000000, Size: 0x00001570, Max: 0x00080000, ABSOLUTE)

    Base Addr    Size         Type   Attr      Idx    E Section Name        Object

    0x00000000   0x00000178   Code   RO          102    RESET               lpc2300.o
    0x00000178   0x00000008   Code   RO          146  * !!!main             c_t.l(__main.o)
    0x00000180   0x0000003c   Code   RO          315    !!!scatter          c_t.l(__scatter.o)
    0x000001bc   0x00000028   Code   RO          317    !!handler_copy      c_t.l(__scatter_copy.o)
    0x000001e4   0x0000002c   Code   RO          319    !!handler_zi        c_t.l(__scatter_zi.o)
    0x00000210   0x00000004   Ven    RO          143    .ARM.Collect$$_printf_percent$$00000000  c_t.l(_printf_percent.o)
    0x00000214   0x00000000   Code   RO          143    .ARM.Collect$$_printf_percent$$00000000  c_t.l(_printf_percent.o)
    0x00000214   0x00000008   Code   RO          142    .ARM.Collect$$_printf_percent$$00000009  c_t.l(_printf_d.o)
    0x0000021c   0x00000008   Code   RO          155    .ARM.Collect$$_printf_percent$$00000017  c_t.l(_printf_percent_end.o)
    0x00000224   0x00000008   Ven    RO          188    .ARM.Collect$$libinit$$00000000  c_t.l(libinit.o)
    0x0000022c   0x00000002   Code   RO          188    .ARM.Collect$$libinit$$00000000  c_t.l(libinit.o)
    0x0000022e   0x00000000   Code   RO          195    .ARM.Collect$$libinit$$00000002  c_t.l(libinit2.o)
    0x0000022e   0x00000000   Code   RO          198    .ARM.Collect$$libinit$$00000008  c_t.l(libinit2.o)
    0x0000022e   0x00000000   Code   RO          200    .ARM.Collect$$libinit$$0000000A  c_t.l(libinit2.o)
    0x0000022e   0x00000000   Code   RO          202    .ARM.Collect$$libinit$$0000000C  c_t.l(libinit2.o)
    0x0000022e   0x00000000   Code   RO          205    .ARM.Collect$$libinit$$0000000F  c_t.l(libinit2.o)
    0x0000022e   0x00000000   Code   RO          207    .ARM.Collect$$libinit$$00000011  c_t.l(libinit2.o)
    0x0000022e   0x00000000   Code   RO          209    .ARM.Collect$$libinit$$00000013  c_t.l(libinit2.o)
    0x0000022e   0x00000000   Code   RO          211    .ARM.Collect$$libinit$$00000015  c_t.l(libinit2.o)
    0x0000022e   0x00000000   Code   RO          213    .ARM.Collect$$libinit$$00000017  c_t.l(libinit2.o)
    0x0000022e   0x00000000   Code   RO          215    .ARM.Collect$$libinit$$00000019  c_t.l(libinit2.o)
    0x0000022e   0x00000000   Code   RO          217    .ARM.Collect$$libinit$$0000001B  c_t.l(libinit2.o)
    0x0000022e   0x00000000   Code   RO          219    .ARM.Collect$$libinit$$0000001D  c_t.l(libinit2.o)
    0x0000022e   0x00000000   Code   RO          221    .ARM.Collect$$libinit$$0000001F  c_t.l(libinit2.o)
    0x0000022e   0x00000000   Code   RO          223    .ARM.Collect$$libinit$$00000021  c_t.l(libinit2.o)
    0x0000022e   0x00000000   Code   RO          225    .ARM.Collect$$libinit$$00000023  c_t.l(libinit2.o)
    0x0000022e   0x00000000   Code   RO          229    .ARM.Collect$$libinit$$0000002A  c_t.l(libinit2.o)
    0x0000022e   0x00000000   Code   RO          231    .ARM.Collect$$libinit$$0000002C  c_t.l(libinit2.o)
    0x0000022e   0x00000000   Code   RO          233    .ARM.Collect$$libinit$$0000002E  c_t.l(libinit2.o)
    0x0000022e   0x00000000   Code   RO          235    .ARM.Collect$$libinit$$00000030  c_t.l(libinit2.o)
    0x0000022e   0x0000000c   Code   RO          236    .ARM.Collect$$libinit$$00000031  c_t.l(libinit2.o)
    0x0000023a   0x00000002   PAD
    0x0000023c   0x00000008   Ven    RO          256    .ARM.Collect$$libshutdown$$00000000  c_t.l(libshutdown.o)
    0x00000244   0x00000004   Code   RO          256    .ARM.Collect$$libshutdown$$00000000  c_t.l(libshutdown.o)
    0x00000248   0x00000000   Code   RO          270    .ARM.Collect$$libshutdown$$00000003  c_t.l(libshutdown2.o)
    0x00000248   0x00000000   Code   RO          273    .ARM.Collect$$libshutdown$$00000006  c_t.l(libshutdown2.o)
    0x00000248   0x00000000   Code   RO          276    .ARM.Collect$$libshutdown$$00000009  c_t.l(libshutdown2.o)
    0x00000248   0x00000000   Code   RO          278    .ARM.Collect$$libshutdown$$0000000B  c_t.l(libshutdown2.o)
    0x00000248   0x00000000   Code   RO          281    .ARM.Collect$$libshutdown$$0000000E  c_t.l(libshutdown2.o)
    0x00000248   0x00000006   Code   RO          282    .ARM.Collect$$libshutdown$$0000000F  c_t.l(libshutdown2.o)
    0x0000024e   0x00000002   PAD
    0x00000250   0x00000000   Code   RO          148    .ARM.Collect$$rtentry$$00000000  c_t.l(rtentry.o)
    0x00000250   0x00000000   Code   RO          159    .ARM.Collect$$rtentry$$00000002  c_t.l(rtentry2.o)
    0x00000250   0x00000008   Code   RO          171    .ARM.Collect$$rtentry$$00000004  c_t.l(rtentry4.o)
    0x00000258   0x00000000   Code   RO          161    .ARM.Collect$$rtentry$$00000009  c_t.l(rtentry2.o)
    0x00000258   0x00000004   Code   RO          162    .ARM.Collect$$rtentry$$0000000A  c_t.l(rtentry2.o)
    0x0000025c   0x00000000   Code   RO          164    .ARM.Collect$$rtentry$$0000000C  c_t.l(rtentry2.o)
    0x0000025c   0x00000028   Code   RO          165    .ARM.Collect$$rtentry$$0000000D  c_t.l(rtentry2.o)
    0x00000284   0x00000004   Ven    RO          192    .ARM.Collect$$rtexit$$00000000  c_t.l(rtexit.o)
    0x00000288   0x00000004   Code   RO          192    .ARM.Collect$$rtexit$$00000000  c_t.l(rtexit.o)
    0x0000028c   0x00000000   Code   RO          238    .ARM.Collect$$rtexit$$00000002  c_t.l(rtexit2.o)
    0x0000028c   0x00000004   Code   RO          239    .ARM.Collect$$rtexit$$00000003  c_t.l(rtexit2.o)
    0x00000290   0x00000008   Code   RO          240    .ARM.Collect$$rtexit$$00000004  c_t.l(rtexit2.o)
    0x00000298   0x000000e8   Code   RO            1    .text               init_vic.o
    0x00000380   0x000002fc   Code   RO           21    .text               lcd_4bit.o
    0x0000067c   0x000008dc   Code   RO           51    .text               uart_isrs.o
    0x00000f58   0x00000114   Code   RO           78    .text               uart_rx_tx_via_int.o
    0x0000106c   0x00000020   Code   RO          103    .text               lpc2300.o
    0x0000108c   0x00000008   Ven    RO          112    .text               c_t.l(noretval__2sprintf.o)
    0x00001094   0x00000028   Code   RO          112    .text               c_t.l(noretval__2sprintf.o)
    0x000010bc   0x00000076   Code   RO          114    .text               c_t.l(__printf.o)
    0x00001132   0x00000002   PAD
    0x00001134   0x00000008   Ven    RO          120    .text               c_t.l(_printf_dec.o)
    0x0000113c   0x00000070   Code   RO          120    .text               c_t.l(_printf_dec.o)
    0x000011ac   0x00000006   Code   RO          144    .text               c_t.l(heapauxi.o)
    0x000011b2   0x000000ba   Code   RO          149    .text               c_t.l(_printf_intcommon.o)
    0x0000126c   0x00000030   Code   RO          151    .text               c_t.l(_printf_char_common.o)
    0x0000129c   0x0000000a   Code   RO          153    .text               c_t.l(_sputc.o)
    0x000012a6   0x00000002   PAD
    0x000012a8   0x00000004   Ven    RO          156    .text               c_t.l(rtudiv10.o)
    0x000012ac   0x0000002c   Code   RO          156    .text               c_t.l(rtudiv10.o)
    0x000012d8   0x00000060   Code   RO          179    .text               c_t.l(sys_stackheap_outer.o)
    0x00001338   0x0000000c   Code   RO          181    .text               c_t.l(exit.o)
    0x00001344   0x0000000c   Code   RO          189    .text               c_t.l(libspace.o)
    0x00001350   0x00000008   Ven    RO          248    .text               c_t.l(sys_exit.o)
    0x00001358   0x0000000c   Code   RO          248    .text               c_t.l(sys_exit.o)
    0x00001364   0x00000004   Code   RO          259    .text               c_t.l(use_no_semi.o)
    0x00001368   0x00000000   Code   RO          261    .text               c_t.l(indicate_semi.o)
    0x00001368   0x00000028   Code   RO           97    GetChar_UART        uart_getchar.o
    0x00001390   0x00000054   Code   RO           75    PutChar_UART        uart_putchar.o
    0x000013e4   0x000000e8   Code   RO           47    UART_asm1           uart_init.o
    0x000014cc   0x00000002   Code   RO          118    i.__ARM_common_call_via_r1  c_t.l(__printf.o)
    0x000014ce   0x00000002   Code   RO          116    i.__ARM_common_call_via_r2  c_t.l(__printf.o)
    0x000014d0   0x00000040   Data   RO           22    .constdata          lcd_4bit.o
    0x00001510   0x0000003f   Data   RO           39    .conststring        mytext.o
    0x0000154f   0x00000001   PAD
    0x00001550   0x00000020   Data   RO          313    Region$$Table       anon$$obj.o


    Execution Region RW_IRAM1 (Base: 0x40000000, Size: 0x000006f0, Max: 0x00008000, ABSOLUTE)

    Base Addr    Size         Type   Attr      Idx    E Section Name        Object

    0x40000000   0x00000004   Data   RW           40    .data               mytext.o
    0x40000004   0x00000064   Data   RW           53    .data               uart_isrs.o
    0x40000068   0x0000001c   Data   RW           79    .data               uart_rx_tx_via_int.o
    0x40000084   0x00000100   Zero   RW           52    .bss                uart_isrs.o
    0x40000184   0x00000060   Zero   RW          190    .bss                c_t.l(libspace.o)
    0x400001e4   0x00000004   PAD
    0x400001e8   0x00000000   Zero   RW          101    HEAP                lpc2300.o
    0x400001e8   0x00000508   Zero   RW          100    STACK               lpc2300.o


==============================================================================

Image component sizes


      Code (inc. data)   RO Data    RW Data    ZI Data      Debug   Object Name

       232         28          0          0          0       2090   init_vic.o
       764         16         64          0          0       3422   lcd_4bit.o
       408         64          0          0       1288        544   lpc2300.o
         0          0         63          4          0        201   mytext.o
        40          8          0          0          0        232   uart_getchar.o
       232         40          0          0          0        296   uart_init.o
      2268        160          0        100        256       4330   uart_isrs.o
        84         16          0          0          0        240   uart_putchar.o
       276         72          0         28          0        904   uart_rx_tx_via_int.o

    ----------------------------------------------------------------------
      4304        404        160        132       1544      12259   Object Totals
         0          0         32          0          0          0   (incl. Generated)
         0          0          1          0          0          0   (incl. Padding)

    ----------------------------------------------------------------------

      Code (inc. data)   RO Data    RW Data    ZI Data      Debug   Library Member Name

         8          0          0          0          0         68   __main.o
       122          0          0          0          0        208   __printf.o
        60          8          0          0          0          0   __scatter.o
        40          0          0          0          0          0   __scatter_copy.o
        44          0          0          0          0          0   __scatter_zi.o
        48          4          0          0          0         96   _printf_char_common.o
         8          0          0          0          0          0   _printf_d.o
       120         18          0          0          0         88   _printf_dec.o
       186          0          0          0          0         96   _printf_intcommon.o
         4          0          0          0          0          0   _printf_percent.o
         8          0          0          0          0          0   _printf_percent_end.o
        10          0          0          0          0         60   _sputc.o
        12          0          0          0          0         64   exit.o
         6          0          0          0          0        136   heapauxi.o
         0          0          0          0          0          0   indicate_semi.o
        10          0          0          0          0          0   libinit.o
        12          0          0          0          0          0   libinit2.o
        12          0          0          0          0          0   libshutdown.o
         6          0          0          0          0          0   libshutdown2.o
        12          4          0          0         96         68   libspace.o
        48          4          0          0          0         84   noretval__2sprintf.o
         0          0          0          0          0          0   rtentry.o
        44          4          0          0          0          0   rtentry2.o
         8          0          0          0          0          0   rtentry4.o
         8          0          0          0          0          0   rtexit.o
        12          0          0          0          0          0   rtexit2.o
        48          0          0          0          0         68   rtudiv10.o
        20          4          0          0          0         60   sys_exit.o
        96          0          0          0          0         80   sys_stackheap_outer.o
         4          0          0          0          0         68   use_no_semi.o

    ----------------------------------------------------------------------
      1024         46          0          0        100       1244   Library Totals
         8          0          0          0          4          0   (incl. Padding)

    ----------------------------------------------------------------------

      Code (inc. data)   RO Data    RW Data    ZI Data      Debug   Library Name

      1016         46          0          0         96       1244   c_t.l

    ----------------------------------------------------------------------
      1024         46          0          0        100       1244   Library Totals

    ----------------------------------------------------------------------

==============================================================================


      Code (inc. data)   RO Data    RW Data    ZI Data      Debug   

      5328        450        160        132       1644      12955   Grand Totals
      5328        450        160        132       1644      12955   ELF Image Totals
      5328        450        160        132          0          0   ROM Totals

==============================================================================

    Total RO  Size (Code + RO Data)                 5488 (   5.36kB)
    Total RW  Size (RW Data + ZI Data)              1776 (   1.73kB)
    Total ROM Size (Code + RO Data + RW Data)       5620 (   5.49kB)

==============================================================================

