<html>
<body>
<pre>
<h1>µVision Build Log</h1>
<h2>Tool Versions:</h2>
IDE-Version: µVision V5.14.0.0
Copyright (C) 2015 ARM Ltd and ARM Germany GmbH. All rights reserved.
License Information: Sujan Vamathevan, HS-Mannheim, LIC=----
 
Tool Versions:
Toolchain:       MDK-Lite  Version: 5.14.0.0
Toolchain Path:  C:\Program Files (x86)\Keil_v5\ARM\ARMCC\Bin
C Compiler:      Armcc.exe V5.05 update 1 (build 106)
Assembler:       Armasm.exe V5.05 update 1 (build 106)
Linker/Locator:  ArmLink.exe V5.05 update 1 (build 106)
Library Manager: ArmAr.exe V5.05 update 1 (build 106)
Hex Converter:   FromElf.exe V5.05 update 1 (build 106)
CPU DLL:         SARM.DLL V5.14.0.0
Dialog DLL:      DARMP.DLL V1.51
Target DLL:      UL2ARM.DLL V1.74.5.0
Dialog DLL:      TARMP.DLL V1.51
 
<h2>Project:</h2>
D:\Users\su\Google Drive\Studium\_EMB\Labor\Labor1\zAufgabe\Aufg7.uvproj
Project File Date:  05/20/2015

<h2>Output:</h2>
Rebuild target 'Target 1'
assembling LPC2300.s...
compiling aufg7.c...
compiling LCD_4bit.c...
linking...
Program Size: Code=1244 RO-data=32 RW-data=12 ZI-data=1388  
".\Objects\Aufg7.axf" - 0 Error(s), 0 Warning(s).
</pre>
</body>
</html>
