<html>
<body>
<pre>
<h1>µVision Build Log</h1>
<h2>Project:</h2>
C:\Users\Laborbenutzer\Desktop\Labor\Labor1\Uebung6\Uebung6.uvproj
Project File Date:  05/20/2015

<h2>Output:</h2>
Rebuild target 'Target 1'
assembling LPC2300.s...
compiling aufg6.c...
linking...
Program Size: Code=1272 RO-data=32 RW-data=4 ZI-data=1388  
".\Uebung6.axf" - 0 Error(s), 0 Warning(s).
Load "C:\\Users\\Laborbenutzer\\Desktop\\Labor\\Labor1\\Uebung6\\Uebung6.axf" 
Erase Done.
Programming Done.
Verify OK.
Application running ...
</pre>
</body>
</html>
