<html>
<body>
<pre>
<h1>µVision Build Log</h1>
<h2>Project:</h2>
F:\Labor\Labor2\Uebung5\UebungL25.uvproj
Project File Date:  06/10/2015

<h2>Output:</h2>
Rebuild target 'Target 1'
compiling init_VIC_b.c...
compiling LCD_4bit.c...
assembling LPC2300.s...
compiling MyText.c...
compiling Timer3_ISR.c...
assembling UART_init.s...
compiling UART_ISRs_b.c...
assembling UART_PutChar.s...
compiling UART_via_INT_AutoBaud.c...
assembling UART_GetChar.s...
linking...
Program Size: Code=5604 RO-data=160 RW-data=160 ZI-data=1640  
".\UebungL25.axf" - 0 Error(s), 0 Warning(s).
Load "F:\\Labor\\Labor2\\Uebung5\\UebungL25.axf" 
Erase Done.
Programming Done.
Verify OK.
Application running ...
</pre>
</body>
</html>
