<html>
<body>
<pre>
<h1>µVision Build Log</h1>
<h2>Tool Versions:</h2>
IDE-Version: µVision V5.14.0.0
Copyright (C) 2015 ARM Ltd and ARM Germany GmbH. All rights reserved.
License Information: Sujan Vamathevan, HS-Mannheim, LIC=----
 
Tool Versions:
Toolchain:       MDK-Lite  Version: 5.14.0.0
Toolchain Path:  C:\Program Files (x86)\Keil_v5\ARM\ARMCC\Bin
C Compiler:      Armcc.exe V5.05 update 1 (build 106)
Assembler:       Armasm.exe V5.05 update 1 (build 106)
Linker/Locator:  ArmLink.exe V5.05 update 1 (build 106)
Library Manager: ArmAr.exe V5.05 update 1 (build 106)
Hex Converter:   FromElf.exe V5.05 update 1 (build 106)
CPU DLL:         SARM.DLL V5.14.0.0
Dialog DLL:      DARMP.DLL V1.51
Target DLL:      UL2ARM.DLL V1.74.5.0
Dialog DLL:      TARMP.DLL V1.51
 
<h2>Project:</h2>
D:\Users\su\Google Drive\Studium\_EMB\Labor\Labor3\L3_Uebung42\UebungL341.uvproj
Project File Date:  06/17/2015

<h2>Output:</h2>
Rebuild target 'Target 1'
assembling LPC2300.s...
compiling main.c...
compiling can_api.c...
can_api.c(312): warning:  #550-D: variable "temp" was set but never used
     uint32_t temp;     
can_api.c: 1 warning, 0 errors
compiling LCD_4bit.c...
linking...
Program Size: Code=13540 RO-data=460 RW-data=64 ZI-data=2104  
".\UebungL341.axf" - 0 Error(s), 1 Warning(s).
</pre>
</body>
</html>
