MPLINK 4.38, Linker
Linker Map File - Created Thu Nov 20 15:03:04 2014

                                 Section Info
                  Section       Type    Address   Location Size(Bytes)
                ---------  ---------  ---------  ---------  ---------
               _entry_scn       code   0x000000    program   0x000006
                   .cinit    romdata   0x00002a    program   0x00000e
              .code_lcd.o       code   0x000038    program   0x000280
                   STDLIB       code   0x0002b8    program   0x000134
         .code_openxlcd.o       code   0x0003ec    program   0x0000da
      .code_LCD-Ausgabe.o       code   0x0004c6    program   0x0000d0
               _cinit_scn       code   0x000596    program   0x00009e
         .code_setddram.o       code   0x000634    program   0x000052
         .code_writdata.o       code   0x000686    program   0x00004e
         .code_wcmdxlcd.o       code   0x0006d4    program   0x00004e
         .code_putsxlcd.o       code   0x000722    program   0x00004e
         .code_busyxlcd.o       code   0x000770    program   0x00003e
              D1KTCYXCODE       code   0x0007ae    program   0x000020
                    .code       code   0x0007ce    program   0x000020
             _startup_scn       code   0x0007ee    program   0x00001c
           .code___init.o       code   0x00080a    program   0x000002
      .romdata_writdata.o    romdata   0x00080c    program   0x000000
      .idata_writdata.o_i    romdata   0x00080c    program   0x000000
      .idata_putsxlcd.o_i    romdata   0x00080c    program   0x000000
      .romdata_wcmdxlcd.o    romdata   0x00080c    program   0x000000
      .idata_wcmdxlcd.o_i    romdata   0x00080c    program   0x000000
      .romdata_setddram.o    romdata   0x00080c    program   0x000000
      .romdata_putsxlcd.o    romdata   0x00080c    program   0x000000
      .idata_setddram.o_i    romdata   0x00080c    program   0x000000
      .romdata_openxlcd.o    romdata   0x00080c    program   0x000000
      .idata_openxlcd.o_i    romdata   0x00080c    program   0x000000
      .romdata_busyxlcd.o    romdata   0x00080c    program   0x000000
      .idata_busyxlcd.o_i    romdata   0x00080c    program   0x000000
           .romdata_lcd.o    romdata   0x00080c    program   0x000000
           .idata_lcd.o_i    romdata   0x00080c    program   0x000000
        .romdata___init.o    romdata   0x00080c    program   0x000000
        .idata___init.o_i    romdata   0x00080c    program   0x000000
             .stringtable    romdata   0x00080c    program   0x000000
   .romdata_LCD-Ausgabe.o    romdata   0x00080c    program   0x000000
   .idata_LCD-Ausgabe.o_i    romdata   0x00080c    program   0x000044
         .romdata_c018i.o    romdata   0x00080c    program   0x000000
         .idata_c018i.o_i    romdata   0x00080c    program   0x000000
            .code_c018i.o       code   0x000850    program   0x000000
.config_300001_LCD-Ausgabe.o    romdata   0x300001    program   0x000001
.config_300003_LCD-Ausgabe.o    romdata   0x300003    program   0x000001
.config_300006_LCD-Ausgabe.o    romdata   0x300006    program   0x000001
                MATH_DATA      udata   0x000000       data   0x000002
                 .tmpdata      udata   0x000002       data   0x000002
                DELAYDAT1      udata   0x000004       data   0x000001
     .idata_LCD-Ausgabe.o      idata   0x000080       data   0x000044
           .udata_c018i.o      udata   0x0000c4       data   0x00000a
     .udata_LCD-Ausgabe.o      udata   0x0000ce       data   0x000002
        .idata_putsxlcd.o      idata   0x0000d0       data   0x000000
        .udata_putsxlcd.o      udata   0x0000d0       data   0x000000
        .idata_writdata.o      idata   0x0000d0       data   0x000000
        .udata_writdata.o      udata   0x0000d0       data   0x000000
        .idata_wcmdxlcd.o      idata   0x0000d0       data   0x000000
        .udata_wcmdxlcd.o      udata   0x0000d0       data   0x000000
        .idata_setddram.o      idata   0x0000d0       data   0x000000
        .udata_setddram.o      udata   0x0000d0       data   0x000000
        .idata_openxlcd.o      idata   0x0000d0       data   0x000000
        .udata_openxlcd.o      udata   0x0000d0       data   0x000000
        .idata_busyxlcd.o      idata   0x0000d0       data   0x000000
        .udata_busyxlcd.o      udata   0x0000d0       data   0x000000
             .idata_lcd.o      idata   0x0000d0       data   0x000000
             .udata_lcd.o      udata   0x0000d0       data   0x000000
          .idata___init.o      idata   0x0000d0       data   0x000000
          .udata___init.o      udata   0x0000d0       data   0x000000
           .idata_c018i.o      idata   0x0000d0       data   0x000000
                   .stack      udata   0x000500       data   0x000100
            SFR_UNBANKED0      udata   0x000f80       data   0x000080



                              Program Memory Usage 
                               Start         End      
                           ---------   ---------      
                            0x000000    0x000005      
                            0x00002a    0x00084f      
                            0x300001    0x300001      
                            0x300003    0x300003      
                            0x300006    0x300006      
            2095 out of 33048 program addresses used, program memory utilization is 6%



                              Symbols - Sorted by Name
                     Name    Address   Location    Storage File                     
                ---------  ---------  ---------  --------- ---------                
                 BusyXLCD   0x000770    program     extern F:\stud_prg\busyxlcd.c   
                    D1K_1   0x0007ba    program     static C:\Program Files\Microchip\mplabc18\v3.37\src\traditional\delays\d1ktcyx.asm
                     D1Kx   0x0007b8    program     static C:\Program Files\Microchip\mplabc18\v3.37\src\traditional\delays\d1ktcyx.asm
              Delay1KTCYx   0x0007ae    program     extern C:\Program Files\Microchip\mplabc18\v3.37\src\traditional\delays\d1ktcyx.asm
            DelayFor18TCY   0x000038    program     extern H:\USART_int_v2\lcd.c    
             DelayPORXLCD   0x000052    program     extern H:\USART_int_v2\lcd.c    
                DelayXLCD   0x000060    program     extern H:\USART_int_v2\lcd.c    
                  OneByte   0x0003da    program     static C:\Program Files\Microchip\mplabc18\v3.37\src\traditional\stdclib\itobcd.asm
                 OpenXLCD   0x0003ec    program     extern F:\stud_prg\openxlcd.c   
                ProcLower   0x00038e    program     static C:\Program Files\Microchip\mplabc18\v3.37\src\traditional\stdclib\itoa.asm
                ProcUpper   0x000384    program     static C:\Program Files\Microchip\mplabc18\v3.37\src\traditional\stdclib\itoa.asm
             SetDDRamAddr   0x000634    program     extern F:\stud_prg\setddram.c   
                 TstLower   0x000378    program     static C:\Program Files\Microchip\mplabc18\v3.37\src\traditional\stdclib\itoa.asm
                 TstUpper   0x000372    program     static C:\Program Files\Microchip\mplabc18\v3.37\src\traditional\stdclib\itoa.asm
             WriteCmdXLCD   0x0006d4    program     extern F:\stud_prg\wcmdxlcd.c   
            WriteDataXLCD   0x000686    program     extern F:\stud_prg\writdata.c   
        _D1KTCYXCODE_0010   0x0007be    program     static C:\Program Files\Microchip\mplabc18\v3.37\src\traditional\delays\d1ktcyx.asm
        _D1KTCYXCODE_0016   0x0007c4    program     static C:\Program Files\Microchip\mplabc18\v3.37\src\traditional\delays\d1ktcyx.asm
       ___return_lbl00000   0x000004    program     static                          
       ___return_lbl00000   0x000050    program     static                          
       ___return_lbl00001   0x000808    program     static                          
       ___return_lbl00002   0x000632    program     static                          
               __config_0   0x300001    program     static F:\PIC\Projektdateien\DMC+DTMC\PIC\PIC LCD-Ausgabe Demo 2013-0422\LCD-Ausgabe.c
               __config_1   0x300003    program     static F:\PIC\Projektdateien\DMC+DTMC\PIC\PIC LCD-Ausgabe Demo 2013-0422\LCD-Ausgabe.c
               __config_2   0x300006    program     static F:\PIC\Projektdateien\DMC+DTMC\PIC\PIC LCD-Ausgabe Demo 2013-0422\LCD-Ausgabe.c
                   __init   0x00080a    program     extern C:\Program Files\Microchip\mplabc18\v3.37\src\traditional\stdclib\__init.c
            __zero_memory   0x0007ce    program     extern C:\Program Files\Microchip\mplabc18\v3.37\src\traditional\proc\p18F452.asm
                _do_cinit   0x000596    program     extern C:\Program Files\Microchip\mplabc18\v3.37\src\traditional\startup\c018i.c
                   _entry   0x000000    program     extern C:\Program Files\Microchip\mplabc18\v3.37\src\traditional\startup\c018i.c
                 _startup   0x0007ee    program     extern C:\Program Files\Microchip\mplabc18\v3.37\src\traditional\startup\c018i.c
                compare_l   0x0007e4    program     static C:\Program Files\Microchip\mplabc18\v3.37\src\traditional\proc\p18F452.asm
                copy_loop   0x000608    program     static                          
            copy_one_byte   0x00060e    program     static                          
                     done   0x000632    program     static                          
             done_copying   0x00061c    program     static                          
                   itoBCD   0x000398    program     extern C:\Program Files\Microchip\mplabc18\v3.37\src\traditional\stdclib\itobcd.asm
                     itoa   0x0002b8    program     extern C:\Program Files\Microchip\mplabc18\v3.37\src\traditional\stdclib\itoa.asm
                     jDo1   0x00033e    program     static C:\Program Files\Microchip\mplabc18\v3.37\src\traditional\stdclib\itoa.asm
                     jDo2   0x00033a    program     static C:\Program Files\Microchip\mplabc18\v3.37\src\traditional\stdclib\itoa.asm
                     jDo3   0x000336    program     static C:\Program Files\Microchip\mplabc18\v3.37\src\traditional\stdclib\itoa.asm
                     jDo4   0x000332    program     static C:\Program Files\Microchip\mplabc18\v3.37\src\traditional\stdclib\itoa.asm
                     jDo5   0x00032e    program     static C:\Program Files\Microchip\mplabc18\v3.37\src\traditional\stdclib\itoa.asm
                     jEnd   0x0003d6    program     static C:\Program Files\Microchip\mplabc18\v3.37\src\traditional\stdclib\itobcd.asm
                    jLoop   0x0003b0    program     static C:\Program Files\Microchip\mplabc18\v3.37\src\traditional\stdclib\itobcd.asm
                jTstLowZ1   0x000382    program     static C:\Program Files\Microchip\mplabc18\v3.37\src\traditional\stdclib\itoa.asm
                jTstSign1   0x0002e4    program     static C:\Program Files\Microchip\mplabc18\v3.37\src\traditional\stdclib\itoa.asm
                 lcd_byte   0x000188    program     extern H:\USART_int_v2\lcd.c    
                lcd_clear   0x00014c    program     extern H:\USART_int_v2\lcd.c    
               lcd_gotoxy   0x00025a    program     extern H:\USART_int_v2\lcd.c    
                 lcd_init   0x00006e    program     extern H:\USART_int_v2\lcd.c    
                  lcd_int   0x0001e2    program     extern H:\USART_int_v2\lcd.c    
               lcd_printf   0x000234    program     extern H:\USART_int_v2\lcd.c    
                 lcd_putc   0x000162    program     extern H:\USART_int_v2\lcd.c    
                     loop   0x0007fe    program     static                          
                   loop_h   0x0007dc    program     static C:\Program Files\Microchip\mplabc18\v3.37\src\traditional\proc\p18F452.asm
                   loop_l   0x0007e6    program     static C:\Program Files\Microchip\mplabc18\v3.37\src\traditional\proc\p18F452.asm
                     main   0x0004c6    program     extern F:\PIC\Projektdateien\DMC+DTMC\PIC\PIC LCD-Ausgabe Demo 2013-0422\LCD-Ausgabe.c
                 putsXLCD   0x000722    program     extern F:\stud_prg\putsxlcd.c   
                     test   0x0005b0    program     static                          
               zero_block   0x0007dc    program     static C:\Program Files\Microchip\mplabc18\v3.37\src\traditional\proc\p18F452.asm
                   ADCON0   0x000fc2       data     extern C:\Program Files\Microchip\mplabc18\v3.37\src\traditional\proc\p18F452.asm
               ADCON0bits   0x000fc2       data     extern C:\Program Files\Microchip\mplabc18\v3.37\src\traditional\proc\p18F452.asm
                   ADCON1   0x000fc1       data     extern C:\Program Files\Microchip\mplabc18\v3.37\src\traditional\proc\p18F452.asm
               ADCON1bits   0x000fc1       data     extern C:\Program Files\Microchip\mplabc18\v3.37\src\traditional\proc\p18F452.asm
                    ADRES   0x000fc3       data     extern C:\Program Files\Microchip\mplabc18\v3.37\src\traditional\proc\p18F452.asm
                   ADRESH   0x000fc4       data     extern C:\Program Files\Microchip\mplabc18\v3.37\src\traditional\proc\p18F452.asm
                   ADRESL   0x000fc3       data     extern C:\Program Files\Microchip\mplabc18\v3.37\src\traditional\proc\p18F452.asm
                      BSR   0x000fe0       data     extern C:\Program Files\Microchip\mplabc18\v3.37\src\traditional\proc\p18F452.asm
                  CCP1CON   0x000fbd       data     extern C:\Program Files\Microchip\mplabc18\v3.37\src\traditional\proc\p18F452.asm
              CCP1CONbits   0x000fbd       data     extern C:\Program Files\Microchip\mplabc18\v3.37\src\traditional\proc\p18F452.asm
                  CCP2CON   0x000fba       data     extern C:\Program Files\Microchip\mplabc18\v3.37\src\traditional\proc\p18F452.asm
              CCP2CONbits   0x000fba       data     extern C:\Program Files\Microchip\mplabc18\v3.37\src\traditional\proc\p18F452.asm
                    CCPR1   0x000fbe       data     extern C:\Program Files\Microchip\mplabc18\v3.37\src\traditional\proc\p18F452.asm
                   CCPR1H   0x000fbf       data     extern C:\Program Files\Microchip\mplabc18\v3.37\src\traditional\proc\p18F452.asm
                   CCPR1L   0x000fbe       data     extern C:\Program Files\Microchip\mplabc18\v3.37\src\traditional\proc\p18F452.asm
                    CCPR2   0x000fbb       data     extern C:\Program Files\Microchip\mplabc18\v3.37\src\traditional\proc\p18F452.asm
                   CCPR2H   0x000fbc       data     extern C:\Program Files\Microchip\mplabc18\v3.37\src\traditional\proc\p18F452.asm
                   CCPR2L   0x000fbb       data     extern C:\Program Files\Microchip\mplabc18\v3.37\src\traditional\proc\p18F452.asm
                     DDRA   0x000f92       data     extern C:\Program Files\Microchip\mplabc18\v3.37\src\traditional\proc\p18F452.asm
                 DDRAbits   0x000f92       data     extern C:\Program Files\Microchip\mplabc18\v3.37\src\traditional\proc\p18F452.asm
                     DDRB   0x000f93       data     extern C:\Program Files\Microchip\mplabc18\v3.37\src\traditional\proc\p18F452.asm
                 DDRBbits   0x000f93       data     extern C:\Program Files\Microchip\mplabc18\v3.37\src\traditional\proc\p18F452.asm
                     DDRC   0x000f94       data     extern C:\Program Files\Microchip\mplabc18\v3.37\src\traditional\proc\p18F452.asm
                 DDRCbits   0x000f94       data     extern C:\Program Files\Microchip\mplabc18\v3.37\src\traditional\proc\p18F452.asm
                     DDRD   0x000f95       data     extern C:\Program Files\Microchip\mplabc18\v3.37\src\traditional\proc\p18F452.asm
                 DDRDbits   0x000f95       data     extern C:\Program Files\Microchip\mplabc18\v3.37\src\traditional\proc\p18F452.asm
                     DDRE   0x000f96       data     extern C:\Program Files\Microchip\mplabc18\v3.37\src\traditional\proc\p18F452.asm
                 DDREbits   0x000f96       data     extern C:\Program Files\Microchip\mplabc18\v3.37\src\traditional\proc\p18F452.asm
            DelayCounter1   0x000004       data     extern C:\Program Files\Microchip\mplabc18\v3.37\src\traditional\delays\delayd1.asm
                    EEADR   0x000fa9       data     extern C:\Program Files\Microchip\mplabc18\v3.37\src\traditional\proc\p18F452.asm
                   EECON1   0x000fa6       data     extern C:\Program Files\Microchip\mplabc18\v3.37\src\traditional\proc\p18F452.asm
               EECON1bits   0x000fa6       data     extern C:\Program Files\Microchip\mplabc18\v3.37\src\traditional\proc\p18F452.asm
                   EECON2   0x000fa7       data     extern C:\Program Files\Microchip\mplabc18\v3.37\src\traditional\proc\p18F452.asm
                   EEDATA   0x000fa8       data     extern C:\Program Files\Microchip\mplabc18\v3.37\src\traditional\proc\p18F452.asm
                     FSR0   0x000fe9       data     extern C:\Program Files\Microchip\mplabc18\v3.37\src\traditional\proc\p18F452.asm
                    FSR0H   0x000fea       data     extern C:\Program Files\Microchip\mplabc18\v3.37\src\traditional\proc\p18F452.asm
                    FSR0L   0x000fe9       data     extern C:\Program Files\Microchip\mplabc18\v3.37\src\traditional\proc\p18F452.asm
                     FSR1   0x000fe1       data     extern C:\Program Files\Microchip\mplabc18\v3.37\src\traditional\proc\p18F452.asm
                    FSR1H   0x000fe2       data     extern C:\Program Files\Microchip\mplabc18\v3.37\src\traditional\proc\p18F452.asm
                    FSR1L   0x000fe1       data     extern C:\Program Files\Microchip\mplabc18\v3.37\src\traditional\proc\p18F452.asm
                     FSR2   0x000fd9       data     extern C:\Program Files\Microchip\mplabc18\v3.37\src\traditional\proc\p18F452.asm
                    FSR2H   0x000fda       data     extern C:\Program Files\Microchip\mplabc18\v3.37\src\traditional\proc\p18F452.asm
                    FSR2L   0x000fd9       data     extern C:\Program Files\Microchip\mplabc18\v3.37\src\traditional\proc\p18F452.asm
                    INDF0   0x000fef       data     extern C:\Program Files\Microchip\mplabc18\v3.37\src\traditional\proc\p18F452.asm
                    INDF1   0x000fe7       data     extern C:\Program Files\Microchip\mplabc18\v3.37\src\traditional\proc\p18F452.asm
                    INDF2   0x000fdf       data     extern C:\Program Files\Microchip\mplabc18\v3.37\src\traditional\proc\p18F452.asm
                   INTCON   0x000ff2       data     extern C:\Program Files\Microchip\mplabc18\v3.37\src\traditional\proc\p18F452.asm
                  INTCON1   0x000ff2       data     extern C:\Program Files\Microchip\mplabc18\v3.37\src\traditional\proc\p18F452.asm
              INTCON1bits   0x000ff2       data     extern C:\Program Files\Microchip\mplabc18\v3.37\src\traditional\proc\p18F452.asm
                  INTCON2   0x000ff1       data     extern C:\Program Files\Microchip\mplabc18\v3.37\src\traditional\proc\p18F452.asm
              INTCON2bits   0x000ff1       data     extern C:\Program Files\Microchip\mplabc18\v3.37\src\traditional\proc\p18F452.asm
                  INTCON3   0x000ff0       data     extern C:\Program Files\Microchip\mplabc18\v3.37\src\traditional\proc\p18F452.asm
              INTCON3bits   0x000ff0       data     extern C:\Program Files\Microchip\mplabc18\v3.37\src\traditional\proc\p18F452.asm
               INTCONbits   0x000ff2       data     extern C:\Program Files\Microchip\mplabc18\v3.37\src\traditional\proc\p18F452.asm
                     IPR1   0x000f9f       data     extern C:\Program Files\Microchip\mplabc18\v3.37\src\traditional\proc\p18F452.asm
                 IPR1bits   0x000f9f       data     extern C:\Program Files\Microchip\mplabc18\v3.37\src\traditional\proc\p18F452.asm
                     IPR2   0x000fa2       data     extern C:\Program Files\Microchip\mplabc18\v3.37\src\traditional\proc\p18F452.asm
                 IPR2bits   0x000fa2       data     extern C:\Program Files\Microchip\mplabc18\v3.37\src\traditional\proc\p18F452.asm
                     LATA   0x000f89       data     extern C:\Program Files\Microchip\mplabc18\v3.37\src\traditional\proc\p18F452.asm
                 LATAbits   0x000f89       data     extern C:\Program Files\Microchip\mplabc18\v3.37\src\traditional\proc\p18F452.asm
                     LATB   0x000f8a       data     extern C:\Program Files\Microchip\mplabc18\v3.37\src\traditional\proc\p18F452.asm
                 LATBbits   0x000f8a       data     extern C:\Program Files\Microchip\mplabc18\v3.37\src\traditional\proc\p18F452.asm
                     LATC   0x000f8b       data     extern C:\Program Files\Microchip\mplabc18\v3.37\src\traditional\proc\p18F452.asm
                 LATCbits   0x000f8b       data     extern C:\Program Files\Microchip\mplabc18\v3.37\src\traditional\proc\p18F452.asm
                     LATD   0x000f8c       data     extern C:\Program Files\Microchip\mplabc18\v3.37\src\traditional\proc\p18F452.asm
                 LATDbits   0x000f8c       data     extern C:\Program Files\Microchip\mplabc18\v3.37\src\traditional\proc\p18F452.asm
                     LATE   0x000f8d       data     extern C:\Program Files\Microchip\mplabc18\v3.37\src\traditional\proc\p18F452.asm
                 LATEbits   0x000f8d       data     extern C:\Program Files\Microchip\mplabc18\v3.37\src\traditional\proc\p18F452.asm
                   LVDCON   0x000fd2       data     extern C:\Program Files\Microchip\mplabc18\v3.37\src\traditional\proc\p18F452.asm
               LVDCONbits   0x000fd2       data     extern C:\Program Files\Microchip\mplabc18\v3.37\src\traditional\proc\p18F452.asm
                Leerzeile   0x0000b3       data     extern F:\PIC\Projektdateien\DMC+DTMC\PIC\PIC LCD-Ausgabe Demo 2013-0422\LCD-Ausgabe.c
                   OSCCON   0x000fd3       data     extern C:\Program Files\Microchip\mplabc18\v3.37\src\traditional\proc\p18F452.asm
               OSCCONbits   0x000fd3       data     extern C:\Program Files\Microchip\mplabc18\v3.37\src\traditional\proc\p18F452.asm
                       PC   0x000ff9       data     extern C:\Program Files\Microchip\mplabc18\v3.37\src\traditional\proc\p18F452.asm
                      PCL   0x000ff9       data     extern C:\Program Files\Microchip\mplabc18\v3.37\src\traditional\proc\p18F452.asm
                   PCLATH   0x000ffa       data     extern C:\Program Files\Microchip\mplabc18\v3.37\src\traditional\proc\p18F452.asm
                   PCLATU   0x000ffb       data     extern C:\Program Files\Microchip\mplabc18\v3.37\src\traditional\proc\p18F452.asm
                     PIE1   0x000f9d       data     extern C:\Program Files\Microchip\mplabc18\v3.37\src\traditional\proc\p18F452.asm
                 PIE1bits   0x000f9d       data     extern C:\Program Files\Microchip\mplabc18\v3.37\src\traditional\proc\p18F452.asm
                     PIE2   0x000fa0       data     extern C:\Program Files\Microchip\mplabc18\v3.37\src\traditional\proc\p18F452.asm
                 PIE2bits   0x000fa0       data     extern C:\Program Files\Microchip\mplabc18\v3.37\src\traditional\proc\p18F452.asm
                     PIR1   0x000f9e       data     extern C:\Program Files\Microchip\mplabc18\v3.37\src\traditional\proc\p18F452.asm
                 PIR1bits   0x000f9e       data     extern C:\Program Files\Microchip\mplabc18\v3.37\src\traditional\proc\p18F452.asm
                     PIR2   0x000fa1       data     extern C:\Program Files\Microchip\mplabc18\v3.37\src\traditional\proc\p18F452.asm
                 PIR2bits   0x000fa1       data     extern C:\Program Files\Microchip\mplabc18\v3.37\src\traditional\proc\p18F452.asm
                   PLUSW0   0x000feb       data     extern C:\Program Files\Microchip\mplabc18\v3.37\src\traditional\proc\p18F452.asm
                   PLUSW1   0x000fe3       data     extern C:\Program Files\Microchip\mplabc18\v3.37\src\traditional\proc\p18F452.asm
                   PLUSW2   0x000fdb       data     extern C:\Program Files\Microchip\mplabc18\v3.37\src\traditional\proc\p18F452.asm
                    PORTA   0x000f80       data     extern C:\Program Files\Microchip\mplabc18\v3.37\src\traditional\proc\p18F452.asm
                PORTAbits   0x000f80       data     extern C:\Program Files\Microchip\mplabc18\v3.37\src\traditional\proc\p18F452.asm
                    PORTB   0x000f81       data     extern C:\Program Files\Microchip\mplabc18\v3.37\src\traditional\proc\p18F452.asm
                PORTBbits   0x000f81       data     extern C:\Program Files\Microchip\mplabc18\v3.37\src\traditional\proc\p18F452.asm
                    PORTC   0x000f82       data     extern C:\Program Files\Microchip\mplabc18\v3.37\src\traditional\proc\p18F452.asm
                PORTCbits   0x000f82       data     extern C:\Program Files\Microchip\mplabc18\v3.37\src\traditional\proc\p18F452.asm
                    PORTD   0x000f83       data     extern C:\Program Files\Microchip\mplabc18\v3.37\src\traditional\proc\p18F452.asm
                PORTDbits   0x000f83       data     extern C:\Program Files\Microchip\mplabc18\v3.37\src\traditional\proc\p18F452.asm
                    PORTE   0x000f84       data     extern C:\Program Files\Microchip\mplabc18\v3.37\src\traditional\proc\p18F452.asm
                PORTEbits   0x000f84       data     extern C:\Program Files\Microchip\mplabc18\v3.37\src\traditional\proc\p18F452.asm
                 POSTDEC0   0x000fed       data     extern C:\Program Files\Microchip\mplabc18\v3.37\src\traditional\proc\p18F452.asm
                 POSTDEC1   0x000fe5       data     extern C:\Program Files\Microchip\mplabc18\v3.37\src\traditional\proc\p18F452.asm
                 POSTDEC2   0x000fdd       data     extern C:\Program Files\Microchip\mplabc18\v3.37\src\traditional\proc\p18F452.asm
                 POSTINC0   0x000fee       data     extern C:\Program Files\Microchip\mplabc18\v3.37\src\traditional\proc\p18F452.asm
                 POSTINC1   0x000fe6       data     extern C:\Program Files\Microchip\mplabc18\v3.37\src\traditional\proc\p18F452.asm
                 POSTINC2   0x000fde       data     extern C:\Program Files\Microchip\mplabc18\v3.37\src\traditional\proc\p18F452.asm
                      PR2   0x000fcb       data     extern C:\Program Files\Microchip\mplabc18\v3.37\src\traditional\proc\p18F452.asm
                  PREINC0   0x000fec       data     extern C:\Program Files\Microchip\mplabc18\v3.37\src\traditional\proc\p18F452.asm
                  PREINC1   0x000fe4       data     extern C:\Program Files\Microchip\mplabc18\v3.37\src\traditional\proc\p18F452.asm
                  PREINC2   0x000fdc       data     extern C:\Program Files\Microchip\mplabc18\v3.37\src\traditional\proc\p18F452.asm
                     PROD   0x000ff3       data     extern C:\Program Files\Microchip\mplabc18\v3.37\src\traditional\proc\p18F452.asm
                    PRODH   0x000ff4       data     extern C:\Program Files\Microchip\mplabc18\v3.37\src\traditional\proc\p18F452.asm
                    PRODL   0x000ff3       data     extern C:\Program Files\Microchip\mplabc18\v3.37\src\traditional\proc\p18F452.asm
                     RCON   0x000fd0       data     extern C:\Program Files\Microchip\mplabc18\v3.37\src\traditional\proc\p18F452.asm
                 RCONbits   0x000fd0       data     extern C:\Program Files\Microchip\mplabc18\v3.37\src\traditional\proc\p18F452.asm
                    RCREG   0x000fae       data     extern C:\Program Files\Microchip\mplabc18\v3.37\src\traditional\proc\p18F452.asm
                    RCSTA   0x000fab       data     extern C:\Program Files\Microchip\mplabc18\v3.37\src\traditional\proc\p18F452.asm
                RCSTAbits   0x000fab       data     extern C:\Program Files\Microchip\mplabc18\v3.37\src\traditional\proc\p18F452.asm
                     SIGN   0x000000       data     extern C:\Program Files\Microchip\mplabc18\v3.37\src\traditional\math\cmath18.asm
                    SPBRG   0x000faf       data     extern C:\Program Files\Microchip\mplabc18\v3.37\src\traditional\proc\p18F452.asm
                   SSPADD   0x000fc8       data     extern C:\Program Files\Microchip\mplabc18\v3.37\src\traditional\proc\p18F452.asm
                   SSPBUF   0x000fc9       data     extern C:\Program Files\Microchip\mplabc18\v3.37\src\traditional\proc\p18F452.asm
                  SSPCON1   0x000fc6       data     extern C:\Program Files\Microchip\mplabc18\v3.37\src\traditional\proc\p18F452.asm
              SSPCON1bits   0x000fc6       data     extern C:\Program Files\Microchip\mplabc18\v3.37\src\traditional\proc\p18F452.asm
                  SSPCON2   0x000fc5       data     extern C:\Program Files\Microchip\mplabc18\v3.37\src\traditional\proc\p18F452.asm
              SSPCON2bits   0x000fc5       data     extern C:\Program Files\Microchip\mplabc18\v3.37\src\traditional\proc\p18F452.asm
                  SSPSTAT   0x000fc7       data     extern C:\Program Files\Microchip\mplabc18\v3.37\src\traditional\proc\p18F452.asm
              SSPSTATbits   0x000fc7       data     extern C:\Program Files\Microchip\mplabc18\v3.37\src\traditional\proc\p18F452.asm
                   STATUS   0x000fd8       data     extern C:\Program Files\Microchip\mplabc18\v3.37\src\traditional\proc\p18F452.asm
               STATUSbits   0x000fd8       data     extern C:\Program Files\Microchip\mplabc18\v3.37\src\traditional\proc\p18F452.asm
                   STKPTR   0x000ffc       data     extern C:\Program Files\Microchip\mplabc18\v3.37\src\traditional\proc\p18F452.asm
               STKPTRbits   0x000ffc       data     extern C:\Program Files\Microchip\mplabc18\v3.37\src\traditional\proc\p18F452.asm
                    T0CON   0x000fd5       data     extern C:\Program Files\Microchip\mplabc18\v3.37\src\traditional\proc\p18F452.asm
                T0CONbits   0x000fd5       data     extern C:\Program Files\Microchip\mplabc18\v3.37\src\traditional\proc\p18F452.asm
                    T1CON   0x000fcd       data     extern C:\Program Files\Microchip\mplabc18\v3.37\src\traditional\proc\p18F452.asm
                T1CONbits   0x000fcd       data     extern C:\Program Files\Microchip\mplabc18\v3.37\src\traditional\proc\p18F452.asm
                    T2CON   0x000fca       data     extern C:\Program Files\Microchip\mplabc18\v3.37\src\traditional\proc\p18F452.asm
                T2CONbits   0x000fca       data     extern C:\Program Files\Microchip\mplabc18\v3.37\src\traditional\proc\p18F452.asm
                    T3CON   0x000fb1       data     extern C:\Program Files\Microchip\mplabc18\v3.37\src\traditional\proc\p18F452.asm
                T3CONbits   0x000fb1       data     extern C:\Program Files\Microchip\mplabc18\v3.37\src\traditional\proc\p18F452.asm
                   TABLAT   0x000ff5       data     extern C:\Program Files\Microchip\mplabc18\v3.37\src\traditional\proc\p18F452.asm
                   TBLPTR   0x000ff6       data     extern C:\Program Files\Microchip\mplabc18\v3.37\src\traditional\proc\p18F452.asm
                  TBLPTRH   0x000ff7       data     extern C:\Program Files\Microchip\mplabc18\v3.37\src\traditional\proc\p18F452.asm
                  TBLPTRL   0x000ff6       data     extern C:\Program Files\Microchip\mplabc18\v3.37\src\traditional\proc\p18F452.asm
                  TBLPTRU   0x000ff8       data     extern C:\Program Files\Microchip\mplabc18\v3.37\src\traditional\proc\p18F452.asm
                    TMR0H   0x000fd7       data     extern C:\Program Files\Microchip\mplabc18\v3.37\src\traditional\proc\p18F452.asm
                    TMR0L   0x000fd6       data     extern C:\Program Files\Microchip\mplabc18\v3.37\src\traditional\proc\p18F452.asm
                    TMR1H   0x000fcf       data     extern C:\Program Files\Microchip\mplabc18\v3.37\src\traditional\proc\p18F452.asm
                    TMR1L   0x000fce       data     extern C:\Program Files\Microchip\mplabc18\v3.37\src\traditional\proc\p18F452.asm
                     TMR2   0x000fcc       data     extern C:\Program Files\Microchip\mplabc18\v3.37\src\traditional\proc\p18F452.asm
                    TMR3H   0x000fb3       data     extern C:\Program Files\Microchip\mplabc18\v3.37\src\traditional\proc\p18F452.asm
                    TMR3L   0x000fb2       data     extern C:\Program Files\Microchip\mplabc18\v3.37\src\traditional\proc\p18F452.asm
                      TOS   0x000ffd       data     extern C:\Program Files\Microchip\mplabc18\v3.37\src\traditional\proc\p18F452.asm
                     TOSH   0x000ffe       data     extern C:\Program Files\Microchip\mplabc18\v3.37\src\traditional\proc\p18F452.asm
                     TOSL   0x000ffd       data     extern C:\Program Files\Microchip\mplabc18\v3.37\src\traditional\proc\p18F452.asm
                     TOSU   0x000fff       data     extern C:\Program Files\Microchip\mplabc18\v3.37\src\traditional\proc\p18F452.asm
                    TRISA   0x000f92       data     extern C:\Program Files\Microchip\mplabc18\v3.37\src\traditional\proc\p18F452.asm
                TRISAbits   0x000f92       data     extern C:\Program Files\Microchip\mplabc18\v3.37\src\traditional\proc\p18F452.asm
                    TRISB   0x000f93       data     extern C:\Program Files\Microchip\mplabc18\v3.37\src\traditional\proc\p18F452.asm
                TRISBbits   0x000f93       data     extern C:\Program Files\Microchip\mplabc18\v3.37\src\traditional\proc\p18F452.asm
                    TRISC   0x000f94       data     extern C:\Program Files\Microchip\mplabc18\v3.37\src\traditional\proc\p18F452.asm
                TRISCbits   0x000f94       data     extern C:\Program Files\Microchip\mplabc18\v3.37\src\traditional\proc\p18F452.asm
                    TRISD   0x000f95       data     extern C:\Program Files\Microchip\mplabc18\v3.37\src\traditional\proc\p18F452.asm
                TRISDbits   0x000f95       data     extern C:\Program Files\Microchip\mplabc18\v3.37\src\traditional\proc\p18F452.asm
                    TRISE   0x000f96       data     extern C:\Program Files\Microchip\mplabc18\v3.37\src\traditional\proc\p18F452.asm
                TRISEbits   0x000f96       data     extern C:\Program Files\Microchip\mplabc18\v3.37\src\traditional\proc\p18F452.asm
                    TXREG   0x000fad       data     extern C:\Program Files\Microchip\mplabc18\v3.37\src\traditional\proc\p18F452.asm
                    TXSTA   0x000fac       data     extern C:\Program Files\Microchip\mplabc18\v3.37\src\traditional\proc\p18F452.asm
                TXSTAbits   0x000fac       data     extern C:\Program Files\Microchip\mplabc18\v3.37\src\traditional\proc\p18F452.asm
                   Taster   0x000080       data     extern F:\PIC\Projektdateien\DMC+DTMC\PIC\PIC LCD-Ausgabe Demo 2013-0422\LCD-Ausgabe.c
               TextZeile1   0x000091       data     extern F:\PIC\Projektdateien\DMC+DTMC\PIC\PIC LCD-Ausgabe Demo 2013-0422\LCD-Ausgabe.c
               TextZeile2   0x0000a2       data     extern F:\PIC\Projektdateien\DMC+DTMC\PIC\PIC LCD-Ausgabe Demo 2013-0422\LCD-Ausgabe.c
                        W   0x000fe8       data     extern C:\Program Files\Microchip\mplabc18\v3.37\src\traditional\proc\p18F452.asm
                   WDTCON   0x000fd1       data     extern C:\Program Files\Microchip\mplabc18\v3.37\src\traditional\proc\p18F452.asm
               WDTCONbits   0x000fd1       data     extern C:\Program Files\Microchip\mplabc18\v3.37\src\traditional\proc\p18F452.asm
                     WREG   0x000fe8       data     extern C:\Program Files\Microchip\mplabc18\v3.37\src\traditional\proc\p18F452.asm
                __FPFLAGS   0x000001       data     extern C:\Program Files\Microchip\mplabc18\v3.37\src\traditional\math\cmath18.asm
            __FPFLAGSbits   0x000001       data     extern C:\Program Files\Microchip\mplabc18\v3.37\src\traditional\math\cmath18.asm
                  __tmp_0   0x000002       data     static H:\USART_int_v2\lcd.c    
                curr_byte   0x0000c7       data     static C:\Program Files\Microchip\mplabc18\v3.37\src\traditional\startup\c018i.c
               curr_entry   0x0000c9       data     static C:\Program Files\Microchip\mplabc18\v3.37\src\traditional\startup\c018i.c
                 data_ptr   0x0000cb       data     static C:\Program Files\Microchip\mplabc18\v3.37\src\traditional\startup\c018i.c
                        i   0x0000ce       data     extern F:\PIC\Projektdateien\DMC+DTMC\PIC\PIC LCD-Ausgabe Demo 2013-0422\LCD-Ausgabe.c
                     prom   0x0000c4       data     static C:\Program Files\Microchip\mplabc18\v3.37\src\traditional\startup\c018i.c



                              Symbols - Sorted by Address
                     Name    Address   Location    Storage File                     
                ---------  ---------  ---------  --------- ---------                
                   _entry   0x000000    program     extern C:\Program Files\Microchip\mplabc18\v3.37\src\traditional\startup\c018i.c
       ___return_lbl00000   0x000004    program     static                          
            DelayFor18TCY   0x000038    program     extern H:\USART_int_v2\lcd.c    
       ___return_lbl00000   0x000050    program     static                          
             DelayPORXLCD   0x000052    program     extern H:\USART_int_v2\lcd.c    
                DelayXLCD   0x000060    program     extern H:\USART_int_v2\lcd.c    
                 lcd_init   0x00006e    program     extern H:\USART_int_v2\lcd.c    
                lcd_clear   0x00014c    program     extern H:\USART_int_v2\lcd.c    
                 lcd_putc   0x000162    program     extern H:\USART_int_v2\lcd.c    
                 lcd_byte   0x000188    program     extern H:\USART_int_v2\lcd.c    
                  lcd_int   0x0001e2    program     extern H:\USART_int_v2\lcd.c    
               lcd_printf   0x000234    program     extern H:\USART_int_v2\lcd.c    
               lcd_gotoxy   0x00025a    program     extern H:\USART_int_v2\lcd.c    
                     itoa   0x0002b8    program     extern C:\Program Files\Microchip\mplabc18\v3.37\src\traditional\stdclib\itoa.asm
                jTstSign1   0x0002e4    program     static C:\Program Files\Microchip\mplabc18\v3.37\src\traditional\stdclib\itoa.asm
                     jDo5   0x00032e    program     static C:\Program Files\Microchip\mplabc18\v3.37\src\traditional\stdclib\itoa.asm
                     jDo4   0x000332    program     static C:\Program Files\Microchip\mplabc18\v3.37\src\traditional\stdclib\itoa.asm
                     jDo3   0x000336    program     static C:\Program Files\Microchip\mplabc18\v3.37\src\traditional\stdclib\itoa.asm
                     jDo2   0x00033a    program     static C:\Program Files\Microchip\mplabc18\v3.37\src\traditional\stdclib\itoa.asm
                     jDo1   0x00033e    program     static C:\Program Files\Microchip\mplabc18\v3.37\src\traditional\stdclib\itoa.asm
                 TstUpper   0x000372    program     static C:\Program Files\Microchip\mplabc18\v3.37\src\traditional\stdclib\itoa.asm
                 TstLower   0x000378    program     static C:\Program Files\Microchip\mplabc18\v3.37\src\traditional\stdclib\itoa.asm
                jTstLowZ1   0x000382    program     static C:\Program Files\Microchip\mplabc18\v3.37\src\traditional\stdclib\itoa.asm
                ProcUpper   0x000384    program     static C:\Program Files\Microchip\mplabc18\v3.37\src\traditional\stdclib\itoa.asm
                ProcLower   0x00038e    program     static C:\Program Files\Microchip\mplabc18\v3.37\src\traditional\stdclib\itoa.asm
                   itoBCD   0x000398    program     extern C:\Program Files\Microchip\mplabc18\v3.37\src\traditional\stdclib\itobcd.asm
                    jLoop   0x0003b0    program     static C:\Program Files\Microchip\mplabc18\v3.37\src\traditional\stdclib\itobcd.asm
                     jEnd   0x0003d6    program     static C:\Program Files\Microchip\mplabc18\v3.37\src\traditional\stdclib\itobcd.asm
                  OneByte   0x0003da    program     static C:\Program Files\Microchip\mplabc18\v3.37\src\traditional\stdclib\itobcd.asm
                 OpenXLCD   0x0003ec    program     extern F:\stud_prg\openxlcd.c   
                     main   0x0004c6    program     extern F:\PIC\Projektdateien\DMC+DTMC\PIC\PIC LCD-Ausgabe Demo 2013-0422\LCD-Ausgabe.c
                _do_cinit   0x000596    program     extern C:\Program Files\Microchip\mplabc18\v3.37\src\traditional\startup\c018i.c
                     test   0x0005b0    program     static                          
                copy_loop   0x000608    program     static                          
            copy_one_byte   0x00060e    program     static                          
             done_copying   0x00061c    program     static                          
                     done   0x000632    program     static                          
       ___return_lbl00002   0x000632    program     static                          
             SetDDRamAddr   0x000634    program     extern F:\stud_prg\setddram.c   
            WriteDataXLCD   0x000686    program     extern F:\stud_prg\writdata.c   
             WriteCmdXLCD   0x0006d4    program     extern F:\stud_prg\wcmdxlcd.c   
                 putsXLCD   0x000722    program     extern F:\stud_prg\putsxlcd.c   
                 BusyXLCD   0x000770    program     extern F:\stud_prg\busyxlcd.c   
              Delay1KTCYx   0x0007ae    program     extern C:\Program Files\Microchip\mplabc18\v3.37\src\traditional\delays\d1ktcyx.asm
                     D1Kx   0x0007b8    program     static C:\Program Files\Microchip\mplabc18\v3.37\src\traditional\delays\d1ktcyx.asm
                    D1K_1   0x0007ba    program     static C:\Program Files\Microchip\mplabc18\v3.37\src\traditional\delays\d1ktcyx.asm
        _D1KTCYXCODE_0010   0x0007be    program     static C:\Program Files\Microchip\mplabc18\v3.37\src\traditional\delays\d1ktcyx.asm
        _D1KTCYXCODE_0016   0x0007c4    program     static C:\Program Files\Microchip\mplabc18\v3.37\src\traditional\delays\d1ktcyx.asm
            __zero_memory   0x0007ce    program     extern C:\Program Files\Microchip\mplabc18\v3.37\src\traditional\proc\p18F452.asm
                   loop_h   0x0007dc    program     static C:\Program Files\Microchip\mplabc18\v3.37\src\traditional\proc\p18F452.asm
               zero_block   0x0007dc    program     static C:\Program Files\Microchip\mplabc18\v3.37\src\traditional\proc\p18F452.asm
                compare_l   0x0007e4    program     static C:\Program Files\Microchip\mplabc18\v3.37\src\traditional\proc\p18F452.asm
                   loop_l   0x0007e6    program     static C:\Program Files\Microchip\mplabc18\v3.37\src\traditional\proc\p18F452.asm
                 _startup   0x0007ee    program     extern C:\Program Files\Microchip\mplabc18\v3.37\src\traditional\startup\c018i.c
                     loop   0x0007fe    program     static                          
       ___return_lbl00001   0x000808    program     static                          
                   __init   0x00080a    program     extern C:\Program Files\Microchip\mplabc18\v3.37\src\traditional\stdclib\__init.c
               __config_0   0x300001    program     static F:\PIC\Projektdateien\DMC+DTMC\PIC\PIC LCD-Ausgabe Demo 2013-0422\LCD-Ausgabe.c
               __config_1   0x300003    program     static F:\PIC\Projektdateien\DMC+DTMC\PIC\PIC LCD-Ausgabe Demo 2013-0422\LCD-Ausgabe.c
               __config_2   0x300006    program     static F:\PIC\Projektdateien\DMC+DTMC\PIC\PIC LCD-Ausgabe Demo 2013-0422\LCD-Ausgabe.c
                     SIGN   0x000000       data     extern C:\Program Files\Microchip\mplabc18\v3.37\src\traditional\math\cmath18.asm
                __FPFLAGS   0x000001       data     extern C:\Program Files\Microchip\mplabc18\v3.37\src\traditional\math\cmath18.asm
            __FPFLAGSbits   0x000001       data     extern C:\Program Files\Microchip\mplabc18\v3.37\src\traditional\math\cmath18.asm
                  __tmp_0   0x000002       data     static H:\USART_int_v2\lcd.c    
            DelayCounter1   0x000004       data     extern C:\Program Files\Microchip\mplabc18\v3.37\src\traditional\delays\delayd1.asm
                   Taster   0x000080       data     extern F:\PIC\Projektdateien\DMC+DTMC\PIC\PIC LCD-Ausgabe Demo 2013-0422\LCD-Ausgabe.c
               TextZeile1   0x000091       data     extern F:\PIC\Projektdateien\DMC+DTMC\PIC\PIC LCD-Ausgabe Demo 2013-0422\LCD-Ausgabe.c
               TextZeile2   0x0000a2       data     extern F:\PIC\Projektdateien\DMC+DTMC\PIC\PIC LCD-Ausgabe Demo 2013-0422\LCD-Ausgabe.c
                Leerzeile   0x0000b3       data     extern F:\PIC\Projektdateien\DMC+DTMC\PIC\PIC LCD-Ausgabe Demo 2013-0422\LCD-Ausgabe.c
                     prom   0x0000c4       data     static C:\Program Files\Microchip\mplabc18\v3.37\src\traditional\startup\c018i.c
                curr_byte   0x0000c7       data     static C:\Program Files\Microchip\mplabc18\v3.37\src\traditional\startup\c018i.c
               curr_entry   0x0000c9       data     static C:\Program Files\Microchip\mplabc18\v3.37\src\traditional\startup\c018i.c
                 data_ptr   0x0000cb       data     static C:\Program Files\Microchip\mplabc18\v3.37\src\traditional\startup\c018i.c
                        i   0x0000ce       data     extern F:\PIC\Projektdateien\DMC+DTMC\PIC\PIC LCD-Ausgabe Demo 2013-0422\LCD-Ausgabe.c
                PORTAbits   0x000f80       data     extern C:\Program Files\Microchip\mplabc18\v3.37\src\traditional\proc\p18F452.asm
                    PORTA   0x000f80       data     extern C:\Program Files\Microchip\mplabc18\v3.37\src\traditional\proc\p18F452.asm
                PORTBbits   0x000f81       data     extern C:\Program Files\Microchip\mplabc18\v3.37\src\traditional\proc\p18F452.asm
                    PORTB   0x000f81       data     extern C:\Program Files\Microchip\mplabc18\v3.37\src\traditional\proc\p18F452.asm
                PORTCbits   0x000f82       data     extern C:\Program Files\Microchip\mplabc18\v3.37\src\traditional\proc\p18F452.asm
                    PORTC   0x000f82       data     extern C:\Program Files\Microchip\mplabc18\v3.37\src\traditional\proc\p18F452.asm
                PORTDbits   0x000f83       data     extern C:\Program Files\Microchip\mplabc18\v3.37\src\traditional\proc\p18F452.asm
                    PORTD   0x000f83       data     extern C:\Program Files\Microchip\mplabc18\v3.37\src\traditional\proc\p18F452.asm
                    PORTE   0x000f84       data     extern C:\Program Files\Microchip\mplabc18\v3.37\src\traditional\proc\p18F452.asm
                PORTEbits   0x000f84       data     extern C:\Program Files\Microchip\mplabc18\v3.37\src\traditional\proc\p18F452.asm
                     LATA   0x000f89       data     extern C:\Program Files\Microchip\mplabc18\v3.37\src\traditional\proc\p18F452.asm
                 LATAbits   0x000f89       data     extern C:\Program Files\Microchip\mplabc18\v3.37\src\traditional\proc\p18F452.asm
                     LATB   0x000f8a       data     extern C:\Program Files\Microchip\mplabc18\v3.37\src\traditional\proc\p18F452.asm
                 LATBbits   0x000f8a       data     extern C:\Program Files\Microchip\mplabc18\v3.37\src\traditional\proc\p18F452.asm
                 LATCbits   0x000f8b       data     extern C:\Program Files\Microchip\mplabc18\v3.37\src\traditional\proc\p18F452.asm
                     LATC   0x000f8b       data     extern C:\Program Files\Microchip\mplabc18\v3.37\src\traditional\proc\p18F452.asm
                     LATD   0x000f8c       data     extern C:\Program Files\Microchip\mplabc18\v3.37\src\traditional\proc\p18F452.asm
                 LATDbits   0x000f8c       data     extern C:\Program Files\Microchip\mplabc18\v3.37\src\traditional\proc\p18F452.asm
                     LATE   0x000f8d       data     extern C:\Program Files\Microchip\mplabc18\v3.37\src\traditional\proc\p18F452.asm
                 LATEbits   0x000f8d       data     extern C:\Program Files\Microchip\mplabc18\v3.37\src\traditional\proc\p18F452.asm
                    TRISA   0x000f92       data     extern C:\Program Files\Microchip\mplabc18\v3.37\src\traditional\proc\p18F452.asm
                TRISAbits   0x000f92       data     extern C:\Program Files\Microchip\mplabc18\v3.37\src\traditional\proc\p18F452.asm
                     DDRA   0x000f92       data     extern C:\Program Files\Microchip\mplabc18\v3.37\src\traditional\proc\p18F452.asm
                 DDRAbits   0x000f92       data     extern C:\Program Files\Microchip\mplabc18\v3.37\src\traditional\proc\p18F452.asm
                     DDRB   0x000f93       data     extern C:\Program Files\Microchip\mplabc18\v3.37\src\traditional\proc\p18F452.asm
                 DDRBbits   0x000f93       data     extern C:\Program Files\Microchip\mplabc18\v3.37\src\traditional\proc\p18F452.asm
                    TRISB   0x000f93       data     extern C:\Program Files\Microchip\mplabc18\v3.37\src\traditional\proc\p18F452.asm
                TRISBbits   0x000f93       data     extern C:\Program Files\Microchip\mplabc18\v3.37\src\traditional\proc\p18F452.asm
                     DDRC   0x000f94       data     extern C:\Program Files\Microchip\mplabc18\v3.37\src\traditional\proc\p18F452.asm
                 DDRCbits   0x000f94       data     extern C:\Program Files\Microchip\mplabc18\v3.37\src\traditional\proc\p18F452.asm
                    TRISC   0x000f94       data     extern C:\Program Files\Microchip\mplabc18\v3.37\src\traditional\proc\p18F452.asm
                TRISCbits   0x000f94       data     extern C:\Program Files\Microchip\mplabc18\v3.37\src\traditional\proc\p18F452.asm
                     DDRD   0x000f95       data     extern C:\Program Files\Microchip\mplabc18\v3.37\src\traditional\proc\p18F452.asm
                 DDRDbits   0x000f95       data     extern C:\Program Files\Microchip\mplabc18\v3.37\src\traditional\proc\p18F452.asm
                    TRISD   0x000f95       data     extern C:\Program Files\Microchip\mplabc18\v3.37\src\traditional\proc\p18F452.asm
                TRISDbits   0x000f95       data     extern C:\Program Files\Microchip\mplabc18\v3.37\src\traditional\proc\p18F452.asm
                    TRISE   0x000f96       data     extern C:\Program Files\Microchip\mplabc18\v3.37\src\traditional\proc\p18F452.asm
                TRISEbits   0x000f96       data     extern C:\Program Files\Microchip\mplabc18\v3.37\src\traditional\proc\p18F452.asm
                     DDRE   0x000f96       data     extern C:\Program Files\Microchip\mplabc18\v3.37\src\traditional\proc\p18F452.asm
                 DDREbits   0x000f96       data     extern C:\Program Files\Microchip\mplabc18\v3.37\src\traditional\proc\p18F452.asm
                     PIE1   0x000f9d       data     extern C:\Program Files\Microchip\mplabc18\v3.37\src\traditional\proc\p18F452.asm
                 PIE1bits   0x000f9d       data     extern C:\Program Files\Microchip\mplabc18\v3.37\src\traditional\proc\p18F452.asm
                     PIR1   0x000f9e       data     extern C:\Program Files\Microchip\mplabc18\v3.37\src\traditional\proc\p18F452.asm
                 PIR1bits   0x000f9e       data     extern C:\Program Files\Microchip\mplabc18\v3.37\src\traditional\proc\p18F452.asm
                     IPR1   0x000f9f       data     extern C:\Program Files\Microchip\mplabc18\v3.37\src\traditional\proc\p18F452.asm
                 IPR1bits   0x000f9f       data     extern C:\Program Files\Microchip\mplabc18\v3.37\src\traditional\proc\p18F452.asm
                     PIE2   0x000fa0       data     extern C:\Program Files\Microchip\mplabc18\v3.37\src\traditional\proc\p18F452.asm
                 PIE2bits   0x000fa0       data     extern C:\Program Files\Microchip\mplabc18\v3.37\src\traditional\proc\p18F452.asm
                     PIR2   0x000fa1       data     extern C:\Program Files\Microchip\mplabc18\v3.37\src\traditional\proc\p18F452.asm
                 PIR2bits   0x000fa1       data     extern C:\Program Files\Microchip\mplabc18\v3.37\src\traditional\proc\p18F452.asm
                 IPR2bits   0x000fa2       data     extern C:\Program Files\Microchip\mplabc18\v3.37\src\traditional\proc\p18F452.asm
                     IPR2   0x000fa2       data     extern C:\Program Files\Microchip\mplabc18\v3.37\src\traditional\proc\p18F452.asm
                   EECON1   0x000fa6       data     extern C:\Program Files\Microchip\mplabc18\v3.37\src\traditional\proc\p18F452.asm
               EECON1bits   0x000fa6       data     extern C:\Program Files\Microchip\mplabc18\v3.37\src\traditional\proc\p18F452.asm
                   EECON2   0x000fa7       data     extern C:\Program Files\Microchip\mplabc18\v3.37\src\traditional\proc\p18F452.asm
                   EEDATA   0x000fa8       data     extern C:\Program Files\Microchip\mplabc18\v3.37\src\traditional\proc\p18F452.asm
                    EEADR   0x000fa9       data     extern C:\Program Files\Microchip\mplabc18\v3.37\src\traditional\proc\p18F452.asm
                    RCSTA   0x000fab       data     extern C:\Program Files\Microchip\mplabc18\v3.37\src\traditional\proc\p18F452.asm
                RCSTAbits   0x000fab       data     extern C:\Program Files\Microchip\mplabc18\v3.37\src\traditional\proc\p18F452.asm
                TXSTAbits   0x000fac       data     extern C:\Program Files\Microchip\mplabc18\v3.37\src\traditional\proc\p18F452.asm
                    TXSTA   0x000fac       data     extern C:\Program Files\Microchip\mplabc18\v3.37\src\traditional\proc\p18F452.asm
                    TXREG   0x000fad       data     extern C:\Program Files\Microchip\mplabc18\v3.37\src\traditional\proc\p18F452.asm
                    RCREG   0x000fae       data     extern C:\Program Files\Microchip\mplabc18\v3.37\src\traditional\proc\p18F452.asm
                    SPBRG   0x000faf       data     extern C:\Program Files\Microchip\mplabc18\v3.37\src\traditional\proc\p18F452.asm
                    T3CON   0x000fb1       data     extern C:\Program Files\Microchip\mplabc18\v3.37\src\traditional\proc\p18F452.asm
                T3CONbits   0x000fb1       data     extern C:\Program Files\Microchip\mplabc18\v3.37\src\traditional\proc\p18F452.asm
                    TMR3L   0x000fb2       data     extern C:\Program Files\Microchip\mplabc18\v3.37\src\traditional\proc\p18F452.asm
                    TMR3H   0x000fb3       data     extern C:\Program Files\Microchip\mplabc18\v3.37\src\traditional\proc\p18F452.asm
                  CCP2CON   0x000fba       data     extern C:\Program Files\Microchip\mplabc18\v3.37\src\traditional\proc\p18F452.asm
              CCP2CONbits   0x000fba       data     extern C:\Program Files\Microchip\mplabc18\v3.37\src\traditional\proc\p18F452.asm
                   CCPR2L   0x000fbb       data     extern C:\Program Files\Microchip\mplabc18\v3.37\src\traditional\proc\p18F452.asm
                    CCPR2   0x000fbb       data     extern C:\Program Files\Microchip\mplabc18\v3.37\src\traditional\proc\p18F452.asm
                   CCPR2H   0x000fbc       data     extern C:\Program Files\Microchip\mplabc18\v3.37\src\traditional\proc\p18F452.asm
              CCP1CONbits   0x000fbd       data     extern C:\Program Files\Microchip\mplabc18\v3.37\src\traditional\proc\p18F452.asm
                  CCP1CON   0x000fbd       data     extern C:\Program Files\Microchip\mplabc18\v3.37\src\traditional\proc\p18F452.asm
                   CCPR1L   0x000fbe       data     extern C:\Program Files\Microchip\mplabc18\v3.37\src\traditional\proc\p18F452.asm
                    CCPR1   0x000fbe       data     extern C:\Program Files\Microchip\mplabc18\v3.37\src\traditional\proc\p18F452.asm
                   CCPR1H   0x000fbf       data     extern C:\Program Files\Microchip\mplabc18\v3.37\src\traditional\proc\p18F452.asm
               ADCON1bits   0x000fc1       data     extern C:\Program Files\Microchip\mplabc18\v3.37\src\traditional\proc\p18F452.asm
                   ADCON1   0x000fc1       data     extern C:\Program Files\Microchip\mplabc18\v3.37\src\traditional\proc\p18F452.asm
                   ADCON0   0x000fc2       data     extern C:\Program Files\Microchip\mplabc18\v3.37\src\traditional\proc\p18F452.asm
               ADCON0bits   0x000fc2       data     extern C:\Program Files\Microchip\mplabc18\v3.37\src\traditional\proc\p18F452.asm
                   ADRESL   0x000fc3       data     extern C:\Program Files\Microchip\mplabc18\v3.37\src\traditional\proc\p18F452.asm
                    ADRES   0x000fc3       data     extern C:\Program Files\Microchip\mplabc18\v3.37\src\traditional\proc\p18F452.asm
                   ADRESH   0x000fc4       data     extern C:\Program Files\Microchip\mplabc18\v3.37\src\traditional\proc\p18F452.asm
                  SSPCON2   0x000fc5       data     extern C:\Program Files\Microchip\mplabc18\v3.37\src\traditional\proc\p18F452.asm
              SSPCON2bits   0x000fc5       data     extern C:\Program Files\Microchip\mplabc18\v3.37\src\traditional\proc\p18F452.asm
                  SSPCON1   0x000fc6       data     extern C:\Program Files\Microchip\mplabc18\v3.37\src\traditional\proc\p18F452.asm
              SSPCON1bits   0x000fc6       data     extern C:\Program Files\Microchip\mplabc18\v3.37\src\traditional\proc\p18F452.asm
              SSPSTATbits   0x000fc7       data     extern C:\Program Files\Microchip\mplabc18\v3.37\src\traditional\proc\p18F452.asm
                  SSPSTAT   0x000fc7       data     extern C:\Program Files\Microchip\mplabc18\v3.37\src\traditional\proc\p18F452.asm
                   SSPADD   0x000fc8       data     extern C:\Program Files\Microchip\mplabc18\v3.37\src\traditional\proc\p18F452.asm
                   SSPBUF   0x000fc9       data     extern C:\Program Files\Microchip\mplabc18\v3.37\src\traditional\proc\p18F452.asm
                    T2CON   0x000fca       data     extern C:\Program Files\Microchip\mplabc18\v3.37\src\traditional\proc\p18F452.asm
                T2CONbits   0x000fca       data     extern C:\Program Files\Microchip\mplabc18\v3.37\src\traditional\proc\p18F452.asm
                      PR2   0x000fcb       data     extern C:\Program Files\Microchip\mplabc18\v3.37\src\traditional\proc\p18F452.asm
                     TMR2   0x000fcc       data     extern C:\Program Files\Microchip\mplabc18\v3.37\src\traditional\proc\p18F452.asm
                T1CONbits   0x000fcd       data     extern C:\Program Files\Microchip\mplabc18\v3.37\src\traditional\proc\p18F452.asm
                    T1CON   0x000fcd       data     extern C:\Program Files\Microchip\mplabc18\v3.37\src\traditional\proc\p18F452.asm
                    TMR1L   0x000fce       data     extern C:\Program Files\Microchip\mplabc18\v3.37\src\traditional\proc\p18F452.asm
                    TMR1H   0x000fcf       data     extern C:\Program Files\Microchip\mplabc18\v3.37\src\traditional\proc\p18F452.asm
                 RCONbits   0x000fd0       data     extern C:\Program Files\Microchip\mplabc18\v3.37\src\traditional\proc\p18F452.asm
                     RCON   0x000fd0       data     extern C:\Program Files\Microchip\mplabc18\v3.37\src\traditional\proc\p18F452.asm
               WDTCONbits   0x000fd1       data     extern C:\Program Files\Microchip\mplabc18\v3.37\src\traditional\proc\p18F452.asm
                   WDTCON   0x000fd1       data     extern C:\Program Files\Microchip\mplabc18\v3.37\src\traditional\proc\p18F452.asm
               LVDCONbits   0x000fd2       data     extern C:\Program Files\Microchip\mplabc18\v3.37\src\traditional\proc\p18F452.asm
                   LVDCON   0x000fd2       data     extern C:\Program Files\Microchip\mplabc18\v3.37\src\traditional\proc\p18F452.asm
                   OSCCON   0x000fd3       data     extern C:\Program Files\Microchip\mplabc18\v3.37\src\traditional\proc\p18F452.asm
               OSCCONbits   0x000fd3       data     extern C:\Program Files\Microchip\mplabc18\v3.37\src\traditional\proc\p18F452.asm
                    T0CON   0x000fd5       data     extern C:\Program Files\Microchip\mplabc18\v3.37\src\traditional\proc\p18F452.asm
                T0CONbits   0x000fd5       data     extern C:\Program Files\Microchip\mplabc18\v3.37\src\traditional\proc\p18F452.asm
                    TMR0L   0x000fd6       data     extern C:\Program Files\Microchip\mplabc18\v3.37\src\traditional\proc\p18F452.asm
                    TMR0H   0x000fd7       data     extern C:\Program Files\Microchip\mplabc18\v3.37\src\traditional\proc\p18F452.asm
                   STATUS   0x000fd8       data     extern C:\Program Files\Microchip\mplabc18\v3.37\src\traditional\proc\p18F452.asm
               STATUSbits   0x000fd8       data     extern C:\Program Files\Microchip\mplabc18\v3.37\src\traditional\proc\p18F452.asm
                    FSR2L   0x000fd9       data     extern C:\Program Files\Microchip\mplabc18\v3.37\src\traditional\proc\p18F452.asm
                     FSR2   0x000fd9       data     extern C:\Program Files\Microchip\mplabc18\v3.37\src\traditional\proc\p18F452.asm
                    FSR2H   0x000fda       data     extern C:\Program Files\Microchip\mplabc18\v3.37\src\traditional\proc\p18F452.asm
                   PLUSW2   0x000fdb       data     extern C:\Program Files\Microchip\mplabc18\v3.37\src\traditional\proc\p18F452.asm
                  PREINC2   0x000fdc       data     extern C:\Program Files\Microchip\mplabc18\v3.37\src\traditional\proc\p18F452.asm
                 POSTDEC2   0x000fdd       data     extern C:\Program Files\Microchip\mplabc18\v3.37\src\traditional\proc\p18F452.asm
                 POSTINC2   0x000fde       data     extern C:\Program Files\Microchip\mplabc18\v3.37\src\traditional\proc\p18F452.asm
                    INDF2   0x000fdf       data     extern C:\Program Files\Microchip\mplabc18\v3.37\src\traditional\proc\p18F452.asm
                      BSR   0x000fe0       data     extern C:\Program Files\Microchip\mplabc18\v3.37\src\traditional\proc\p18F452.asm
                     FSR1   0x000fe1       data     extern C:\Program Files\Microchip\mplabc18\v3.37\src\traditional\proc\p18F452.asm
                    FSR1L   0x000fe1       data     extern C:\Program Files\Microchip\mplabc18\v3.37\src\traditional\proc\p18F452.asm
                    FSR1H   0x000fe2       data     extern C:\Program Files\Microchip\mplabc18\v3.37\src\traditional\proc\p18F452.asm
                   PLUSW1   0x000fe3       data     extern C:\Program Files\Microchip\mplabc18\v3.37\src\traditional\proc\p18F452.asm
                  PREINC1   0x000fe4       data     extern C:\Program Files\Microchip\mplabc18\v3.37\src\traditional\proc\p18F452.asm
                 POSTDEC1   0x000fe5       data     extern C:\Program Files\Microchip\mplabc18\v3.37\src\traditional\proc\p18F452.asm
                 POSTINC1   0x000fe6       data     extern C:\Program Files\Microchip\mplabc18\v3.37\src\traditional\proc\p18F452.asm
                    INDF1   0x000fe7       data     extern C:\Program Files\Microchip\mplabc18\v3.37\src\traditional\proc\p18F452.asm
                     WREG   0x000fe8       data     extern C:\Program Files\Microchip\mplabc18\v3.37\src\traditional\proc\p18F452.asm
                        W   0x000fe8       data     extern C:\Program Files\Microchip\mplabc18\v3.37\src\traditional\proc\p18F452.asm
                    FSR0L   0x000fe9       data     extern C:\Program Files\Microchip\mplabc18\v3.37\src\traditional\proc\p18F452.asm
                     FSR0   0x000fe9       data     extern C:\Program Files\Microchip\mplabc18\v3.37\src\traditional\proc\p18F452.asm
                    FSR0H   0x000fea       data     extern C:\Program Files\Microchip\mplabc18\v3.37\src\traditional\proc\p18F452.asm
                   PLUSW0   0x000feb       data     extern C:\Program Files\Microchip\mplabc18\v3.37\src\traditional\proc\p18F452.asm
                  PREINC0   0x000fec       data     extern C:\Program Files\Microchip\mplabc18\v3.37\src\traditional\proc\p18F452.asm
                 POSTDEC0   0x000fed       data     extern C:\Program Files\Microchip\mplabc18\v3.37\src\traditional\proc\p18F452.asm
                 POSTINC0   0x000fee       data     extern C:\Program Files\Microchip\mplabc18\v3.37\src\traditional\proc\p18F452.asm
                    INDF0   0x000fef       data     extern C:\Program Files\Microchip\mplabc18\v3.37\src\traditional\proc\p18F452.asm
              INTCON3bits   0x000ff0       data     extern C:\Program Files\Microchip\mplabc18\v3.37\src\traditional\proc\p18F452.asm
                  INTCON3   0x000ff0       data     extern C:\Program Files\Microchip\mplabc18\v3.37\src\traditional\proc\p18F452.asm
              INTCON2bits   0x000ff1       data     extern C:\Program Files\Microchip\mplabc18\v3.37\src\traditional\proc\p18F452.asm
                  INTCON2   0x000ff1       data     extern C:\Program Files\Microchip\mplabc18\v3.37\src\traditional\proc\p18F452.asm
                   INTCON   0x000ff2       data     extern C:\Program Files\Microchip\mplabc18\v3.37\src\traditional\proc\p18F452.asm
                  INTCON1   0x000ff2       data     extern C:\Program Files\Microchip\mplabc18\v3.37\src\traditional\proc\p18F452.asm
              INTCON1bits   0x000ff2       data     extern C:\Program Files\Microchip\mplabc18\v3.37\src\traditional\proc\p18F452.asm
               INTCONbits   0x000ff2       data     extern C:\Program Files\Microchip\mplabc18\v3.37\src\traditional\proc\p18F452.asm
                     PROD   0x000ff3       data     extern C:\Program Files\Microchip\mplabc18\v3.37\src\traditional\proc\p18F452.asm
                    PRODL   0x000ff3       data     extern C:\Program Files\Microchip\mplabc18\v3.37\src\traditional\proc\p18F452.asm
                    PRODH   0x000ff4       data     extern C:\Program Files\Microchip\mplabc18\v3.37\src\traditional\proc\p18F452.asm
                   TABLAT   0x000ff5       data     extern C:\Program Files\Microchip\mplabc18\v3.37\src\traditional\proc\p18F452.asm
                   TBLPTR   0x000ff6       data     extern C:\Program Files\Microchip\mplabc18\v3.37\src\traditional\proc\p18F452.asm
                  TBLPTRL   0x000ff6       data     extern C:\Program Files\Microchip\mplabc18\v3.37\src\traditional\proc\p18F452.asm
                  TBLPTRH   0x000ff7       data     extern C:\Program Files\Microchip\mplabc18\v3.37\src\traditional\proc\p18F452.asm
                  TBLPTRU   0x000ff8       data     extern C:\Program Files\Microchip\mplabc18\v3.37\src\traditional\proc\p18F452.asm
                       PC   0x000ff9       data     extern C:\Program Files\Microchip\mplabc18\v3.37\src\traditional\proc\p18F452.asm
                      PCL   0x000ff9       data     extern C:\Program Files\Microchip\mplabc18\v3.37\src\traditional\proc\p18F452.asm
                   PCLATH   0x000ffa       data     extern C:\Program Files\Microchip\mplabc18\v3.37\src\traditional\proc\p18F452.asm
                   PCLATU   0x000ffb       data     extern C:\Program Files\Microchip\mplabc18\v3.37\src\traditional\proc\p18F452.asm
               STKPTRbits   0x000ffc       data     extern C:\Program Files\Microchip\mplabc18\v3.37\src\traditional\proc\p18F452.asm
                   STKPTR   0x000ffc       data     extern C:\Program Files\Microchip\mplabc18\v3.37\src\traditional\proc\p18F452.asm
                     TOSL   0x000ffd       data     extern C:\Program Files\Microchip\mplabc18\v3.37\src\traditional\proc\p18F452.asm
                      TOS   0x000ffd       data     extern C:\Program Files\Microchip\mplabc18\v3.37\src\traditional\proc\p18F452.asm
                     TOSH   0x000ffe       data     extern C:\Program Files\Microchip\mplabc18\v3.37\src\traditional\proc\p18F452.asm
                     TOSU   0x000fff       data     extern C:\Program Files\Microchip\mplabc18\v3.37\src\traditional\proc\p18F452.asm


