Component: ARM Compiler 5.05 update 1 (build 106) Tool: armlink [4d0efa]

==============================================================================

Section Cross References

    lpc2300.o(STACK) refers (Special) to heapauxi.o(.text) for __use_two_region_memory
    lpc2300.o(HEAP) refers (Special) to heapauxi.o(.text) for __use_two_region_memory
    lpc2300.o(RESET) refers (Special) to heapauxi.o(.text) for __use_two_region_memory
    lpc2300.o(RESET) refers to lpc2300.o(STACK) for Stack_Top
    lpc2300.o(RESET) refers to __main.o(!!!main) for __main
    lpc2300.o(.text) refers (Special) to heapauxi.o(.text) for __use_two_region_memory
    lpc2300.o(.text) refers to lpc2300.o(HEAP) for Heap_Mem
    lpc2300.o(.text) refers to lpc2300.o(STACK) for Stack_Mem
    can_api.o(i.CAN_Init) refers to can_api.o(.data) for CAN_Init_Done
    can_api.o(i.CAN_Init) refers to can_api.o(i.CAN_Interrupt_Handler) for CAN_Interrupt_Handler
    can_api.o(i.CAN_Interrupt_Handler) refers to can_api.o(i.CAN_Receive_Message) for CAN_Receive_Message
    can_api.o(i.CAN_Interrupt_Handler) refers to can_api.o(.data) for CAN1_Counter_RX
    can_api.o(i.CAN_Interrupt_Handler) refers to can_api.o(.bss) for CAN1_RX_messages
    can_api.o(i.CAN_Receive_Message) refers to can_api.o(.data) for CAN_Rx_Done
    can_api.o(i.CAN_Send_Message) refers to can_api.o(.data) for CAN_Tx_Done
    can_api.o(i.CAN_Set_Acceptance_Filter_Mode) refers to can_api.o(i.CAN_Set_Acceptance_LUT_RAM) for CAN_Set_Acceptance_LUT_RAM
    can_api.o(i.CAN_Set_Acceptance_LUT_RAM) refers to can_api.o(.data) for CAN_LUT_RAM_layout_done
    can_api.o(i.CAN_Set_Acceptance_LUT_RAM) refers to can_api.o(.constdata) for CAN1_Array_FullCAN_IDs
    can_test_rx.o(i.main) refers to can_api.o(i.CAN_Init) for CAN_Init
    can_test_rx.o(i.main) refers to can_api.o(i.CAN_Set_Acceptance_Filter_Mode) for CAN_Set_Acceptance_Filter_Mode
    __main.o(!!!main) refers to __rtentry.o(.ARM.Collect$$rtentry$$00000000) for __rt_entry
    __rtentry.o(.ARM.Collect$$rtentry$$00000000) refers (Special) to __rtentry2.o(.ARM.Collect$$rtentry$$0000000A) for __rt_entry_li
    __rtentry.o(.ARM.Collect$$rtentry$$00000000) refers (Special) to __rtentry2.o(.ARM.Collect$$rtentry$$0000000D) for __rt_entry_main
    __rtentry.o(.ARM.Collect$$rtentry$$00000000) refers (Special) to __rtentry2.o(.ARM.Collect$$rtentry$$0000000C) for __rt_entry_postli_1
    __rtentry.o(.ARM.Collect$$rtentry$$00000000) refers (Special) to __rtentry2.o(.ARM.Collect$$rtentry$$00000009) for __rt_entry_postsh_1
    __rtentry.o(.ARM.Collect$$rtentry$$00000000) refers (Special) to __rtentry2.o(.ARM.Collect$$rtentry$$00000002) for __rt_entry_presh_1
    __rtentry.o(.ARM.Collect$$rtentry$$00000000) refers (Special) to __rtentry4.o(.ARM.Collect$$rtentry$$00000004) for __rt_entry_sh
    __rtentry2.o(.ARM.Collect$$rtentry$$00000008) refers to boardinit2.o(.text) for _platform_post_stackheap_init
    __rtentry2.o(.ARM.Collect$$rtentry$$0000000A) refers to libinit.o(.ARM.Collect$$libinit$$00000000) for __rt_lib_init
    __rtentry2.o(.ARM.Collect$$rtentry$$0000000B) refers to boardinit3.o(.text) for _platform_post_lib_init
    __rtentry2.o(.ARM.Collect$$rtentry$$0000000D) refers to exit.o(.text) for exit
    __rtentry2.o(.ARM.Collect$$rtentry$$0000000D) refers to can_test_rx.o(i.main) for main
    __rtentry2.o(.ARM.exidx) refers to __rtentry2.o(.ARM.Collect$$rtentry$$00000001) for .ARM.Collect$$rtentry$$00000001
    __rtentry2.o(.ARM.exidx) refers to __rtentry2.o(.ARM.Collect$$rtentry$$00000008) for .ARM.Collect$$rtentry$$00000008
    __rtentry2.o(.ARM.exidx) refers to __rtentry2.o(.ARM.Collect$$rtentry$$0000000A) for .ARM.Collect$$rtentry$$0000000A
    __rtentry2.o(.ARM.exidx) refers to __rtentry2.o(.ARM.Collect$$rtentry$$0000000B) for .ARM.Collect$$rtentry$$0000000B
    __rtentry2.o(.ARM.exidx) refers to __rtentry2.o(.ARM.Collect$$rtentry$$0000000D) for .ARM.Collect$$rtentry$$0000000D
    __rtentry4.o(.ARM.Collect$$rtentry$$00000004) refers to sys_stackheap_outer.o(.text) for __user_setup_stackheap
    __rtentry4.o(.ARM.exidx) refers to __rtentry4.o(.ARM.Collect$$rtentry$$00000004) for .ARM.Collect$$rtentry$$00000004
    sys_stackheap_outer.o(.text) refers to libspace.o(.text) for __user_perproc_libspace
    sys_stackheap_outer.o(.text) refers to lpc2300.o(.text) for __user_initial_stackheap
    exit.o(.text) refers to rtexit.o(.ARM.Collect$$rtexit$$00000000) for __rt_exit
    libinit.o(.ARM.Collect$$libinit$$00000000) refers (Special) to libinit2.o(.ARM.Collect$$libinit$$0000002E) for __rt_lib_init_alloca_1
    libinit.o(.ARM.Collect$$libinit$$00000000) refers (Special) to libinit2.o(.ARM.Collect$$libinit$$0000002C) for __rt_lib_init_argv_1
    libinit.o(.ARM.Collect$$libinit$$00000000) refers (Special) to libinit2.o(.ARM.Collect$$libinit$$0000001B) for __rt_lib_init_atexit_1
    libinit.o(.ARM.Collect$$libinit$$00000000) refers (Special) to libinit2.o(.ARM.Collect$$libinit$$00000021) for __rt_lib_init_clock_1
    libinit.o(.ARM.Collect$$libinit$$00000000) refers (Special) to libinit2.o(.ARM.Collect$$libinit$$00000032) for __rt_lib_init_cpp_1
    libinit.o(.ARM.Collect$$libinit$$00000000) refers (Special) to libinit2.o(.ARM.Collect$$libinit$$00000030) for __rt_lib_init_exceptions_1
    libinit.o(.ARM.Collect$$libinit$$00000000) refers (Special) to libinit2.o(.ARM.Collect$$libinit$$00000002) for __rt_lib_init_fp_1
    libinit.o(.ARM.Collect$$libinit$$00000000) refers (Special) to libinit2.o(.ARM.Collect$$libinit$$0000001F) for __rt_lib_init_fp_trap_1
    libinit.o(.ARM.Collect$$libinit$$00000000) refers (Special) to libinit2.o(.ARM.Collect$$libinit$$00000023) for __rt_lib_init_getenv_1
    libinit.o(.ARM.Collect$$libinit$$00000000) refers (Special) to libinit2.o(.ARM.Collect$$libinit$$0000000A) for __rt_lib_init_heap_1
    libinit.o(.ARM.Collect$$libinit$$00000000) refers (Special) to libinit2.o(.ARM.Collect$$libinit$$00000011) for __rt_lib_init_lc_collate_1
    libinit.o(.ARM.Collect$$libinit$$00000000) refers (Special) to libinit2.o(.ARM.Collect$$libinit$$00000013) for __rt_lib_init_lc_ctype_1
    libinit.o(.ARM.Collect$$libinit$$00000000) refers (Special) to libinit2.o(.ARM.Collect$$libinit$$00000015) for __rt_lib_init_lc_monetary_1
    libinit.o(.ARM.Collect$$libinit$$00000000) refers (Special) to libinit2.o(.ARM.Collect$$libinit$$00000017) for __rt_lib_init_lc_numeric_1
    libinit.o(.ARM.Collect$$libinit$$00000000) refers (Special) to libinit2.o(.ARM.Collect$$libinit$$00000019) for __rt_lib_init_lc_time_1
    libinit.o(.ARM.Collect$$libinit$$00000000) refers (Special) to libinit2.o(.ARM.Collect$$libinit$$00000004) for __rt_lib_init_preinit_1
    libinit.o(.ARM.Collect$$libinit$$00000000) refers (Special) to libinit2.o(.ARM.Collect$$libinit$$0000000E) for __rt_lib_init_rand_1
    libinit.o(.ARM.Collect$$libinit$$00000000) refers (Special) to libinit2.o(.ARM.Collect$$libinit$$00000033) for __rt_lib_init_return
    libinit.o(.ARM.Collect$$libinit$$00000000) refers (Special) to libinit2.o(.ARM.Collect$$libinit$$0000001D) for __rt_lib_init_signal_1
    libinit.o(.ARM.Collect$$libinit$$00000000) refers (Special) to libinit2.o(.ARM.Collect$$libinit$$00000025) for __rt_lib_init_stdio_1
    libinit.o(.ARM.Collect$$libinit$$00000000) refers (Special) to libinit2.o(.ARM.Collect$$libinit$$0000000C) for __rt_lib_init_user_alloc_1
    libspace.o(.text) refers to libspace.o(.bss) for __libspace_start
    rtexit.o(.ARM.Collect$$rtexit$$00000000) refers (Special) to rtexit2.o(.ARM.Collect$$rtexit$$00000004) for __rt_exit_exit
    rtexit.o(.ARM.Collect$$rtexit$$00000000) refers (Special) to rtexit2.o(.ARM.Collect$$rtexit$$00000003) for __rt_exit_ls
    rtexit.o(.ARM.Collect$$rtexit$$00000000) refers (Special) to rtexit2.o(.ARM.Collect$$rtexit$$00000002) for __rt_exit_prels_1
    rtexit.o(.ARM.exidx) refers (Special) to rtexit2.o(.ARM.Collect$$rtexit$$00000004) for __rt_exit_exit
    rtexit.o(.ARM.exidx) refers (Special) to rtexit2.o(.ARM.Collect$$rtexit$$00000003) for __rt_exit_ls
    rtexit.o(.ARM.exidx) refers (Special) to rtexit2.o(.ARM.Collect$$rtexit$$00000002) for __rt_exit_prels_1
    rtexit.o(.ARM.exidx) refers to rtexit.o(.ARM.Collect$$rtexit$$00000000) for .ARM.Collect$$rtexit$$00000000
    libinit2.o(.ARM.Collect$$libinit$$00000001) refers to fpinit.o(x$fpl$fpinit) for _fp_init
    libinit2.o(.ARM.Collect$$libinit$$00000010) refers to libinit2.o(.ARM.Collect$$libinit$$0000000F) for .ARM.Collect$$libinit$$0000000F
    libinit2.o(.ARM.Collect$$libinit$$00000012) refers to libinit2.o(.ARM.Collect$$libinit$$0000000F) for .ARM.Collect$$libinit$$0000000F
    libinit2.o(.ARM.Collect$$libinit$$00000014) refers to libinit2.o(.ARM.Collect$$libinit$$0000000F) for .ARM.Collect$$libinit$$0000000F
    libinit2.o(.ARM.Collect$$libinit$$00000016) refers to libinit2.o(.ARM.Collect$$libinit$$0000000F) for .ARM.Collect$$libinit$$0000000F
    libinit2.o(.ARM.Collect$$libinit$$00000018) refers to libinit2.o(.ARM.Collect$$libinit$$0000000F) for .ARM.Collect$$libinit$$0000000F
    libinit2.o(.ARM.Collect$$libinit$$00000026) refers to argv_veneer.o(.emb_text) for __ARM_argv_veneer
    libinit2.o(.ARM.Collect$$libinit$$00000027) refers to argv_veneer.o(.emb_text) for __ARM_argv_veneer
    rtexit2.o(.ARM.Collect$$rtexit$$00000003) refers to libshutdown.o(.ARM.Collect$$libshutdown$$00000000) for __rt_lib_shutdown
    rtexit2.o(.ARM.Collect$$rtexit$$00000004) refers to sys_exit.o(.text) for _sys_exit
    rtexit2.o(.ARM.exidx) refers to rtexit2.o(.ARM.Collect$$rtexit$$00000001) for .ARM.Collect$$rtexit$$00000001
    rtexit2.o(.ARM.exidx) refers to rtexit2.o(.ARM.Collect$$rtexit$$00000003) for .ARM.Collect$$rtexit$$00000003
    rtexit2.o(.ARM.exidx) refers to rtexit2.o(.ARM.Collect$$rtexit$$00000004) for .ARM.Collect$$rtexit$$00000004
    argv_veneer.o(.emb_text) refers to no_argv.o(.text) for __ARM_get_argv
    sys_exit.o(.text) refers (Special) to use_no_semi.o(.text) for __I$use$semihosting
    sys_exit.o(.text) refers (Special) to indicate_semi.o(.text) for __semihosting_library_function
    _get_argv_nomalloc.o(.text) refers (Special) to hrguard.o(.text) for __heap_region$guard
    _get_argv_nomalloc.o(.text) refers to defsig_rtmem_outer.o(.text) for __rt_SIGRTMEM
    _get_argv_nomalloc.o(.text) refers to sys_command.o(.text) for _sys_command_string
    libshutdown.o(.ARM.Collect$$libshutdown$$00000000) refers (Special) to libshutdown2.o(.ARM.Collect$$libshutdown$$00000006) for __rt_lib_shutdown_fp_trap_1
    libshutdown.o(.ARM.Collect$$libshutdown$$00000000) refers (Special) to libshutdown2.o(.ARM.Collect$$libshutdown$$0000000E) for __rt_lib_shutdown_heap_1
    libshutdown.o(.ARM.Collect$$libshutdown$$00000000) refers (Special) to libshutdown2.o(.ARM.Collect$$libshutdown$$0000000F) for __rt_lib_shutdown_return
    libshutdown.o(.ARM.Collect$$libshutdown$$00000000) refers (Special) to libshutdown2.o(.ARM.Collect$$libshutdown$$00000009) for __rt_lib_shutdown_signal_1
    libshutdown.o(.ARM.Collect$$libshutdown$$00000000) refers (Special) to libshutdown2.o(.ARM.Collect$$libshutdown$$00000003) for __rt_lib_shutdown_stdio_1
    libshutdown.o(.ARM.Collect$$libshutdown$$00000000) refers (Special) to libshutdown2.o(.ARM.Collect$$libshutdown$$0000000B) for __rt_lib_shutdown_user_alloc_1
    sys_command.o(.text) refers (Special) to use_no_semi.o(.text) for __I$use$semihosting
    sys_command.o(.text) refers (Special) to indicate_semi.o(.text) for __semihosting_library_function
    defsig_rtmem_outer.o(.text) refers to defsig_rtmem_inner.o(.text) for __rt_SIGRTMEM_inner
    defsig_rtmem_outer.o(.text) refers to defsig_exit.o(.text) for __sig_exit
    defsig_rtmem_formal.o(.text) refers to rt_raise.o(.text) for __rt_raise
    rt_raise.o(.text) refers to __raise.o(.text) for __raise
    rt_raise.o(.text) refers to sys_exit.o(.text) for _sys_exit
    defsig_exit.o(.text) refers to sys_exit.o(.text) for _sys_exit
    defsig_rtmem_inner.o(.text) refers to defsig_general.o(.text) for __default_signal_display
    __raise.o(.text) refers to __raise.o(i.__ARM_common_call_via_r2) for __ARM_common_call_via_r2
    __raise.o(.text) refers to defsig.o(CL$$defsig) for __default_signal_handler
    defsig_general.o(.text) refers to sys_wrch.o(.text) for _ttywrch
    sys_wrch.o(.text) refers (Special) to use_no_semi.o(.text) for __I$use$semihosting
    sys_wrch.o(.text) refers (Special) to indicate_semi.o(.text) for __semihosting_library_function
    defsig.o(CL$$defsig) refers to defsig_rtmem_inner.o(.text) for __rt_SIGRTMEM_inner
    defsig_abrt_inner.o(.text) refers to defsig_general.o(.text) for __default_signal_display
    defsig_fpe_inner.o(.text) refers to defsig_general.o(.text) for __default_signal_display
    defsig_rtred_inner.o(.text) refers to defsig_general.o(.text) for __default_signal_display
    defsig_stak_inner.o(.text) refers to defsig_general.o(.text) for __default_signal_display
    defsig_pvfn_inner.o(.text) refers to defsig_general.o(.text) for __default_signal_display
    defsig_cppl_inner.o(.text) refers to defsig_general.o(.text) for __default_signal_display
    defsig_segv_inner.o(.text) refers to defsig_general.o(.text) for __default_signal_display
    defsig_other.o(.text) refers to defsig_general.o(.text) for __default_signal_display


==============================================================================

Removing Unused input sections from the image.

    Removing can_api.o(i.CAN_Send_Message), (1144 bytes).

1 unused section(s) (total 1144 bytes) removed from the image.

==============================================================================

Adding Veneers to the image

    Adding AT veneer (8 bytes, Inline) for call to '__rt_lib_init' from __rtentry2.o(.ARM.Collect$$rtentry$$0000000A).
    Adding AT veneer (8 bytes, Inline) for call to '__rt_lib_shutdown' from rtexit2.o(.ARM.Collect$$rtexit$$00000003).
    Adding TA veneer (4 bytes, Inline) for call to '__rt_exit' from exit.o(.text).
    Adding AT veneer (8 bytes, Inline) for call to '_sys_exit' from rtexit2.o(.ARM.Collect$$rtexit$$00000004).

4 Veneer(s) (total 28 bytes) added to the image.

==============================================================================

Image Symbol Table

    Local Symbols

    Symbol Name                              Value     Ov Type        Size  Object(Section)

    RESET                                    0x00000000   Section      376  lpc2300.o(RESET)
    ../clib/angel/boardlib.s                 0x00000000   Number         0  boardinit1.o ABSOLUTE
    ../clib/angel/boardlib.s                 0x00000000   Number         0  boardshut.o ABSOLUTE
    ../clib/angel/boardlib.s                 0x00000000   Number         0  boardinit3.o ABSOLUTE
    ../clib/angel/boardlib.s                 0x00000000   Number         0  boardinit2.o ABSOLUTE
    ../clib/angel/handlers.s                 0x00000000   Number         0  __scatter_zi.o ABSOLUTE
    ../clib/angel/handlers.s                 0x00000000   Number         0  __scatter_copy.o ABSOLUTE
    ../clib/angel/kernel.s                   0x00000000   Number         0  rtexit2.o ABSOLUTE
    ../clib/angel/kernel.s                   0x00000000   Number         0  rtexit.o ABSOLUTE
    ../clib/angel/kernel.s                   0x00000000   Number         0  __rtentry.o ABSOLUTE
    ../clib/angel/kernel.s                   0x00000000   Number         0  __rtentry4.o ABSOLUTE
    ../clib/angel/kernel.s                   0x00000000   Number         0  __rtentry2.o ABSOLUTE
    ../clib/angel/rt.s                       0x00000000   Number         0  rt_raise.o ABSOLUTE
    ../clib/angel/scatter.s                  0x00000000   Number         0  __scatter.o ABSOLUTE
    ../clib/angel/startup.s                  0x00000000   Number         0  __main.o ABSOLUTE
    ../clib/angel/sys.s                      0x00000000   Number         0  libspace.o ABSOLUTE
    ../clib/angel/sys.s                      0x00000000   Number         0  use_no_semi.o ABSOLUTE
    ../clib/angel/sys.s                      0x00000000   Number         0  sys_stackheap_outer.o ABSOLUTE
    ../clib/angel/sys.s                      0x00000000   Number         0  indicate_semi.o ABSOLUTE
    ../clib/angel/sysapp.c                   0x00000000   Number         0  sys_command.o ABSOLUTE
    ../clib/angel/sysapp.c                   0x00000000   Number         0  sys_exit.o ABSOLUTE
    ../clib/angel/sysapp.c                   0x00000000   Number         0  sys_wrch.o ABSOLUTE
    ../clib/armsys.c                         0x00000000   Number         0  no_argv.o ABSOLUTE
    ../clib/armsys.c                         0x00000000   Number         0  _get_argv_nomalloc.o ABSOLUTE
    ../clib/armsys.c                         0x00000000   Number         0  argv_veneer.o ABSOLUTE
    ../clib/armsys.c                         0x00000000   Number         0  argv_veneer.o ABSOLUTE
    ../clib/heapalloc.c                      0x00000000   Number         0  hrguard.o ABSOLUTE
    ../clib/heapaux.c                        0x00000000   Number         0  heapauxi.o ABSOLUTE
    ../clib/libinit.s                        0x00000000   Number         0  libshutdown.o ABSOLUTE
    ../clib/libinit.s                        0x00000000   Number         0  libinit2.o ABSOLUTE
    ../clib/libinit.s                        0x00000000   Number         0  libshutdown2.o ABSOLUTE
    ../clib/libinit.s                        0x00000000   Number         0  libinit.o ABSOLUTE
    ../clib/signal.c                         0x00000000   Number         0  defsig_fpe_inner.o ABSOLUTE
    ../clib/signal.c                         0x00000000   Number         0  defsig_pvfn_inner.o ABSOLUTE
    ../clib/signal.c                         0x00000000   Number         0  defsig_abrt_inner.o ABSOLUTE
    ../clib/signal.c                         0x00000000   Number         0  defsig_general.o ABSOLUTE
    ../clib/signal.c                         0x00000000   Number         0  defsig_cppl_inner.o ABSOLUTE
    ../clib/signal.c                         0x00000000   Number         0  __raise.o ABSOLUTE
    ../clib/signal.c                         0x00000000   Number         0  defsig_rtmem_inner.o ABSOLUTE
    ../clib/signal.c                         0x00000000   Number         0  defsig_exit.o ABSOLUTE
    ../clib/signal.c                         0x00000000   Number         0  defsig_segv_inner.o ABSOLUTE
    ../clib/signal.c                         0x00000000   Number         0  defsig_other.o ABSOLUTE
    ../clib/signal.c                         0x00000000   Number         0  defsig_rtmem_formal.o ABSOLUTE
    ../clib/signal.c                         0x00000000   Number         0  defsig_rtred_inner.o ABSOLUTE
    ../clib/signal.c                         0x00000000   Number         0  defsig_rtmem_outer.o ABSOLUTE
    ../clib/signal.c                         0x00000000   Number         0  defsig_stak_inner.o ABSOLUTE
    ../clib/signal.s                         0x00000000   Number         0  defsig.o ABSOLUTE
    ../clib/stdlib.c                         0x00000000   Number         0  exit.o ABSOLUTE
    ../fplib/fpinit.s                        0x00000000   Number         0  fpinit.o ABSOLUTE
    LPC2300.s                                0x00000000   Number         0  lpc2300.o ABSOLUTE
    can_api.c                                0x00000000   Number         0  can_api.o ABSOLUTE
    can_test_rx.c                            0x00000000   Number         0  can_test_rx.o ABSOLUTE
    dc.s                                     0x00000000   Number         0  dc.o ABSOLUTE
    Undef_Handler                            0x00000040   ARM Code       4  lpc2300.o(RESET)
    SWI_Handler                              0x00000044   ARM Code       4  lpc2300.o(RESET)
    PAbt_Handler                             0x00000048   ARM Code       4  lpc2300.o(RESET)
    DAbt_Handler                             0x0000004c   ARM Code       4  lpc2300.o(RESET)
    IRQ_Handler                              0x00000050   ARM Code       4  lpc2300.o(RESET)
    FIQ_Handler                              0x00000054   ARM Code       4  lpc2300.o(RESET)
    !!!main                                  0x00000178   Section        8  __main.o(!!!main)
    !!!scatter                               0x00000180   Section       60  __scatter.o(!!!scatter)
    !!handler_copy                           0x000001bc   Section       40  __scatter_copy.o(!!handler_copy)
    !!handler_zi                             0x000001e4   Section       44  __scatter_zi.o(!!handler_zi)
    .ARM.Collect$$libinit$$00000000          0x00000218   Section        2  libinit.o(.ARM.Collect$$libinit$$00000000)
    .ARM.Collect$$libinit$$00000002          0x0000021a   Section        0  libinit2.o(.ARM.Collect$$libinit$$00000002)
    .ARM.Collect$$libinit$$00000004          0x0000021a   Section        0  libinit2.o(.ARM.Collect$$libinit$$00000004)
    .ARM.Collect$$libinit$$0000000A          0x0000021a   Section        0  libinit2.o(.ARM.Collect$$libinit$$0000000A)
    .ARM.Collect$$libinit$$0000000C          0x0000021a   Section        0  libinit2.o(.ARM.Collect$$libinit$$0000000C)
    .ARM.Collect$$libinit$$0000000E          0x0000021a   Section        0  libinit2.o(.ARM.Collect$$libinit$$0000000E)
    .ARM.Collect$$libinit$$00000011          0x0000021a   Section        0  libinit2.o(.ARM.Collect$$libinit$$00000011)
    .ARM.Collect$$libinit$$00000013          0x0000021a   Section        0  libinit2.o(.ARM.Collect$$libinit$$00000013)
    .ARM.Collect$$libinit$$00000015          0x0000021a   Section        0  libinit2.o(.ARM.Collect$$libinit$$00000015)
    .ARM.Collect$$libinit$$00000017          0x0000021a   Section        0  libinit2.o(.ARM.Collect$$libinit$$00000017)
    .ARM.Collect$$libinit$$00000019          0x0000021a   Section        0  libinit2.o(.ARM.Collect$$libinit$$00000019)
    .ARM.Collect$$libinit$$0000001B          0x0000021a   Section        0  libinit2.o(.ARM.Collect$$libinit$$0000001B)
    .ARM.Collect$$libinit$$0000001D          0x0000021a   Section        0  libinit2.o(.ARM.Collect$$libinit$$0000001D)
    .ARM.Collect$$libinit$$0000001F          0x0000021a   Section        0  libinit2.o(.ARM.Collect$$libinit$$0000001F)
    .ARM.Collect$$libinit$$00000021          0x0000021a   Section        0  libinit2.o(.ARM.Collect$$libinit$$00000021)
    .ARM.Collect$$libinit$$00000023          0x0000021a   Section        0  libinit2.o(.ARM.Collect$$libinit$$00000023)
    .ARM.Collect$$libinit$$00000025          0x0000021a   Section        0  libinit2.o(.ARM.Collect$$libinit$$00000025)
    .ARM.Collect$$libinit$$0000002C          0x0000021a   Section        0  libinit2.o(.ARM.Collect$$libinit$$0000002C)
    .ARM.Collect$$libinit$$0000002E          0x0000021a   Section        0  libinit2.o(.ARM.Collect$$libinit$$0000002E)
    .ARM.Collect$$libinit$$00000030          0x0000021a   Section        0  libinit2.o(.ARM.Collect$$libinit$$00000030)
    .ARM.Collect$$libinit$$00000032          0x0000021a   Section        0  libinit2.o(.ARM.Collect$$libinit$$00000032)
    .ARM.Collect$$libinit$$00000033          0x0000021a   Section       12  libinit2.o(.ARM.Collect$$libinit$$00000033)
    .ARM.Collect$$libshutdown$$00000000      0x00000230   Section        4  libshutdown.o(.ARM.Collect$$libshutdown$$00000000)
    .ARM.Collect$$libshutdown$$00000003      0x00000234   Section        0  libshutdown2.o(.ARM.Collect$$libshutdown$$00000003)
    .ARM.Collect$$libshutdown$$00000006      0x00000234   Section        0  libshutdown2.o(.ARM.Collect$$libshutdown$$00000006)
    .ARM.Collect$$libshutdown$$00000009      0x00000234   Section        0  libshutdown2.o(.ARM.Collect$$libshutdown$$00000009)
    .ARM.Collect$$libshutdown$$0000000B      0x00000234   Section        0  libshutdown2.o(.ARM.Collect$$libshutdown$$0000000B)
    .ARM.Collect$$libshutdown$$0000000E      0x00000234   Section        0  libshutdown2.o(.ARM.Collect$$libshutdown$$0000000E)
    .ARM.Collect$$libshutdown$$0000000F      0x00000234   Section        6  libshutdown2.o(.ARM.Collect$$libshutdown$$0000000F)
    .ARM.Collect$$rtentry$$00000000          0x0000023c   Section        0  __rtentry.o(.ARM.Collect$$rtentry$$00000000)
    .ARM.Collect$$rtentry$$00000002          0x0000023c   Section        0  __rtentry2.o(.ARM.Collect$$rtentry$$00000002)
    .ARM.Collect$$rtentry$$00000004          0x0000023c   Section        8  __rtentry4.o(.ARM.Collect$$rtentry$$00000004)
    .ARM.Collect$$rtentry$$00000009          0x00000244   Section        0  __rtentry2.o(.ARM.Collect$$rtentry$$00000009)
    .ARM.Collect$$rtentry$$0000000A          0x00000244   Section        4  __rtentry2.o(.ARM.Collect$$rtentry$$0000000A)
    .ARM.Collect$$rtentry$$0000000C          0x00000248   Section        0  __rtentry2.o(.ARM.Collect$$rtentry$$0000000C)
    .ARM.Collect$$rtentry$$0000000D          0x00000248   Section       40  __rtentry2.o(.ARM.Collect$$rtentry$$0000000D)
    .ARM.Collect$$rtexit$$00000000           0x00000274   Section        4  rtexit.o(.ARM.Collect$$rtexit$$00000000)
    .ARM.Collect$$rtexit$$00000002           0x00000278   Section        0  rtexit2.o(.ARM.Collect$$rtexit$$00000002)
    .ARM.Collect$$rtexit$$00000003           0x00000278   Section        4  rtexit2.o(.ARM.Collect$$rtexit$$00000003)
    .ARM.Collect$$rtexit$$00000004           0x0000027c   Section        8  rtexit2.o(.ARM.Collect$$rtexit$$00000004)
    .text                                    0x00000284   Section       32  lpc2300.o(.text)
    .text                                    0x000002a4   Section        0  heapauxi.o(.text)
    .text                                    0x000002ac   Section       96  sys_stackheap_outer.o(.text)
    .text                                    0x0000030c   Section        0  exit.o(.text)
    .text                                    0x00000318   Section       12  libspace.o(.text)
    .text                                    0x0000032c   Section        0  sys_exit.o(.text)
    .text                                    0x00000338   Section        4  use_no_semi.o(.text)
    .text                                    0x0000033c   Section        0  indicate_semi.o(.text)
    i.CAN_Init                               0x0000033c   Section        0  can_api.o(i.CAN_Init)
    i.CAN_Interrupt_Handler                  0x000004cc   Section        0  can_api.o(i.CAN_Interrupt_Handler)
    i.CAN_Receive_Message                    0x000005e4   Section        0  can_api.o(i.CAN_Receive_Message)
    i.CAN_Set_Acceptance_Filter_Mode         0x000007d4   Section        0  can_api.o(i.CAN_Set_Acceptance_Filter_Mode)
    i.CAN_Set_Acceptance_LUT_RAM             0x00000870   Section        0  can_api.o(i.CAN_Set_Acceptance_LUT_RAM)
    i.main                                   0x00000d24   Section        0  can_test_rx.o(i.main)
    .constdata                               0x00000d44   Section      128  can_api.o(.constdata)
    .data                                    0x40000000   Section       40  can_api.o(.data)
    .bss                                     0x40000028   Section      656  can_api.o(.bss)
    .bss                                     0x400002b8   Section       96  libspace.o(.bss)
    HEAP                                     0x40000318   Section        0  lpc2300.o(HEAP)
    STACK                                    0x40000318   Section     1288  lpc2300.o(STACK)
    Heap_Mem                                 0x40000318   Data           0  lpc2300.o(HEAP)
    Stack_Mem                                0x40000318   Data        1024  lpc2300.o(STACK)
    Stack_Top                                0x40000820   Data           0  lpc2300.o(STACK)

    Global Symbols

    Symbol Name                              Value     Ov Type        Size  Object(Section)

    BuildAttributes$$THM_ISAv1$ARM_ISAv4$S$PE$A:L22$X:L11$S22$IEEE1$IW$USESV6$~STKCKD$USESV7$~SHL$OSPACE$ROPI$EBA8$UX$STANDARDLIB$REQ8$PRES8$EABIv2 0x00000000   Number         0  anon$$obj.o ABSOLUTE
    __ARM_use_no_argv                        0x00000000   Number         0  can_test_rx.o ABSOLUTE
    __ARM_exceptions_init                     - Undefined Weak Reference
    __alloca_initialize                       - Undefined Weak Reference
    __arm_preinit_                            - Undefined Weak Reference
    __cpp_initialize__aeabi_                  - Undefined Weak Reference
    __cxa_finalize                            - Undefined Weak Reference
    __rt_locale                               - Undefined Weak Reference
    __sigvec_lookup                           - Undefined Weak Reference
    _atexit_init                              - Undefined Weak Reference
    _call_atexit_fns                          - Undefined Weak Reference
    _clock_init                               - Undefined Weak Reference
    _fp_trap_init                             - Undefined Weak Reference
    _fp_trap_shutdown                         - Undefined Weak Reference
    _get_lc_collate                           - Undefined Weak Reference
    _get_lc_ctype                             - Undefined Weak Reference
    _get_lc_monetary                          - Undefined Weak Reference
    _get_lc_numeric                           - Undefined Weak Reference
    _get_lc_time                              - Undefined Weak Reference
    _getenv_init                              - Undefined Weak Reference
    _handle_redirection                       - Undefined Weak Reference
    _init_alloc                               - Undefined Weak Reference
    _init_user_alloc                          - Undefined Weak Reference
    _initio                                   - Undefined Weak Reference
    _rand_init                                - Undefined Weak Reference
    _signal_finish                            - Undefined Weak Reference
    _signal_init                              - Undefined Weak Reference
    _terminate_alloc                          - Undefined Weak Reference
    _terminate_user_alloc                     - Undefined Weak Reference
    _terminateio                              - Undefined Weak Reference
    Reset_Handler                            0x00000058   ARM Code       0  lpc2300.o(RESET)
    __main                                   0x00000178   ARM Code       8  __main.o(!!!main)
    __scatterload                            0x00000180   ARM Code       0  __scatter.o(!!!scatter)
    __scatterload_rt2                        0x00000180   ARM Code      52  __scatter.o(!!!scatter)
    __scatterload_null                       0x00000194   ARM Code       0  __scatter.o(!!!scatter)
    __scatterload_copy                       0x000001bc   ARM Code      40  __scatter_copy.o(!!handler_copy)
    __scatterload_zeroinit                   0x000001e4   ARM Code      44  __scatter_zi.o(!!handler_zi)
    Inline ARM to Thumb Veneer to __rt_lib_init 0x00000210   ARM Code       8  libinit.o(.ARM.Collect$$libinit$$00000000)
    __rt_lib_init                            0x00000219   Thumb Code     0  libinit.o(.ARM.Collect$$libinit$$00000000)
    __rt_lib_init_alloca_1                   0x0000021b   Thumb Code     0  libinit2.o(.ARM.Collect$$libinit$$0000002E)
    __rt_lib_init_argv_1                     0x0000021b   Thumb Code     0  libinit2.o(.ARM.Collect$$libinit$$0000002C)
    __rt_lib_init_atexit_1                   0x0000021b   Thumb Code     0  libinit2.o(.ARM.Collect$$libinit$$0000001B)
    __rt_lib_init_clock_1                    0x0000021b   Thumb Code     0  libinit2.o(.ARM.Collect$$libinit$$00000021)
    __rt_lib_init_cpp_1                      0x0000021b   Thumb Code     0  libinit2.o(.ARM.Collect$$libinit$$00000032)
    __rt_lib_init_exceptions_1               0x0000021b   Thumb Code     0  libinit2.o(.ARM.Collect$$libinit$$00000030)
    __rt_lib_init_fp_1                       0x0000021b   Thumb Code     0  libinit2.o(.ARM.Collect$$libinit$$00000002)
    __rt_lib_init_fp_trap_1                  0x0000021b   Thumb Code     0  libinit2.o(.ARM.Collect$$libinit$$0000001F)
    __rt_lib_init_getenv_1                   0x0000021b   Thumb Code     0  libinit2.o(.ARM.Collect$$libinit$$00000023)
    __rt_lib_init_heap_1                     0x0000021b   Thumb Code     0  libinit2.o(.ARM.Collect$$libinit$$0000000A)
    __rt_lib_init_lc_collate_1               0x0000021b   Thumb Code     0  libinit2.o(.ARM.Collect$$libinit$$00000011)
    __rt_lib_init_lc_ctype_1                 0x0000021b   Thumb Code     0  libinit2.o(.ARM.Collect$$libinit$$00000013)
    __rt_lib_init_lc_monetary_1              0x0000021b   Thumb Code     0  libinit2.o(.ARM.Collect$$libinit$$00000015)
    __rt_lib_init_lc_numeric_1               0x0000021b   Thumb Code     0  libinit2.o(.ARM.Collect$$libinit$$00000017)
    __rt_lib_init_lc_time_1                  0x0000021b   Thumb Code     0  libinit2.o(.ARM.Collect$$libinit$$00000019)
    __rt_lib_init_preinit_1                  0x0000021b   Thumb Code     0  libinit2.o(.ARM.Collect$$libinit$$00000004)
    __rt_lib_init_rand_1                     0x0000021b   Thumb Code     0  libinit2.o(.ARM.Collect$$libinit$$0000000E)
    __rt_lib_init_return                     0x0000021b   Thumb Code     0  libinit2.o(.ARM.Collect$$libinit$$00000033)
    __rt_lib_init_signal_1                   0x0000021b   Thumb Code     0  libinit2.o(.ARM.Collect$$libinit$$0000001D)
    __rt_lib_init_stdio_1                    0x0000021b   Thumb Code     0  libinit2.o(.ARM.Collect$$libinit$$00000025)
    __rt_lib_init_user_alloc_1               0x0000021b   Thumb Code     0  libinit2.o(.ARM.Collect$$libinit$$0000000C)
    Inline ARM to Thumb Veneer to __rt_lib_shutdown 0x00000228   ARM Code       8  libshutdown.o(.ARM.Collect$$libshutdown$$00000000)
    __rt_lib_shutdown                        0x00000231   Thumb Code     0  libshutdown.o(.ARM.Collect$$libshutdown$$00000000)
    __rt_lib_shutdown_fp_trap_1              0x00000235   Thumb Code     0  libshutdown2.o(.ARM.Collect$$libshutdown$$00000006)
    __rt_lib_shutdown_heap_1                 0x00000235   Thumb Code     0  libshutdown2.o(.ARM.Collect$$libshutdown$$0000000E)
    __rt_lib_shutdown_return                 0x00000235   Thumb Code     0  libshutdown2.o(.ARM.Collect$$libshutdown$$0000000F)
    __rt_lib_shutdown_signal_1               0x00000235   Thumb Code     0  libshutdown2.o(.ARM.Collect$$libshutdown$$00000009)
    __rt_lib_shutdown_stdio_1                0x00000235   Thumb Code     0  libshutdown2.o(.ARM.Collect$$libshutdown$$00000003)
    __rt_lib_shutdown_user_alloc_1           0x00000235   Thumb Code     0  libshutdown2.o(.ARM.Collect$$libshutdown$$0000000B)
    __rt_entry                               0x0000023c   ARM Code       0  __rtentry.o(.ARM.Collect$$rtentry$$00000000)
    __rt_entry_presh_1                       0x0000023c   ARM Code       0  __rtentry2.o(.ARM.Collect$$rtentry$$00000002)
    __rt_entry_sh                            0x0000023c   ARM Code       0  __rtentry4.o(.ARM.Collect$$rtentry$$00000004)
    __rt_entry_li                            0x00000244   ARM Code       0  __rtentry2.o(.ARM.Collect$$rtentry$$0000000A)
    __rt_entry_postsh_1                      0x00000244   ARM Code       0  __rtentry2.o(.ARM.Collect$$rtentry$$00000009)
    __rt_entry_main                          0x00000248   ARM Code       0  __rtentry2.o(.ARM.Collect$$rtentry$$0000000D)
    __rt_entry_postli_1                      0x00000248   ARM Code       0  __rtentry2.o(.ARM.Collect$$rtentry$$0000000C)
    Inline Thumb to ARM Veneer to __rt_exit  0x00000271   Thumb Code     4  rtexit.o(.ARM.Collect$$rtexit$$00000000)
    __rt_exit                                0x00000274   ARM Code       0  rtexit.o(.ARM.Collect$$rtexit$$00000000)
    __rt_exit_ls                             0x00000278   ARM Code       0  rtexit2.o(.ARM.Collect$$rtexit$$00000003)
    __rt_exit_prels_1                        0x00000278   ARM Code       0  rtexit2.o(.ARM.Collect$$rtexit$$00000002)
    __rt_exit_exit                           0x0000027c   ARM Code       0  rtexit2.o(.ARM.Collect$$rtexit$$00000004)
    __user_initial_stackheap                 0x00000284   ARM Code       0  lpc2300.o(.text)
    __use_two_region_memory                  0x000002a5   Thumb Code     2  heapauxi.o(.text)
    __rt_heap_escrow$2region                 0x000002a7   Thumb Code     2  heapauxi.o(.text)
    __rt_heap_expand$2region                 0x000002a9   Thumb Code     2  heapauxi.o(.text)
    __user_setup_stackheap                   0x000002ac   ARM Code      96  sys_stackheap_outer.o(.text)
    exit                                     0x0000030d   Thumb Code    12  exit.o(.text)
    __user_libspace                          0x00000318   ARM Code      12  libspace.o(.text)
    __user_perproc_libspace                  0x00000318   ARM Code       0  libspace.o(.text)
    __user_perthread_libspace                0x00000318   ARM Code       0  libspace.o(.text)
    Inline ARM to Thumb Veneer to _sys_exit  0x00000324   ARM Code       8  sys_exit.o(.text)
    _sys_exit                                0x0000032d   Thumb Code     8  sys_exit.o(.text)
    __I$use$semihosting                      0x00000338   ARM Code       0  use_no_semi.o(.text)
    __use_no_semihosting_swi                 0x00000338   ARM Code       4  use_no_semi.o(.text)
    CAN_Init                                 0x0000033c   ARM Code     372  can_api.o(i.CAN_Init)
    __semihosting_library_function           0x0000033c   ARM Code       0  indicate_semi.o(.text)
    CAN_Interrupt_Handler                    0x000004cc   ARM Code     244  can_api.o(i.CAN_Interrupt_Handler)
    CAN_Receive_Message                      0x000005e4   ARM Code     480  can_api.o(i.CAN_Receive_Message)
    CAN_Set_Acceptance_Filter_Mode           0x000007d4   ARM Code     148  can_api.o(i.CAN_Set_Acceptance_Filter_Mode)
    CAN_Set_Acceptance_LUT_RAM               0x00000870   ARM Code    1156  can_api.o(i.CAN_Set_Acceptance_LUT_RAM)
    main                                     0x00000d24   ARM Code      28  can_test_rx.o(i.main)
    CAN1_Number_FullCAN_ID                   0x00000d44   Data           4  can_api.o(.constdata)
    CAN1_Array_FullCAN_IDs                   0x00000d48   Data           2  can_api.o(.constdata)
    CAN1_Number_SFF_EXP_ID                   0x00000d4c   Data           4  can_api.o(.constdata)
    CAN1_Array_SFF_EXP_IDs                   0x00000d50   Data           6  can_api.o(.constdata)
    CAN1_Number_GRP_SFF_ID                   0x00000d58   Data           4  can_api.o(.constdata)
    CAN1_Array_GRP_SFF_IDs                   0x00000d5c   Data           8  can_api.o(.constdata)
    CAN1_Number_EXP_EXT_ID                   0x00000d64   Data           4  can_api.o(.constdata)
    CAN1_Array_EXP_EXT_IDs                   0x00000d68   Data           8  can_api.o(.constdata)
    CAN1_Number_GRP_EXT_ID                   0x00000d70   Data           4  can_api.o(.constdata)
    CAN1_Array_GRP_EXT_IDs                   0x00000d74   Data          16  can_api.o(.constdata)
    CAN2_Number_FullCAN_ID                   0x00000d84   Data           4  can_api.o(.constdata)
    CAN2_Array_FullCAN_IDs                   0x00000d88   Data           4  can_api.o(.constdata)
    CAN2_Number_SFF_EXP_ID                   0x00000d8c   Data           4  can_api.o(.constdata)
    CAN2_Array_SFF_EXP_IDs                   0x00000d90   Data           6  can_api.o(.constdata)
    CAN2_Number_GRP_SFF_ID                   0x00000d98   Data           4  can_api.o(.constdata)
    CAN2_Array_GRP_SFF_IDs                   0x00000d9c   Data           8  can_api.o(.constdata)
    CAN2_Number_EXP_EXT_ID                   0x00000da4   Data           4  can_api.o(.constdata)
    CAN2_Array_EXP_EXT_IDs                   0x00000da8   Data           8  can_api.o(.constdata)
    CAN2_Number_GRP_EXT_ID                   0x00000db0   Data           4  can_api.o(.constdata)
    CAN2_Array_GRP_EXT_IDs                   0x00000db4   Data          16  can_api.o(.constdata)
    Region$$Table$$Base                      0x00000dc4   Number         0  anon$$obj.o(Region$$Table)
    Region$$Table$$Limit                     0x00000de4   Number         0  anon$$obj.o(Region$$Table)
    VIC_Regs_ptr                             0x40000000   Data           4  can_api.o(.data)
    CAN_Regs_ptr                             0x40000004   Data           4  can_api.o(.data)
    CAN_Init_Done                            0x40000008   Data           4  can_api.o(.data)
    CAN_Rx_Done                              0x4000000c   Data           4  can_api.o(.data)
    CAN_Tx_Done                              0x40000010   Data           4  can_api.o(.data)
    CAN_LUT_RAM_layout_done                  0x40000014   Data           4  can_api.o(.data)
    CAN1_ErrCount                            0x40000018   Data           4  can_api.o(.data)
    CAN2_ErrCount                            0x4000001c   Data           4  can_api.o(.data)
    CAN1_Counter_RX                          0x40000020   Data           4  can_api.o(.data)
    CAN2_Counter_RX                          0x40000024   Data           4  can_api.o(.data)
    Received_Message                         0x40000028   Data          16  can_api.o(.bss)
    CAN1_RX_messages                         0x40000038   Data         320  can_api.o(.bss)
    CAN2_RX_messages                         0x40000178   Data         320  can_api.o(.bss)
    __libspace_start                         0x400002b8   Data          96  libspace.o(.bss)
    __temporary_stack_top$libspace           0x40000318   Data           0  libspace.o(.bss)



==============================================================================

Memory Map of the image

  Image Entry point : 0x00000178

  Load Region LR_IROM1 (Base: 0x00000000, Size: 0x00000e0c, Max: 0x00080000, ABSOLUTE)

    Execution Region ER_IROM1 (Base: 0x00000000, Size: 0x00000de4, Max: 0x00080000, ABSOLUTE)

    Base Addr    Size         Type   Attr      Idx    E Section Name        Object

    0x00000000   0x00000178   Code   RO            3    RESET               lpc2300.o
    0x00000178   0x00000008   Code   RO           93  * !!!main             c_t.l(__main.o)
    0x00000180   0x0000003c   Code   RO          251    !!!scatter          c_t.l(__scatter.o)
    0x000001bc   0x00000028   Code   RO          253    !!handler_copy      c_t.l(__scatter_copy.o)
    0x000001e4   0x0000002c   Code   RO          255    !!handler_zi        c_t.l(__scatter_zi.o)
    0x00000210   0x00000008   Ven    RO          120    .ARM.Collect$$libinit$$00000000  c_t.l(libinit.o)
    0x00000218   0x00000002   Code   RO          120    .ARM.Collect$$libinit$$00000000  c_t.l(libinit.o)
    0x0000021a   0x00000000   Code   RO          127    .ARM.Collect$$libinit$$00000002  c_t.l(libinit2.o)
    0x0000021a   0x00000000   Code   RO          129    .ARM.Collect$$libinit$$00000004  c_t.l(libinit2.o)
    0x0000021a   0x00000000   Code   RO          132    .ARM.Collect$$libinit$$0000000A  c_t.l(libinit2.o)
    0x0000021a   0x00000000   Code   RO          134    .ARM.Collect$$libinit$$0000000C  c_t.l(libinit2.o)
    0x0000021a   0x00000000   Code   RO          136    .ARM.Collect$$libinit$$0000000E  c_t.l(libinit2.o)
    0x0000021a   0x00000000   Code   RO          139    .ARM.Collect$$libinit$$00000011  c_t.l(libinit2.o)
    0x0000021a   0x00000000   Code   RO          141    .ARM.Collect$$libinit$$00000013  c_t.l(libinit2.o)
    0x0000021a   0x00000000   Code   RO          143    .ARM.Collect$$libinit$$00000015  c_t.l(libinit2.o)
    0x0000021a   0x00000000   Code   RO          145    .ARM.Collect$$libinit$$00000017  c_t.l(libinit2.o)
    0x0000021a   0x00000000   Code   RO          147    .ARM.Collect$$libinit$$00000019  c_t.l(libinit2.o)
    0x0000021a   0x00000000   Code   RO          149    .ARM.Collect$$libinit$$0000001B  c_t.l(libinit2.o)
    0x0000021a   0x00000000   Code   RO          151    .ARM.Collect$$libinit$$0000001D  c_t.l(libinit2.o)
    0x0000021a   0x00000000   Code   RO          153    .ARM.Collect$$libinit$$0000001F  c_t.l(libinit2.o)
    0x0000021a   0x00000000   Code   RO          155    .ARM.Collect$$libinit$$00000021  c_t.l(libinit2.o)
    0x0000021a   0x00000000   Code   RO          157    .ARM.Collect$$libinit$$00000023  c_t.l(libinit2.o)
    0x0000021a   0x00000000   Code   RO          159    .ARM.Collect$$libinit$$00000025  c_t.l(libinit2.o)
    0x0000021a   0x00000000   Code   RO          163    .ARM.Collect$$libinit$$0000002C  c_t.l(libinit2.o)
    0x0000021a   0x00000000   Code   RO          165    .ARM.Collect$$libinit$$0000002E  c_t.l(libinit2.o)
    0x0000021a   0x00000000   Code   RO          167    .ARM.Collect$$libinit$$00000030  c_t.l(libinit2.o)
    0x0000021a   0x00000000   Code   RO          169    .ARM.Collect$$libinit$$00000032  c_t.l(libinit2.o)
    0x0000021a   0x0000000c   Code   RO          170    .ARM.Collect$$libinit$$00000033  c_t.l(libinit2.o)
    0x00000226   0x00000002   PAD
    0x00000228   0x00000008   Ven    RO          190    .ARM.Collect$$libshutdown$$00000000  c_t.l(libshutdown.o)
    0x00000230   0x00000004   Code   RO          190    .ARM.Collect$$libshutdown$$00000000  c_t.l(libshutdown.o)
    0x00000234   0x00000000   Code   RO          204    .ARM.Collect$$libshutdown$$00000003  c_t.l(libshutdown2.o)
    0x00000234   0x00000000   Code   RO          207    .ARM.Collect$$libshutdown$$00000006  c_t.l(libshutdown2.o)
    0x00000234   0x00000000   Code   RO          210    .ARM.Collect$$libshutdown$$00000009  c_t.l(libshutdown2.o)
    0x00000234   0x00000000   Code   RO          212    .ARM.Collect$$libshutdown$$0000000B  c_t.l(libshutdown2.o)
    0x00000234   0x00000000   Code   RO          215    .ARM.Collect$$libshutdown$$0000000E  c_t.l(libshutdown2.o)
    0x00000234   0x00000006   Code   RO          216    .ARM.Collect$$libshutdown$$0000000F  c_t.l(libshutdown2.o)
    0x0000023a   0x00000002   PAD
    0x0000023c   0x00000000   Code   RO           95    .ARM.Collect$$rtentry$$00000000  c_t.l(__rtentry.o)
    0x0000023c   0x00000000   Code   RO           97    .ARM.Collect$$rtentry$$00000002  c_t.l(__rtentry2.o)
    0x0000023c   0x00000008   Code   RO          109    .ARM.Collect$$rtentry$$00000004  c_t.l(__rtentry4.o)
    0x00000244   0x00000000   Code   RO           99    .ARM.Collect$$rtentry$$00000009  c_t.l(__rtentry2.o)
    0x00000244   0x00000004   Code   RO          100    .ARM.Collect$$rtentry$$0000000A  c_t.l(__rtentry2.o)
    0x00000248   0x00000000   Code   RO          102    .ARM.Collect$$rtentry$$0000000C  c_t.l(__rtentry2.o)
    0x00000248   0x00000028   Code   RO          103    .ARM.Collect$$rtentry$$0000000D  c_t.l(__rtentry2.o)
    0x00000270   0x00000004   Ven    RO          124    .ARM.Collect$$rtexit$$00000000  c_t.l(rtexit.o)
    0x00000274   0x00000004   Code   RO          124    .ARM.Collect$$rtexit$$00000000  c_t.l(rtexit.o)
    0x00000278   0x00000000   Code   RO          172    .ARM.Collect$$rtexit$$00000002  c_t.l(rtexit2.o)
    0x00000278   0x00000004   Code   RO          173    .ARM.Collect$$rtexit$$00000003  c_t.l(rtexit2.o)
    0x0000027c   0x00000008   Code   RO          174    .ARM.Collect$$rtexit$$00000004  c_t.l(rtexit2.o)
    0x00000284   0x00000020   Code   RO            4    .text               lpc2300.o
    0x000002a4   0x00000006   Code   RO           91    .text               c_t.l(heapauxi.o)
    0x000002aa   0x00000002   PAD
    0x000002ac   0x00000060   Code   RO          111    .text               c_t.l(sys_stackheap_outer.o)
    0x0000030c   0x0000000c   Code   RO          113    .text               c_t.l(exit.o)
    0x00000318   0x0000000c   Code   RO          121    .text               c_t.l(libspace.o)
    0x00000324   0x00000008   Ven    RO          182    .text               c_t.l(sys_exit.o)
    0x0000032c   0x0000000c   Code   RO          182    .text               c_t.l(sys_exit.o)
    0x00000338   0x00000004   Code   RO          193    .text               c_t.l(use_no_semi.o)
    0x0000033c   0x00000000   Code   RO          195    .text               c_t.l(indicate_semi.o)
    0x0000033c   0x00000190   Code   RO           11    i.CAN_Init          can_api.o
    0x000004cc   0x00000118   Code   RO           12    i.CAN_Interrupt_Handler  can_api.o
    0x000005e4   0x000001f0   Code   RO           13    i.CAN_Receive_Message  can_api.o
    0x000007d4   0x0000009c   Code   RO           15    i.CAN_Set_Acceptance_Filter_Mode  can_api.o
    0x00000870   0x000004b4   Code   RO           16    i.CAN_Set_Acceptance_LUT_RAM  can_api.o
    0x00000d24   0x00000020   Code   RO           71    i.main              can_test_rx.o
    0x00000d44   0x00000080   Data   RO           18    .constdata          can_api.o
    0x00000dc4   0x00000020   Data   RO          249    Region$$Table       anon$$obj.o


    Execution Region RW_IRAM1 (Base: 0x40000000, Size: 0x00000820, Max: 0x00008000, ABSOLUTE)

    Base Addr    Size         Type   Attr      Idx    E Section Name        Object

    0x40000000   0x00000028   Data   RW           19    .data               can_api.o
    0x40000028   0x00000290   Zero   RW           17    .bss                can_api.o
    0x400002b8   0x00000060   Zero   RW          122    .bss                c_t.l(libspace.o)
    0x40000318   0x00000000   Zero   RW            2    HEAP                lpc2300.o
    0x40000318   0x00000508   Zero   RW            1    STACK               lpc2300.o


==============================================================================

Image component sizes


      Code (inc. data)   RO Data    RW Data    ZI Data      Debug   Object Name

      2536        136        128         40        656      13764   can_api.o
        32          4          0          0          0        427   can_test_rx.o
       408         64          0          0       1288        608   lpc2300.o

    ----------------------------------------------------------------------
      2976        204        160         40       1944      14799   Object Totals
         0          0         32          0          0          0   (incl. Generated)
         0          0          0          0          0          0   (incl. Padding)

    ----------------------------------------------------------------------

      Code (inc. data)   RO Data    RW Data    ZI Data      Debug   Library Member Name

         8          0          0          0          0         68   __main.o
         0          0          0          0          0          0   __rtentry.o
        44          4          0          0          0          0   __rtentry2.o
         8          0          0          0          0          0   __rtentry4.o
        60          8          0          0          0          0   __scatter.o
        40          0          0          0          0          0   __scatter_copy.o
        44          0          0          0          0          0   __scatter_zi.o
        12          0          0          0          0         64   exit.o
         6          0          0          0          0        136   heapauxi.o
         0          0          0          0          0          0   indicate_semi.o
        10          0          0          0          0          0   libinit.o
        12          0          0          0          0          0   libinit2.o
        12          0          0          0          0          0   libshutdown.o
         6          0          0          0          0          0   libshutdown2.o
        12          4          0          0         96         68   libspace.o
         8          0          0          0          0          0   rtexit.o
        12          0          0          0          0          0   rtexit2.o
        20          4          0          0          0         60   sys_exit.o
        96          0          0          0          0         80   sys_stackheap_outer.o
         4          0          0          0          0         68   use_no_semi.o

    ----------------------------------------------------------------------
       420         20          0          0         96        544   Library Totals
         6          0          0          0          0          0   (incl. Padding)

    ----------------------------------------------------------------------

      Code (inc. data)   RO Data    RW Data    ZI Data      Debug   Library Name

       414         20          0          0         96        544   c_t.l

    ----------------------------------------------------------------------
       420         20          0          0         96        544   Library Totals

    ----------------------------------------------------------------------

==============================================================================


      Code (inc. data)   RO Data    RW Data    ZI Data      Debug   

      3396        224        160         40       2040      15095   Grand Totals
      3396        224        160         40       2040      15095   ELF Image Totals
      3396        224        160         40          0          0   ROM Totals

==============================================================================

    Total RO  Size (Code + RO Data)                 3556 (   3.47kB)
    Total RW  Size (RW Data + ZI Data)              2080 (   2.03kB)
    Total ROM Size (Code + RO Data + RW Data)       3596 (   3.51kB)

==============================================================================

