Component: ARM Compiler 5.05 update 1 (build 106) Tool: armlink [4d0efa]

==============================================================================

Section Cross References

    lpc2300_asm.o(RESET) refers to lpc2300_asm.o(STACK) for Stack_Top
    lpc2300_asm.o(RESET) refers to uart_tx_test.o(UART_TX_Test) for start
    uart_tx_test.o(UART_TX_Test) refers to uart_init.o(UART_asm1) for UART_init
    uart_tx_test.o(UART_TX_Test) refers to uart_putchar.o(PutChar_UART) for UART_PutChar
    uart_tx_test.o(UART_TX_Test) refers to uart_tx_test.o(String_Block) for MyString


==============================================================================

Removing Unused input sections from the image.

    Removing lpc2300_asm.o(HEAP), (0 bytes).

1 unused section(s) (total 0 bytes) removed from the image.

==============================================================================

Image Symbol Table

    Local Symbols

    Symbol Name                              Value     Ov Type        Size  Object(Section)

    RESET                                    0x00000000   Section      364  lpc2300_asm.o(RESET)
    LPC2300_asm.s                            0x00000000   Number         0  lpc2300_asm.o ABSOLUTE
    UART_PutChar.s                           0x00000000   Number         0  uart_putchar.o ABSOLUTE
    UART_TX_Test.s                           0x00000000   Number         0  uart_tx_test.o ABSOLUTE
    UART_init.s                              0x00000000   Number         0  uart_init.o ABSOLUTE
    Undef_Handler                            0x00000040   ARM Code       4  lpc2300_asm.o(RESET)
    SWI_Handler                              0x00000044   ARM Code       4  lpc2300_asm.o(RESET)
    PAbt_Handler                             0x00000048   ARM Code       4  lpc2300_asm.o(RESET)
    DAbt_Handler                             0x0000004c   ARM Code       4  lpc2300_asm.o(RESET)
    IRQ_Handler                              0x00000050   ARM Code       4  lpc2300_asm.o(RESET)
    FIQ_Handler                              0x00000054   ARM Code       4  lpc2300_asm.o(RESET)
    PutChar_UART                             0x0000016c   Section       76  uart_putchar.o(PutChar_UART)
    UART_TX_Test                             0x000001b8   Section       56  uart_tx_test.o(UART_TX_Test)
    UART_asm1                                0x000001f0   Section      232  uart_init.o(UART_asm1)
    String_Block                             0x000002d8   Section       14  uart_tx_test.o(String_Block)
    MyString                                 0x000002d8   Data          14  uart_tx_test.o(String_Block)
    STACK                                    0x40000000   Section     1544  lpc2300_asm.o(STACK)
    Stack_Top                                0x40000608   Data           0  lpc2300_asm.o(STACK)

    Global Symbols

    Symbol Name                              Value     Ov Type        Size  Object(Section)

    BuildAttributes$$THM_ISAv1$ARM_ISAv4$S$PE$A:L22$X:L11$S22$IEEE1$IW$USESV6$~STKCKD$USESV7$~SHL$OSPACE$EBA8$STANDARDLIB$EABIv2 0x00000000   Number         0  anon$$obj.o ABSOLUTE
    Reset_Handler                            0x00000058   ARM Code       0  lpc2300_asm.o(RESET)
    UART_PutChar                             0x0000016c   ARM Code       0  uart_putchar.o(PutChar_UART)
    start                                    0x000001b8   ARM Code       0  uart_tx_test.o(UART_TX_Test)
    UART_init                                0x000001f0   ARM Code       0  uart_init.o(UART_asm1)



==============================================================================

Memory Map of the image

  Image Entry point : 0x00000000

  Load Region LR_IROM1 (Base: 0x00000000, Size: 0x000002e8, Max: 0x00080000, ABSOLUTE)

    Execution Region ER_IROM1 (Base: 0x00000000, Size: 0x000002e8, Max: 0x00080000, ABSOLUTE)

    Base Addr    Size         Type   Attr      Idx    E Section Name        Object

    0x00000000   0x0000016c   Code   RO            3  * RESET               lpc2300_asm.o
    0x0000016c   0x0000004c   Code   RO           11    PutChar_UART        uart_putchar.o
    0x000001b8   0x00000038   Code   RO           14    UART_TX_Test        uart_tx_test.o
    0x000001f0   0x000000e8   Code   RO            8    UART_asm1           uart_init.o
    0x000002d8   0x0000000e   Data   RO           15    String_Block        uart_tx_test.o


    Execution Region RW_IRAM1 (Base: 0x40000000, Size: 0x00000608, Max: 0x00008000, ABSOLUTE)

    Base Addr    Size         Type   Attr      Idx    E Section Name        Object

    0x40000000   0x00000608   Zero   RW            1    STACK               lpc2300_asm.o


==============================================================================

Image component sizes


      Code (inc. data)   RO Data    RW Data    ZI Data      Debug   Object Name

       364         48          0          0       1544        352   lpc2300_asm.o
       232         40          0          0          0        260   uart_init.o
        76         16          0          0          0        232   uart_putchar.o
        56          4         14          0          0        232   uart_tx_test.o

    ----------------------------------------------------------------------
       728        108         16          0       1544       1076   Object Totals
         0          0          0          0          0          0   (incl. Generated)
         0          0          2          0          0          0   (incl. Padding)

    ----------------------------------------------------------------------
         0          0          0          0          0          0   Library Totals
         0          0          0          0          0          0   (incl. Padding)

    ----------------------------------------------------------------------

==============================================================================


      Code (inc. data)   RO Data    RW Data    ZI Data      Debug   

       728        108         16          0       1544       1076   Grand Totals
       728        108         16          0       1544       1076   ELF Image Totals
       728        108         16          0          0          0   ROM Totals

==============================================================================

    Total RO  Size (Code + RO Data)                  744 (   0.73kB)
    Total RW  Size (RW Data + ZI Data)              1544 (   1.51kB)
    Total ROM Size (Code + RO Data + RW Data)        744 (   0.73kB)

==============================================================================

