<html>
<body>
<pre>
<h1>µVision Build Log</h1>
<h2>Project:</h2>
D:\EMB_NebTib\OthSu\Labor\Labor1\Uebung3\Uebung3.uvproj
Project File Date:  05/13/2015

<h2>Output:</h2>
Rebuild target 'Target 1'
assembling LPC2300_asm.s...
assembling aufg3.s...
linking...
Program Size: Code=512 RO-data=0 RW-data=0 ZI-data=1288  
".\Objects\Uebung3.axf" - 0 Error(s), 0 Warning(s).
Load "D:\\EMB_NebTib\\OthSu\\Labor\\Labor1\\Uebung3\\Objects\\Uebung3.axf" 
Erase Done.
Programming Done.
Verify OK.
Application running ...
</pre>
</body>
</html>
