<html>
<body>
<pre>
<h1>µVision Build Log</h1>
<h2>Tool Versions:</h2>
IDE-Version: µVision V5.14.0.0
Copyright (C) 2015 ARM Ltd and ARM Germany GmbH. All rights reserved.
License Information: ichigo kurosaki, basf, LIC=----
 
Tool Versions:
Toolchain:       MDK-Lite  Version: 5.14.0.0
Toolchain Path:  C:\Keil_v5\ARM\ARMCC\Bin
C Compiler:      Armcc.exe V5.05 update 1 (build 106)
Assembler:       Armasm.exe V5.05 update 1 (build 106)
Linker/Locator:  ArmLink.exe V5.05 update 1 (build 106)
Library Manager: ArmAr.exe V5.05 update 1 (build 106)
Hex Converter:   FromElf.exe V5.05 update 1 (build 106)
CPU DLL:         SARM.DLL V5.14.0.0
Dialog DLL:      DARMP.DLL V1.51
Target DLL:      UL2ARM.DLL V1.74.5.0
Dialog DLL:      TARMP.DLL V1.51
 
<h2>Project:</h2>
C:\Users\m\Desktop\Labor\Labor2\Uebung3\UebungL23.uvproj
Project File Date:  12/09/2016

<h2>Output:</h2>
Rebuild target 'Target 1'
assembling LPC2300.s...
compiling Template_LoopBack_C.c...
assembling UART_init.s...
assembling UART_PutChar.s...
assembling UART_GetChar.s...
linking...
Program Size: Code=1316 RO-data=32 RW-data=24 ZI-data=1384  
".\UebungL23.axf" - 0 Error(s), 0 Warning(s).
</pre>
</body>
</html>
