<html>
<body>
<pre>
<h1>µVision Build Log</h1>
<h2>Project:</h2>
C:\Users\Laborbenutzer\Desktop\Labor\Labor2\Uebung2\UebungL22.uvproj
Project File Date:  05/27/2015

<h2>Output:</h2>
Rebuild target 'Target 1'
assembling LPC2300_asm.s...
assembling UART_GetChar.s...
assembling UART_init.s...
assembling UART_LoopBack_ASM.s...
assembling UART_PutChar.s...
linking...
.\UebungL22.sct(8): warning: L6314W: No section matches pattern *(InRoot$$Sections).
Program Size: Code=784 RO-data=0 RW-data=0 ZI-data=1544  
Finished: 0 information, 1 warning and 0 error messages.
".\UebungL22.axf" - 0 Error(s), 1 Warning(s).
