Product: MDK-ARM Standard 5.10
Component: ARM Compiler 5.04 update 1 (build 49)
Tool: armlink [5040049]

==============================================================================

Section Cross References

    lpc2300_asm.o(RESET) refers to lpc2300_asm.o(STACK) for Stack_Top
    lpc2300_asm.o(RESET) refers to uart_loopback_asm.o(UART_LoopBack_ASM) for start
    uart_loopback_asm.o(UART_LoopBack_ASM) refers to uart_init.o(UART_asm1) for UART_init
    uart_loopback_asm.o(UART_LoopBack_ASM) refers to uart_getchar.o(GetChar_UART) for UART_GetChar
    uart_loopback_asm.o(UART_LoopBack_ASM) refers to uart_putchar.o(PutChar_UART) for UART_PutChar


==============================================================================

Removing Unused input sections from the image.

    Removing lpc2300_asm.o(HEAP), (0 bytes).

1 unused section(s) (total 0 bytes) removed from the image.

==============================================================================

Image Symbol Table

    Local Symbols

    Symbol Name                              Value     Ov Type        Size  Object(Section)

    RESET                                    0x00000000   Section      364  lpc2300_asm.o(RESET)
    LPC2300_asm.s                            0x00000000   Number         0  lpc2300_asm.o ABSOLUTE
    UART_GetChar.s                           0x00000000   Number         0  uart_getchar.o ABSOLUTE
    UART_LoopBack_ASM.s                      0x00000000   Number         0  uart_loopback_asm.o ABSOLUTE
    UART_PutChar.s                           0x00000000   Number         0  uart_putchar.o ABSOLUTE
    UART_init.s                              0x00000000   Number         0  uart_init.o ABSOLUTE
    Undef_Handler                            0x00000040   ARM Code       4  lpc2300_asm.o(RESET)
    SWI_Handler                              0x00000044   ARM Code       4  lpc2300_asm.o(RESET)
    PAbt_Handler                             0x00000048   ARM Code       4  lpc2300_asm.o(RESET)
    DAbt_Handler                             0x0000004c   ARM Code       4  lpc2300_asm.o(RESET)
    IRQ_Handler                              0x00000050   ARM Code       4  lpc2300_asm.o(RESET)
    FIQ_Handler                              0x00000054   ARM Code       4  lpc2300_asm.o(RESET)
    GetChar_UART                             0x0000016c   Section       40  uart_getchar.o(GetChar_UART)
    PutChar_UART                             0x00000194   Section       84  uart_putchar.o(PutChar_UART)
    UART_LoopBack_ASM                        0x000001e8   Section       64  uart_loopback_asm.o(UART_LoopBack_ASM)
    UART_asm1                                0x00000228   Section      232  uart_init.o(UART_asm1)
    STACK                                    0x40000000   Section     1544  lpc2300_asm.o(STACK)
    Stack_Top                                0x40000608   Data           0  lpc2300_asm.o(STACK)

    Global Symbols

    Symbol Name                              Value     Ov Type        Size  Object(Section)

    BuildAttributes$$THM_ISAv1$ARM_ISAv4$S$PE$A:L22$X:L11$S22$IEEE1$IW$USESV6$~STKCKD$USESV7$~SHL$OSPACE$EBA8$STANDARDLIB$EABIv2 0x00000000   Number         0  anon$$obj.o ABSOLUTE
    Reset_Handler                            0x00000058   ARM Code       0  lpc2300_asm.o(RESET)
    UART_GetChar                             0x0000016c   ARM Code       0  uart_getchar.o(GetChar_UART)
    UART_PutChar                             0x00000194   ARM Code       0  uart_putchar.o(PutChar_UART)
    start                                    0x000001e8   ARM Code       0  uart_loopback_asm.o(UART_LoopBack_ASM)
    UART_init                                0x00000228   ARM Code       0  uart_init.o(UART_asm1)



==============================================================================

Memory Map of the image

  Image Entry point : 0x00000000

  Load Region LR_IROM1 (Base: 0x00000000, Size: 0x00000310, Max: 0x00080000, ABSOLUTE)

    Execution Region ER_IROM1 (Base: 0x00000000, Size: 0x00000310, Max: 0x00080000, ABSOLUTE)

    Base Addr    Size         Type   Attr      Idx    E Section Name        Object

    0x00000000   0x0000016c   Code   RO            3  * RESET               lpc2300_asm.o
    0x0000016c   0x00000028   Code   RO            8    GetChar_UART        uart_getchar.o
    0x00000194   0x00000054   Code   RO           17    PutChar_UART        uart_putchar.o
    0x000001e8   0x00000040   Code   RO           14    UART_LoopBack_ASM   uart_loopback_asm.o
    0x00000228   0x000000e8   Code   RO           11    UART_asm1           uart_init.o


    Execution Region RW_IRAM1 (Base: 0x40000000, Size: 0x00000608, Max: 0x00008000, ABSOLUTE)

    Base Addr    Size         Type   Attr      Idx    E Section Name        Object

    0x40000000   0x00000608   Zero   RW            1    STACK               lpc2300_asm.o


==============================================================================

Image component sizes


      Code (inc. data)   RO Data    RW Data    ZI Data      Debug   Object Name

       364         48          0          0       1544        364   lpc2300_asm.o
        40          8          0          0          0        240   uart_getchar.o
       232         40          0          0          0        272   uart_init.o
        64          4          0          0          0        256   uart_loopback_asm.o
        84         16          0          0          0        248   uart_putchar.o

    ----------------------------------------------------------------------
       784        116          0          0       1544       1380   Object Totals
         0          0          0          0          0          0   (incl. Generated)
         0          0          0          0          0          0   (incl. Padding)

    ----------------------------------------------------------------------
         0          0          0          0          0          0   Library Totals
         0          0          0          0          0          0   (incl. Padding)

    ----------------------------------------------------------------------

==============================================================================


      Code (inc. data)   RO Data    RW Data    ZI Data      Debug   

       784        116          0          0       1544       1380   Grand Totals
       784        116          0          0       1544       1380   ELF Image Totals
       784        116          0          0          0          0   ROM Totals

==============================================================================

    Total RO  Size (Code + RO Data)                  784 (   0.77kB)
    Total RW  Size (RW Data + ZI Data)              1544 (   1.51kB)
    Total ROM Size (Code + RO Data + RW Data)        784 (   0.77kB)

==============================================================================

